<html>
<body>
<pre>
<h1>µVision Build Log</h1>
<h2>Tool Versions:</h2>
IDE-Version: ¦ÌVision V5.26.2.0
Copyright (C) 2018 ARM Ltd and ARM Germany GmbH. All rights reserved.
License Information: zhan guomin, sumec, LIC=YA312-9Y9UX-Y7MRW-QFJIW-C7LG4-18RSM
 
Tool Versions:
Toolchain:       MDK-ARM Plus  Version: 5.26.2.0
Toolchain Path:  e:\Keil_v5\ARM\ARMCC\Bin
C Compiler:      Armcc.exe V5.06 update 6 (build 750)
Assembler:       Armasm.exe V5.06 update 6 (build 750)
Linker/Locator:  ArmLink.exe V5.06 update 6 (build 750)
Library Manager: ArmAr.exe V5.06 update 6 (build 750)
Hex Converter:   FromElf.exe V5.06 update 6 (build 750)
CPU DLL:         SARMCM3.DLL V5.26.2.0
Dialog DLL:      DCM.DLL V1.17.2.0
Target DLL:      Segger\JL2CM3.dll V2.99.31.0
Dialog DLL:      TCM.DLL V1.36.1.0
 
<h2>Project:</h2>
F:\Program Files\GitSoft\FreeModbus_Slave-Master-RTT-STM32\RVMDK\FreeModbus_Slave&Master+RTT+STM32.uvprojx
Project File Date:  11/04/2020

<h2>Output:</h2>
*** Using Compiler 'V5.06 update 6 (build 750)', folder: 'e:\Keil_v5\ARM\ARMCC\Bin'
Rebuild target 'STM32F103CBT6_FLASH'
compiling stm32f10x_it.c...
compiling bsp.c...
..\BSP\src\bsp.c(51): warning:  #223-D: function "stm32_hw_pin_init" declared implicitly
  	stm32_hw_pin_init();
..\BSP\src\bsp.c(88): warning:  #177-D: variable "NVIC_InitStructure"  was declared but never referenced
      NVIC_InitTypeDef NVIC_InitStructure;
..\BSP\src\bsp.c(136): warning:  #177-D: function "IWDG_Configuration"  was declared but never referenced
  static void IWDG_Configuration(void) 
..\BSP\src\bsp.c: 3 warnings, 0 errors
compiling app.c...
compiling app_task.c...
assembling context_rvds.S...
..\RT-Thread-1.2.2\libcpu\arm\cortex-m3\context_rvds.S(206): warning: A1581W: Added 2 bytes of padding at address 0xd6
compiling cpuport.c...
..\RT-Thread-1.2.2\libcpu\arm\cortex-m3\cpuport.c(296): warning:  #177-D: variable "context"  was declared but never referenced
      struct stack_frame* context = &exception_info->stack_frame;
..\RT-Thread-1.2.2\libcpu\arm\cortex-m3\cpuport.c: 1 warning, 0 errors
compiling usart.c...
compiling gpio.c...
compiling misc.c...
compiling stm32f10x_adc.c...
compiling stm32f10x_bkp.c...
compiling stm32f10x_crc.c...
compiling stm32f10x_can.c...
compiling stm32f10x_dac.c...
compiling stm32f10x_dbgmcu.c...
compiling stm32f10x_dma.c...
compiling stm32f10x_exti.c...
compiling stm32f10x_flash.c...
compiling stm32f10x_gpio.c...
compiling stm32f10x_i2c.c...
compiling stm32f10x_fsmc.c...
compiling stm32f10x_iwdg.c...
compiling stm32f10x_pwr.c...
compiling stm32f10x_rtc.c...
compiling stm32f10x_rcc.c...
compiling stm32f10x_sdio.c...
compiling stm32f10x_wwdg.c...
compiling stm32f10x_spi.c...
compiling stm32f10x_usart.c...
assembling startup_stm32f10x_md.s...
compiling stm32f10x_tim.c...
compiling core_cm3.c...
compiling clock.c...
compiling cpuusage.c...
compiling idle.c...
compiling device.c...
compiling system_stm32f10x.c...
compiling ipc.c...
compiling irq.c...
compiling mem.c...
compiling kservice.c...
compiling memheap.c...
compiling mempool.c...
compiling module.c...
compiling object.c...
compiling scheduler.c...
compiling slab.c...
compiling thread.c...
compiling timer.c...
compiling completion.c...
compiling dataqueue.c...
compiling pipe.c...
compiling portal.c...
compiling wrokqueue.c...
compiling ringbuffer.c...
compiling pin.c...
compiling serial.c...
compiling mbfuncdiag.c...
compiling mbfunccoils.c...
compiling mb.c...
..\FreeModbus\modbus\mb.c(64): warning:  #550-D: variable "eMBCurrentMode"  was set but never used
  static eMBMode  eMBCurrentMode;
..\FreeModbus\modbus\mb.c: 1 warning, 0 errors
compiling mbfuncdisc.c...
compiling mbfuncholding.c...
compiling mbfuncother.c...
compiling mbfuncinput.c...
compiling mbutils.c...
compiling mbcrc.c...
compiling port.c...
compiling mbrtu.c...
compiling portevent.c...
compiling portserial.c...
compiling porttimer.c...
compiling user_mb_app.c...
compiling mb_m.c...
compiling mbrtu_m.c...
compiling mbfuncholding_m.c...
compiling mbfunccoils_m.c...
compiling mbfuncinput_m.c...
compiling mbfuncdisc_m.c...
compiling portevent_m.c...
compiling portserial_m.c...
compiling porttimer_m.c...
compiling user_mb_app_m.c...
linking...
Program Size: Code=24720 RO-data=1144 RW-data=724 ZI-data=15412  
".\Output\FreeModbus_Slaver&Master+RTT+STM32.axf" - 0 Error(s), 6 Warning(s).

<h2>Software Packages used:</h2>

Package Vendor: ARM
                http://www.keil.com/pack/ARM.CMSIS.5.4.0.pack
                ARM.CMSIS.5.4.0
                CMSIS (Cortex Microcontroller Software Interface Standard)
   * Component: CORE Version: 5.1.2

Package Vendor: Keil
                http://www.keil.com/pack/Keil.STM32F1xx_DFP.2.3.0.pack
                Keil.STM32F1xx_DFP.2.3.0
                STMicroelectronics STM32F1 Series Device Support, Drivers and Examples

<h2>Collection of Component include folders:</h2>
  .\RTE\_STM32F103CBT6_FLASH
  e:\Keil_v5\ARM\PACK\ARM\CMSIS\5.4.0\CMSIS\Core\Include
  e:\Keil_v5\ARM\PACK\Keil\STM32F1xx_DFP\2.3.0\Device\Include

<h2>Collection of Component Files used:</h2>

   * Component: ARM::CMSIS:CORE:5.1.2
Build Time Elapsed:  00:00:27
</pre>
</body>
</html>
