<!doctype html public "-//w3c//dtd html 4.0 transitional//en">
<html><head>
<title>Static Call Graph - [.\Output\FreeModbus_Slaver&Master+RTT+STM32.axf]</title></head>
<body><HR>
<H1>Static Call Graph for image .\Output\FreeModbus_Slaver&Master+RTT+STM32.axf</H1><HR>
<BR><P>#&#060CALLGRAPH&#062# ARM Linker, 5060750: Last Updated: Thu Nov 05 12:19:14 2020
<BR><P>
<H3>Maximum Stack Usage =        288 bytes + Unknown(Functions without stacksize, Cycles, Untraceable Function Pointers)</H3><H3>
Call chain for Maximum Stack Depth:</H3>
thread_entry_ModbusSlavePoll &rArr; eMBInit &rArr; eMBRTUInit &rArr; xMBPortSerialInit &rArr; rt_thread_init &rArr; _rt_thread_init &rArr; rt_timer_init &rArr; rt_object_init &rArr; rt_strncpy
<P>
<H3>
Functions with no stack information
</H3><UL>
 <LI><a href="#[8c]">__user_initial_stackheap</a>
</UL>
</UL>
<P>
<H3>
Mutually Recursive functions
</H3> <LI><a href="#[32]">ADC1_2_IRQHandler</a>&nbsp;&nbsp;&nbsp;&rArr;&nbsp;&nbsp;&nbsp;<a href="#[32]">ADC1_2_IRQHandler</a><BR>
</UL>
<P>
<H3>
Function Pointers
</H3><UL>
 <LI><a href="#[32]">ADC1_2_IRQHandler</a> from startup_stm32f10x_md.o(.text) referenced from startup_stm32f10x_md.o(RESET)
 <LI><a href="#[1a]">BusFault_Handler</a> from stm32f10x_it.o(i.BusFault_Handler) referenced from startup_stm32f10x_md.o(RESET)
 <LI><a href="#[35]">CAN1_RX1_IRQHandler</a> from startup_stm32f10x_md.o(.text) referenced from startup_stm32f10x_md.o(RESET)
 <LI><a href="#[36]">CAN1_SCE_IRQHandler</a> from startup_stm32f10x_md.o(.text) referenced from startup_stm32f10x_md.o(RESET)
 <LI><a href="#[2b]">DMA1_Channel1_IRQHandler</a> from startup_stm32f10x_md.o(.text) referenced from startup_stm32f10x_md.o(RESET)
 <LI><a href="#[2c]">DMA1_Channel2_IRQHandler</a> from startup_stm32f10x_md.o(.text) referenced from startup_stm32f10x_md.o(RESET)
 <LI><a href="#[2d]">DMA1_Channel3_IRQHandler</a> from startup_stm32f10x_md.o(.text) referenced from startup_stm32f10x_md.o(RESET)
 <LI><a href="#[2e]">DMA1_Channel4_IRQHandler</a> from startup_stm32f10x_md.o(.text) referenced from startup_stm32f10x_md.o(RESET)
 <LI><a href="#[2f]">DMA1_Channel5_IRQHandler</a> from startup_stm32f10x_md.o(.text) referenced from startup_stm32f10x_md.o(RESET)
 <LI><a href="#[30]">DMA1_Channel6_IRQHandler</a> from startup_stm32f10x_md.o(.text) referenced from startup_stm32f10x_md.o(RESET)
 <LI><a href="#[31]">DMA1_Channel7_IRQHandler</a> from startup_stm32f10x_md.o(.text) referenced from startup_stm32f10x_md.o(RESET)
 <LI><a href="#[1d]">DebugMon_Handler</a> from stm32f10x_it.o(i.DebugMon_Handler) referenced from startup_stm32f10x_md.o(RESET)
 <LI><a href="#[26]">EXTI0_IRQHandler</a> from startup_stm32f10x_md.o(.text) referenced from startup_stm32f10x_md.o(RESET)
 <LI><a href="#[48]">EXTI15_10_IRQHandler</a> from startup_stm32f10x_md.o(.text) referenced from startup_stm32f10x_md.o(RESET)
 <LI><a href="#[27]">EXTI1_IRQHandler</a> from startup_stm32f10x_md.o(.text) referenced from startup_stm32f10x_md.o(RESET)
 <LI><a href="#[28]">EXTI2_IRQHandler</a> from startup_stm32f10x_md.o(.text) referenced from startup_stm32f10x_md.o(RESET)
 <LI><a href="#[29]">EXTI3_IRQHandler</a> from startup_stm32f10x_md.o(.text) referenced from startup_stm32f10x_md.o(RESET)
 <LI><a href="#[2a]">EXTI4_IRQHandler</a> from startup_stm32f10x_md.o(.text) referenced from startup_stm32f10x_md.o(RESET)
 <LI><a href="#[37]">EXTI9_5_IRQHandler</a> from startup_stm32f10x_md.o(.text) referenced from startup_stm32f10x_md.o(RESET)
 <LI><a href="#[24]">FLASH_IRQHandler</a> from startup_stm32f10x_md.o(.text) referenced from startup_stm32f10x_md.o(RESET)
 <LI><a href="#[18]">HardFault_Handler</a> from context_rvds.o(.text) referenced from startup_stm32f10x_md.o(RESET)
 <LI><a href="#[40]">I2C1_ER_IRQHandler</a> from startup_stm32f10x_md.o(.text) referenced from startup_stm32f10x_md.o(RESET)
 <LI><a href="#[3f]">I2C1_EV_IRQHandler</a> from startup_stm32f10x_md.o(.text) referenced from startup_stm32f10x_md.o(RESET)
 <LI><a href="#[42]">I2C2_ER_IRQHandler</a> from startup_stm32f10x_md.o(.text) referenced from startup_stm32f10x_md.o(RESET)
 <LI><a href="#[41]">I2C2_EV_IRQHandler</a> from startup_stm32f10x_md.o(.text) referenced from startup_stm32f10x_md.o(RESET)
 <LI><a href="#[19]">MemManage_Handler</a> from stm32f10x_it.o(i.MemManage_Handler) referenced from startup_stm32f10x_md.o(RESET)
 <LI><a href="#[17]">NMI_Handler</a> from stm32f10x_it.o(i.NMI_Handler) referenced from startup_stm32f10x_md.o(RESET)
 <LI><a href="#[21]">PVD_IRQHandler</a> from startup_stm32f10x_md.o(.text) referenced from startup_stm32f10x_md.o(RESET)
 <LI><a href="#[1e]">PendSV_Handler</a> from context_rvds.o(.text) referenced from startup_stm32f10x_md.o(RESET)
 <LI><a href="#[25]">RCC_IRQHandler</a> from startup_stm32f10x_md.o(.text) referenced from startup_stm32f10x_md.o(RESET)
 <LI><a href="#[49]">RTCAlarm_IRQHandler</a> from startup_stm32f10x_md.o(.text) referenced from startup_stm32f10x_md.o(RESET)
 <LI><a href="#[23]">RTC_IRQHandler</a> from startup_stm32f10x_md.o(.text) referenced from startup_stm32f10x_md.o(RESET)
 <LI><a href="#[16]">Reset_Handler</a> from startup_stm32f10x_md.o(.text) referenced from startup_stm32f10x_md.o(RESET)
 <LI><a href="#[43]">SPI1_IRQHandler</a> from startup_stm32f10x_md.o(.text) referenced from startup_stm32f10x_md.o(RESET)
 <LI><a href="#[44]">SPI2_IRQHandler</a> from startup_stm32f10x_md.o(.text) referenced from startup_stm32f10x_md.o(RESET)
 <LI><a href="#[1c]">SVC_Handler</a> from stm32f10x_it.o(i.SVC_Handler) referenced from startup_stm32f10x_md.o(RESET)
 <LI><a href="#[1f]">SysTick_Handler</a> from stm32f10x_it.o(i.SysTick_Handler) referenced from startup_stm32f10x_md.o(RESET)
 <LI><a href="#[4b]">SystemInit</a> from system_stm32f10x.o(i.SystemInit) referenced from startup_stm32f10x_md.o(.text)
 <LI><a href="#[22]">TAMPER_IRQHandler</a> from startup_stm32f10x_md.o(.text) referenced from startup_stm32f10x_md.o(RESET)
 <LI><a href="#[38]">TIM1_BRK_IRQHandler</a> from startup_stm32f10x_md.o(.text) referenced from startup_stm32f10x_md.o(RESET)
 <LI><a href="#[3b]">TIM1_CC_IRQHandler</a> from startup_stm32f10x_md.o(.text) referenced from startup_stm32f10x_md.o(RESET)
 <LI><a href="#[3a]">TIM1_TRG_COM_IRQHandler</a> from startup_stm32f10x_md.o(.text) referenced from startup_stm32f10x_md.o(RESET)
 <LI><a href="#[39]">TIM1_UP_IRQHandler</a> from startup_stm32f10x_md.o(.text) referenced from startup_stm32f10x_md.o(RESET)
 <LI><a href="#[3c]">TIM2_IRQHandler</a> from startup_stm32f10x_md.o(.text) referenced from startup_stm32f10x_md.o(RESET)
 <LI><a href="#[3d]">TIM3_IRQHandler</a> from startup_stm32f10x_md.o(.text) referenced from startup_stm32f10x_md.o(RESET)
 <LI><a href="#[3e]">TIM4_IRQHandler</a> from startup_stm32f10x_md.o(.text) referenced from startup_stm32f10x_md.o(RESET)
 <LI><a href="#[45]">USART1_IRQHandler</a> from usart.o(i.USART1_IRQHandler) referenced from startup_stm32f10x_md.o(RESET)
 <LI><a href="#[46]">USART2_IRQHandler</a> from usart.o(i.USART2_IRQHandler) referenced from startup_stm32f10x_md.o(RESET)
 <LI><a href="#[47]">USART3_IRQHandler</a> from usart.o(i.USART3_IRQHandler) referenced from startup_stm32f10x_md.o(RESET)
 <LI><a href="#[4a]">USBWakeUp_IRQHandler</a> from startup_stm32f10x_md.o(.text) referenced from startup_stm32f10x_md.o(RESET)
 <LI><a href="#[33]">USB_HP_CAN1_TX_IRQHandler</a> from startup_stm32f10x_md.o(.text) referenced from startup_stm32f10x_md.o(RESET)
 <LI><a href="#[34]">USB_LP_CAN1_RX0_IRQHandler</a> from startup_stm32f10x_md.o(.text) referenced from startup_stm32f10x_md.o(RESET)
 <LI><a href="#[1b]">UsageFault_Handler</a> from stm32f10x_it.o(i.UsageFault_Handler) referenced from startup_stm32f10x_md.o(RESET)
 <LI><a href="#[20]">WWDG_IRQHandler</a> from startup_stm32f10x_md.o(.text) referenced from startup_stm32f10x_md.o(RESET)
 <LI><a href="#[79]">__main</a> from __main.o(!!!main) referenced from startup_stm32f10x_md.o(.text)
 <LI><a href="#[63]">_pin_control</a> from pin.o(i._pin_control) referenced from pin.o(i.rt_device_pin_register)
 <LI><a href="#[61]">_pin_read</a> from pin.o(i._pin_read) referenced from pin.o(i.rt_device_pin_register)
 <LI><a href="#[62]">_pin_write</a> from pin.o(i._pin_write) referenced from pin.o(i.rt_device_pin_register)
 <LI><a href="#[4f]">cpu_usage_idle_hook</a> from cpuusage.o(i.cpu_usage_idle_hook) referenced from cpuusage.o(i.cpu_usage_init)
 <LI><a href="#[9]">eMBFuncReadCoils</a> from mbfunccoils.o(i.eMBFuncReadCoils) referenced 2 times from mb.o(.data)
 <LI><a href="#[c]">eMBFuncReadDiscreteInputs</a> from mbfuncdisc.o(i.eMBFuncReadDiscreteInputs) referenced 2 times from mb.o(.data)
 <LI><a href="#[5]">eMBFuncReadHoldingRegister</a> from mbfuncholding.o(i.eMBFuncReadHoldingRegister) referenced 2 times from mb.o(.data)
 <LI><a href="#[4]">eMBFuncReadInputRegister</a> from mbfuncinput.o(i.eMBFuncReadInputRegister) referenced 2 times from mb.o(.data)
 <LI><a href="#[8]">eMBFuncReadWriteMultipleHoldingRegister</a> from mbfuncholding.o(i.eMBFuncReadWriteMultipleHoldingRegister) referenced 2 times from mb.o(.data)
 <LI><a href="#[3]">eMBFuncReportSlaveID</a> from mbfuncother.o(i.eMBFuncReportSlaveID) referenced 4 times from mb.o(.data)
 <LI><a href="#[a]">eMBFuncWriteCoil</a> from mbfunccoils.o(i.eMBFuncWriteCoil) referenced 2 times from mb.o(.data)
 <LI><a href="#[7]">eMBFuncWriteHoldingRegister</a> from mbfuncholding.o(i.eMBFuncWriteHoldingRegister) referenced 2 times from mb.o(.data)
 <LI><a href="#[b]">eMBFuncWriteMultipleCoils</a> from mbfunccoils.o(i.eMBFuncWriteMultipleCoils) referenced 2 times from mb.o(.data)
 <LI><a href="#[6]">eMBFuncWriteMultipleHoldingRegister</a> from mbfuncholding.o(i.eMBFuncWriteMultipleHoldingRegister) referenced 2 times from mb.o(.data)
 <LI><a href="#[12]">eMBMasterFuncReadCoils</a> from mbfunccoils_m.o(i.eMBMasterFuncReadCoils) referenced 2 times from mb_m.o(.data)
 <LI><a href="#[15]">eMBMasterFuncReadDiscreteInputs</a> from mbfuncdisc_m.o(i.eMBMasterFuncReadDiscreteInputs) referenced 2 times from mb_m.o(.data)
 <LI><a href="#[e]">eMBMasterFuncReadHoldingRegister</a> from mbfuncholding_m.o(i.eMBMasterFuncReadHoldingRegister) referenced 2 times from mb_m.o(.data)
 <LI><a href="#[d]">eMBMasterFuncReadInputRegister</a> from mbfuncinput_m.o(i.eMBMasterFuncReadInputRegister) referenced 2 times from mb_m.o(.data)
 <LI><a href="#[11]">eMBMasterFuncReadWriteMultipleHoldingRegister</a> from mbfuncholding_m.o(i.eMBMasterFuncReadWriteMultipleHoldingRegister) referenced 2 times from mb_m.o(.data)
 <LI><a href="#[13]">eMBMasterFuncWriteCoil</a> from mbfunccoils_m.o(i.eMBMasterFuncWriteCoil) referenced 2 times from mb_m.o(.data)
 <LI><a href="#[10]">eMBMasterFuncWriteHoldingRegister</a> from mbfuncholding_m.o(i.eMBMasterFuncWriteHoldingRegister) referenced 2 times from mb_m.o(.data)
 <LI><a href="#[14]">eMBMasterFuncWriteMultipleCoils</a> from mbfunccoils_m.o(i.eMBMasterFuncWriteMultipleCoils) referenced 2 times from mb_m.o(.data)
 <LI><a href="#[f]">eMBMasterFuncWriteMultipleHoldingRegister</a> from mbfuncholding_m.o(i.eMBMasterFuncWriteMultipleHoldingRegister) referenced 2 times from mb_m.o(.data)
 <LI><a href="#[5a]">eMBMasterRTUReceive</a> from mbrtu_m.o(i.eMBMasterRTUReceive) referenced from mb_m.o(i.eMBMasterInit)
 <LI><a href="#[59]">eMBMasterRTUSend</a> from mbrtu_m.o(i.eMBMasterRTUSend) referenced from mb_m.o(i.eMBMasterInit)
 <LI><a href="#[57]">eMBMasterRTUStart</a> from mbrtu_m.o(i.eMBMasterRTUStart) referenced from mb_m.o(i.eMBMasterInit)
 <LI><a href="#[58]">eMBMasterRTUStop</a> from mbrtu_m.o(i.eMBMasterRTUStop) referenced from mb_m.o(i.eMBMasterInit)
 <LI><a href="#[53]">eMBRTUReceive</a> from mbrtu.o(i.eMBRTUReceive) referenced from mb.o(i.eMBInit)
 <LI><a href="#[52]">eMBRTUSend</a> from mbrtu.o(i.eMBRTUSend) referenced from mb.o(i.eMBInit)
 <LI><a href="#[50]">eMBRTUStart</a> from mbrtu.o(i.eMBRTUStart) referenced from mb.o(i.eMBInit)
 <LI><a href="#[51]">eMBRTUStop</a> from mbrtu.o(i.eMBRTUStop) referenced from mb.o(i.eMBInit)
 <LI><a href="#[66]">rt_serial_close</a> from serial.o(i.rt_serial_close) referenced from serial.o(i.rt_hw_serial_register)
 <LI><a href="#[69]">rt_serial_control</a> from serial.o(i.rt_serial_control) referenced from serial.o(i.rt_hw_serial_register)
 <LI><a href="#[64]">rt_serial_init</a> from serial.o(i.rt_serial_init) referenced from serial.o(i.rt_hw_serial_register)
 <LI><a href="#[65]">rt_serial_open</a> from serial.o(i.rt_serial_open) referenced from serial.o(i.rt_hw_serial_register)
 <LI><a href="#[67]">rt_serial_read</a> from serial.o(i.rt_serial_read) referenced from serial.o(i.rt_hw_serial_register)
 <LI><a href="#[68]">rt_serial_write</a> from serial.o(i.rt_serial_write) referenced from serial.o(i.rt_hw_serial_register)
 <LI><a href="#[4d]">rt_thread_exit</a> from thread.o(i.rt_thread_exit) referenced from thread.o(i._rt_thread_init)
 <LI><a href="#[6b]">rt_thread_idle_entry</a> from idle.o(i.rt_thread_idle_entry) referenced from idle.o(i.rt_thread_idle_init)
 <LI><a href="#[4e]">rt_thread_timeout</a> from thread.o(i.rt_thread_timeout) referenced from thread.o(i._rt_thread_init)
 <LI><a href="#[6a]">rt_thread_timer_entry</a> from timer.o(i.rt_thread_timer_entry) referenced from timer.o(i.rt_system_timer_thread_init)
 <LI><a href="#[6c]">serial_rx_ind</a> from portserial_m.o(i.serial_rx_ind) referenced from portserial_m.o(i.xMBMasterPortSerialInit)
 <LI><a href="#[6f]">serial_rx_ind</a> from portserial.o(i.serial_rx_ind) referenced from portserial.o(i.xMBPortSerialInit)
 <LI><a href="#[6d]">serial_soft_trans_irq</a> from portserial_m.o(i.serial_soft_trans_irq) referenced from portserial_m.o(i.xMBMasterPortSerialInit)
 <LI><a href="#[70]">serial_soft_trans_irq</a> from portserial.o(i.serial_soft_trans_irq) referenced from portserial.o(i.xMBPortSerialInit)
 <LI><a href="#[72]">stm32_configure</a> from usart.o(i.stm32_configure) referenced from usart.o(.constdata)
 <LI><a href="#[73]">stm32_control</a> from usart.o(i.stm32_control) referenced from usart.o(.constdata)
 <LI><a href="#[75]">stm32_getc</a> from usart.o(i.stm32_getc) referenced from usart.o(.constdata)
 <LI><a href="#[76]">stm32_pin_mode</a> from gpio.o(i.stm32_pin_mode) referenced from gpio.o(.constdata)
 <LI><a href="#[78]">stm32_pin_read</a> from gpio.o(i.stm32_pin_read) referenced from gpio.o(.constdata)
 <LI><a href="#[77]">stm32_pin_write</a> from gpio.o(i.stm32_pin_write) referenced from gpio.o(.constdata)
 <LI><a href="#[74]">stm32_putc</a> from usart.o(i.stm32_putc) referenced from usart.o(.constdata)
 <LI><a href="#[60]">thread_entry_ModbusMasterPoll</a> from app_task.o(i.thread_entry_ModbusMasterPoll) referenced from app_task.o(i.rt_application_init)
 <LI><a href="#[5f]">thread_entry_ModbusSlavePoll</a> from app_task.o(i.thread_entry_ModbusSlavePoll) referenced from app_task.o(i.rt_application_init)
 <LI><a href="#[5e]">thread_entry_SysMonitor</a> from app_task.o(i.thread_entry_SysMonitor) referenced from app_task.o(i.rt_application_init)
 <LI><a href="#[6e]">timer_timeout_ind</a> from porttimer_m.o(i.timer_timeout_ind) referenced from porttimer_m.o(i.xMBMasterPortTimersInit)
 <LI><a href="#[71]">timer_timeout_ind</a> from porttimer.o(i.timer_timeout_ind) referenced from porttimer.o(i.xMBPortTimersInit)
 <LI><a href="#[5b]">xMBMasterRTUReceiveFSM</a> from mbrtu_m.o(i.xMBMasterRTUReceiveFSM) referenced from mb_m.o(i.eMBMasterInit)
 <LI><a href="#[5d]">xMBMasterRTUTimerExpired</a> from mbrtu_m.o(i.xMBMasterRTUTimerExpired) referenced from mb_m.o(i.eMBMasterInit)
 <LI><a href="#[5c]">xMBMasterRTUTransmitFSM</a> from mbrtu_m.o(i.xMBMasterRTUTransmitFSM) referenced from mb_m.o(i.eMBMasterInit)
 <LI><a href="#[54]">xMBRTUReceiveFSM</a> from mbrtu.o(i.xMBRTUReceiveFSM) referenced from mb.o(i.eMBInit)
 <LI><a href="#[56]">xMBRTUTimerT35Expired</a> from mbrtu.o(i.xMBRTUTimerT35Expired) referenced from mb.o(i.eMBInit)
 <LI><a href="#[55]">xMBRTUTransmitFSM</a> from mbrtu.o(i.xMBRTUTransmitFSM) referenced from mb.o(i.eMBInit)
</UL>
<P>
<H3>
Global Symbols
</H3>
<P><STRONG><a name="[79]"></a>__main</STRONG> (Thumb, 8 bytes, Stack size 0 bytes, __main.o(!!!main))
<BR><BR>[Calls]<UL><LI><a href="#[7a]">&gt;&gt;</a>&nbsp;&nbsp;&nbsp;__scatterload
<LI><a href="#[7b]">&gt;&gt;</a>&nbsp;&nbsp;&nbsp;__rt_entry
</UL>

<P><STRONG><a name="[7a]"></a>__scatterload</STRONG> (Thumb, 0 bytes, Stack size unknown bytes, __scatter.o(!!!scatter))
<BR><BR>[Called By]<UL><LI><a href="#[79]">&gt;&gt;</a>&nbsp;&nbsp;&nbsp;__main
</UL>

<P><STRONG><a name="[7c]"></a>__scatterload_rt2</STRONG> (Thumb, 44 bytes, Stack size unknown bytes, __scatter.o(!!!scatter), UNUSED)
<BR><BR>[Calls]<UL><LI><a href="#[7b]">&gt;&gt;</a>&nbsp;&nbsp;&nbsp;__rt_entry
</UL>

<P><STRONG><a name="[163]"></a>__scatterload_rt2_thumb_only</STRONG> (Thumb, 0 bytes, Stack size unknown bytes, __scatter.o(!!!scatter), UNUSED)

<P><STRONG><a name="[164]"></a>__scatterload_null</STRONG> (Thumb, 0 bytes, Stack size unknown bytes, __scatter.o(!!!scatter), UNUSED)

<P><STRONG><a name="[165]"></a>__decompress</STRONG> (Thumb, 90 bytes, Stack size unknown bytes, __dczerorl2.o(!!dczerorl2), UNUSED)

<P><STRONG><a name="[166]"></a>__decompress1</STRONG> (Thumb, 0 bytes, Stack size unknown bytes, __dczerorl2.o(!!dczerorl2), UNUSED)

<P><STRONG><a name="[167]"></a>__scatterload_zeroinit</STRONG> (Thumb, 28 bytes, Stack size unknown bytes, __scatter_zi.o(!!handler_zi), UNUSED)

<P><STRONG><a name="[80]"></a>__rt_lib_init</STRONG> (Thumb, 0 bytes, Stack size unknown bytes, libinit.o(.ARM.Collect$$libinit$$00000000))
<BR><BR>[Called By]<UL><LI><a href="#[7f]">&gt;&gt;</a>&nbsp;&nbsp;&nbsp;__rt_entry_li
</UL>

<P><STRONG><a name="[168]"></a>__rt_lib_init_alloca_1</STRONG> (Thumb, 0 bytes, Stack size unknown bytes, libinit2.o(.ARM.Collect$$libinit$$0000002E))

<P><STRONG><a name="[169]"></a>__rt_lib_init_argv_1</STRONG> (Thumb, 0 bytes, Stack size unknown bytes, libinit2.o(.ARM.Collect$$libinit$$0000002C))

<P><STRONG><a name="[16a]"></a>__rt_lib_init_atexit_1</STRONG> (Thumb, 0 bytes, Stack size unknown bytes, libinit2.o(.ARM.Collect$$libinit$$0000001B))

<P><STRONG><a name="[16b]"></a>__rt_lib_init_clock_1</STRONG> (Thumb, 0 bytes, Stack size unknown bytes, libinit2.o(.ARM.Collect$$libinit$$00000021))

<P><STRONG><a name="[16c]"></a>__rt_lib_init_cpp_1</STRONG> (Thumb, 0 bytes, Stack size unknown bytes, libinit2.o(.ARM.Collect$$libinit$$00000032))

<P><STRONG><a name="[16d]"></a>__rt_lib_init_exceptions_1</STRONG> (Thumb, 0 bytes, Stack size unknown bytes, libinit2.o(.ARM.Collect$$libinit$$00000030))

<P><STRONG><a name="[16e]"></a>__rt_lib_init_fp_1</STRONG> (Thumb, 0 bytes, Stack size unknown bytes, libinit2.o(.ARM.Collect$$libinit$$00000002))

<P><STRONG><a name="[16f]"></a>__rt_lib_init_fp_trap_1</STRONG> (Thumb, 0 bytes, Stack size unknown bytes, libinit2.o(.ARM.Collect$$libinit$$0000001F))

<P><STRONG><a name="[170]"></a>__rt_lib_init_getenv_1</STRONG> (Thumb, 0 bytes, Stack size unknown bytes, libinit2.o(.ARM.Collect$$libinit$$00000023))

<P><STRONG><a name="[171]"></a>__rt_lib_init_heap_1</STRONG> (Thumb, 0 bytes, Stack size unknown bytes, libinit2.o(.ARM.Collect$$libinit$$0000000A))

<P><STRONG><a name="[172]"></a>__rt_lib_init_lc_collate_1</STRONG> (Thumb, 0 bytes, Stack size unknown bytes, libinit2.o(.ARM.Collect$$libinit$$00000011))

<P><STRONG><a name="[173]"></a>__rt_lib_init_lc_ctype_1</STRONG> (Thumb, 0 bytes, Stack size unknown bytes, libinit2.o(.ARM.Collect$$libinit$$00000013))

<P><STRONG><a name="[174]"></a>__rt_lib_init_lc_monetary_1</STRONG> (Thumb, 0 bytes, Stack size unknown bytes, libinit2.o(.ARM.Collect$$libinit$$00000015))

<P><STRONG><a name="[175]"></a>__rt_lib_init_lc_numeric_1</STRONG> (Thumb, 0 bytes, Stack size unknown bytes, libinit2.o(.ARM.Collect$$libinit$$00000017))

<P><STRONG><a name="[176]"></a>__rt_lib_init_lc_time_1</STRONG> (Thumb, 0 bytes, Stack size unknown bytes, libinit2.o(.ARM.Collect$$libinit$$00000019))

<P><STRONG><a name="[177]"></a>__rt_lib_init_preinit_1</STRONG> (Thumb, 0 bytes, Stack size unknown bytes, libinit2.o(.ARM.Collect$$libinit$$00000004))

<P><STRONG><a name="[178]"></a>__rt_lib_init_rand_1</STRONG> (Thumb, 0 bytes, Stack size unknown bytes, libinit2.o(.ARM.Collect$$libinit$$0000000E))

<P><STRONG><a name="[179]"></a>__rt_lib_init_return</STRONG> (Thumb, 0 bytes, Stack size unknown bytes, libinit2.o(.ARM.Collect$$libinit$$00000033))

<P><STRONG><a name="[17a]"></a>__rt_lib_init_signal_1</STRONG> (Thumb, 0 bytes, Stack size unknown bytes, libinit2.o(.ARM.Collect$$libinit$$0000001D))

<P><STRONG><a name="[17b]"></a>__rt_lib_init_stdio_1</STRONG> (Thumb, 0 bytes, Stack size unknown bytes, libinit2.o(.ARM.Collect$$libinit$$00000025))

<P><STRONG><a name="[17c]"></a>__rt_lib_init_user_alloc_1</STRONG> (Thumb, 0 bytes, Stack size unknown bytes, libinit2.o(.ARM.Collect$$libinit$$0000000C))

<P><STRONG><a name="[85]"></a>__rt_lib_shutdown</STRONG> (Thumb, 0 bytes, Stack size unknown bytes, libshutdown.o(.ARM.Collect$$libshutdown$$00000000))
<BR><BR>[Called By]<UL><LI><a href="#[84]">&gt;&gt;</a>&nbsp;&nbsp;&nbsp;__rt_exit_ls
</UL>

<P><STRONG><a name="[17d]"></a>__rt_lib_shutdown_cpp_1</STRONG> (Thumb, 0 bytes, Stack size unknown bytes, libshutdown2.o(.ARM.Collect$$libshutdown$$00000002))

<P><STRONG><a name="[17e]"></a>__rt_lib_shutdown_fp_trap_1</STRONG> (Thumb, 0 bytes, Stack size unknown bytes, libshutdown2.o(.ARM.Collect$$libshutdown$$00000007))

<P><STRONG><a name="[17f]"></a>__rt_lib_shutdown_heap_1</STRONG> (Thumb, 0 bytes, Stack size unknown bytes, libshutdown2.o(.ARM.Collect$$libshutdown$$0000000F))

<P><STRONG><a name="[180]"></a>__rt_lib_shutdown_return</STRONG> (Thumb, 0 bytes, Stack size unknown bytes, libshutdown2.o(.ARM.Collect$$libshutdown$$00000010))

<P><STRONG><a name="[181]"></a>__rt_lib_shutdown_signal_1</STRONG> (Thumb, 0 bytes, Stack size unknown bytes, libshutdown2.o(.ARM.Collect$$libshutdown$$0000000A))

<P><STRONG><a name="[182]"></a>__rt_lib_shutdown_stdio_1</STRONG> (Thumb, 0 bytes, Stack size unknown bytes, libshutdown2.o(.ARM.Collect$$libshutdown$$00000004))

<P><STRONG><a name="[183]"></a>__rt_lib_shutdown_user_alloc_1</STRONG> (Thumb, 0 bytes, Stack size unknown bytes, libshutdown2.o(.ARM.Collect$$libshutdown$$0000000C))

<P><STRONG><a name="[7b]"></a>__rt_entry</STRONG> (Thumb, 0 bytes, Stack size unknown bytes, __rtentry.o(.ARM.Collect$$rtentry$$00000000))
<BR><BR>[Called By]<UL><LI><a href="#[7c]">&gt;&gt;</a>&nbsp;&nbsp;&nbsp;__scatterload_rt2
<LI><a href="#[79]">&gt;&gt;</a>&nbsp;&nbsp;&nbsp;__main
</UL>

<P><STRONG><a name="[184]"></a>__rt_entry_presh_1</STRONG> (Thumb, 0 bytes, Stack size unknown bytes, __rtentry2.o(.ARM.Collect$$rtentry$$00000002))

<P><STRONG><a name="[7d]"></a>__rt_entry_sh</STRONG> (Thumb, 0 bytes, Stack size unknown bytes, __rtentry4.o(.ARM.Collect$$rtentry$$00000004))
<BR><BR>[Stack]<UL><LI>Max Depth = 8 + Unknown Stack Size
<LI>Call Chain = __rt_entry_sh &rArr; __user_setup_stackheap
</UL>
<BR>[Calls]<UL><LI><a href="#[7e]">&gt;&gt;</a>&nbsp;&nbsp;&nbsp;__user_setup_stackheap
</UL>

<P><STRONG><a name="[7f]"></a>__rt_entry_li</STRONG> (Thumb, 0 bytes, Stack size unknown bytes, __rtentry2.o(.ARM.Collect$$rtentry$$0000000A))
<BR><BR>[Calls]<UL><LI><a href="#[80]">&gt;&gt;</a>&nbsp;&nbsp;&nbsp;__rt_lib_init
</UL>

<P><STRONG><a name="[185]"></a>__rt_entry_postsh_1</STRONG> (Thumb, 0 bytes, Stack size unknown bytes, __rtentry2.o(.ARM.Collect$$rtentry$$00000009))

<P><STRONG><a name="[81]"></a>__rt_entry_main</STRONG> (Thumb, 0 bytes, Stack size unknown bytes, __rtentry2.o(.ARM.Collect$$rtentry$$0000000D))
<BR><BR>[Stack]<UL><LI>Max Depth = 216 + Unknown Stack Size
<LI>Call Chain = __rt_entry_main &rArr; main &rArr; rtthread_startup &rArr; rt_thread_idle_init &rArr; rt_thread_init &rArr; _rt_thread_init &rArr; rt_timer_init &rArr; rt_object_init &rArr; rt_strncpy
</UL>
<BR>[Calls]<UL><LI><a href="#[82]">&gt;&gt;</a>&nbsp;&nbsp;&nbsp;main
<LI><a href="#[83]">&gt;&gt;</a>&nbsp;&nbsp;&nbsp;exit
</UL>

<P><STRONG><a name="[186]"></a>__rt_entry_postli_1</STRONG> (Thumb, 0 bytes, Stack size unknown bytes, __rtentry2.o(.ARM.Collect$$rtentry$$0000000C))

<P><STRONG><a name="[8d]"></a>__rt_exit</STRONG> (Thumb, 0 bytes, Stack size unknown bytes, rtexit.o(.ARM.Collect$$rtexit$$00000000))
<BR><BR>[Called By]<UL><LI><a href="#[83]">&gt;&gt;</a>&nbsp;&nbsp;&nbsp;exit
</UL>

<P><STRONG><a name="[84]"></a>__rt_exit_ls</STRONG> (Thumb, 0 bytes, Stack size unknown bytes, rtexit2.o(.ARM.Collect$$rtexit$$00000003))
<BR><BR>[Calls]<UL><LI><a href="#[85]">&gt;&gt;</a>&nbsp;&nbsp;&nbsp;__rt_lib_shutdown
</UL>

<P><STRONG><a name="[187]"></a>__rt_exit_prels_1</STRONG> (Thumb, 0 bytes, Stack size unknown bytes, rtexit2.o(.ARM.Collect$$rtexit$$00000002))

<P><STRONG><a name="[86]"></a>__rt_exit_exit</STRONG> (Thumb, 0 bytes, Stack size unknown bytes, rtexit2.o(.ARM.Collect$$rtexit$$00000004))
<BR><BR>[Calls]<UL><LI><a href="#[87]">&gt;&gt;</a>&nbsp;&nbsp;&nbsp;_sys_exit
</UL>

<P><STRONG><a name="[b0]"></a>rt_hw_interrupt_disable</STRONG> (Thumb, 8 bytes, Stack size 0 bytes, context_rvds.o(.text))
<BR><BR>[Called By]<UL><LI><a href="#[aa]">&gt;&gt;</a>&nbsp;&nbsp;&nbsp;rt_hw_serial_isr
<LI><a href="#[ad]">&gt;&gt;</a>&nbsp;&nbsp;&nbsp;rt_interrupt_leave
<LI><a href="#[a8]">&gt;&gt;</a>&nbsp;&nbsp;&nbsp;rt_interrupt_enter
<LI><a href="#[131]">&gt;&gt;</a>&nbsp;&nbsp;&nbsp;rt_system_heap_init
<LI><a href="#[82]">&gt;&gt;</a>&nbsp;&nbsp;&nbsp;main
<LI><a href="#[108]">&gt;&gt;</a>&nbsp;&nbsp;&nbsp;rt_malloc
<LI><a href="#[105]">&gt;&gt;</a>&nbsp;&nbsp;&nbsp;rt_timer_start
<LI><a href="#[102]">&gt;&gt;</a>&nbsp;&nbsp;&nbsp;rt_thread_suspend
<LI><a href="#[fe]">&gt;&gt;</a>&nbsp;&nbsp;&nbsp;rt_thread_resume
<LI><a href="#[ff]">&gt;&gt;</a>&nbsp;&nbsp;&nbsp;rt_schedule
<LI><a href="#[118]">&gt;&gt;</a>&nbsp;&nbsp;&nbsp;rt_sem_take
<LI><a href="#[11a]">&gt;&gt;</a>&nbsp;&nbsp;&nbsp;rt_sem_release
<LI><a href="#[115]">&gt;&gt;</a>&nbsp;&nbsp;&nbsp;rt_event_send
<LI><a href="#[ef]">&gt;&gt;</a>&nbsp;&nbsp;&nbsp;rt_event_recv
<LI><a href="#[122]">&gt;&gt;</a>&nbsp;&nbsp;&nbsp;rt_object_delete
<LI><a href="#[117]">&gt;&gt;</a>&nbsp;&nbsp;&nbsp;rt_free
<LI><a href="#[13d]">&gt;&gt;</a>&nbsp;&nbsp;&nbsp;rt_thread_idle_excute
<LI><a href="#[111]">&gt;&gt;</a>&nbsp;&nbsp;&nbsp;rt_object_init
<LI><a href="#[124]">&gt;&gt;</a>&nbsp;&nbsp;&nbsp;rt_object_detach
<LI><a href="#[96]">&gt;&gt;</a>&nbsp;&nbsp;&nbsp;rt_exit_critical
<LI><a href="#[94]">&gt;&gt;</a>&nbsp;&nbsp;&nbsp;rt_enter_critical
<LI><a href="#[144]">&gt;&gt;</a>&nbsp;&nbsp;&nbsp;rt_timer_check
<LI><a href="#[143]">&gt;&gt;</a>&nbsp;&nbsp;&nbsp;rt_thread_yield
<LI><a href="#[bc]">&gt;&gt;</a>&nbsp;&nbsp;&nbsp;_serial_int_rx
<LI><a href="#[ba]">&gt;&gt;</a>&nbsp;&nbsp;&nbsp;_serial_dma_tx
<LI><a href="#[b7]">&gt;&gt;</a>&nbsp;&nbsp;&nbsp;_serial_dma_rx
<LI><a href="#[bb]">&gt;&gt;</a>&nbsp;&nbsp;&nbsp;rt_data_queue_push
<LI><a href="#[10a]">&gt;&gt;</a>&nbsp;&nbsp;&nbsp;rt_data_queue_pop
<LI><a href="#[109]">&gt;&gt;</a>&nbsp;&nbsp;&nbsp;rt_data_queue_peak
<LI><a href="#[be]">&gt;&gt;</a>&nbsp;&nbsp;&nbsp;rt_completion_wait
<LI><a href="#[100]">&gt;&gt;</a>&nbsp;&nbsp;&nbsp;rt_completion_init
<LI><a href="#[fc]">&gt;&gt;</a>&nbsp;&nbsp;&nbsp;rt_completion_done
<LI><a href="#[141]">&gt;&gt;</a>&nbsp;&nbsp;&nbsp;rt_timer_stop
<LI><a href="#[13a]">&gt;&gt;</a>&nbsp;&nbsp;&nbsp;rt_timer_detach
<LI><a href="#[139]">&gt;&gt;</a>&nbsp;&nbsp;&nbsp;rt_thread_sleep
<LI><a href="#[4d]">&gt;&gt;</a>&nbsp;&nbsp;&nbsp;rt_thread_exit
<LI><a href="#[12b]">&gt;&gt;</a>&nbsp;&nbsp;&nbsp;rt_schedule_remove_thread
<LI><a href="#[12a]">&gt;&gt;</a>&nbsp;&nbsp;&nbsp;rt_schedule_insert_thread
<LI><a href="#[af]">&gt;&gt;</a>&nbsp;&nbsp;&nbsp;_rt_scheduler_stack_check
</UL>

<P><STRONG><a name="[b8]"></a>rt_hw_interrupt_enable</STRONG> (Thumb, 6 bytes, Stack size 0 bytes, context_rvds.o(.text))
<BR><BR>[Called By]<UL><LI><a href="#[aa]">&gt;&gt;</a>&nbsp;&nbsp;&nbsp;rt_hw_serial_isr
<LI><a href="#[ad]">&gt;&gt;</a>&nbsp;&nbsp;&nbsp;rt_interrupt_leave
<LI><a href="#[a8]">&gt;&gt;</a>&nbsp;&nbsp;&nbsp;rt_interrupt_enter
<LI><a href="#[131]">&gt;&gt;</a>&nbsp;&nbsp;&nbsp;rt_system_heap_init
<LI><a href="#[108]">&gt;&gt;</a>&nbsp;&nbsp;&nbsp;rt_malloc
<LI><a href="#[105]">&gt;&gt;</a>&nbsp;&nbsp;&nbsp;rt_timer_start
<LI><a href="#[102]">&gt;&gt;</a>&nbsp;&nbsp;&nbsp;rt_thread_suspend
<LI><a href="#[fe]">&gt;&gt;</a>&nbsp;&nbsp;&nbsp;rt_thread_resume
<LI><a href="#[ff]">&gt;&gt;</a>&nbsp;&nbsp;&nbsp;rt_schedule
<LI><a href="#[118]">&gt;&gt;</a>&nbsp;&nbsp;&nbsp;rt_sem_take
<LI><a href="#[11a]">&gt;&gt;</a>&nbsp;&nbsp;&nbsp;rt_sem_release
<LI><a href="#[115]">&gt;&gt;</a>&nbsp;&nbsp;&nbsp;rt_event_send
<LI><a href="#[ef]">&gt;&gt;</a>&nbsp;&nbsp;&nbsp;rt_event_recv
<LI><a href="#[122]">&gt;&gt;</a>&nbsp;&nbsp;&nbsp;rt_object_delete
<LI><a href="#[117]">&gt;&gt;</a>&nbsp;&nbsp;&nbsp;rt_free
<LI><a href="#[13d]">&gt;&gt;</a>&nbsp;&nbsp;&nbsp;rt_thread_idle_excute
<LI><a href="#[111]">&gt;&gt;</a>&nbsp;&nbsp;&nbsp;rt_object_init
<LI><a href="#[124]">&gt;&gt;</a>&nbsp;&nbsp;&nbsp;rt_object_detach
<LI><a href="#[96]">&gt;&gt;</a>&nbsp;&nbsp;&nbsp;rt_exit_critical
<LI><a href="#[94]">&gt;&gt;</a>&nbsp;&nbsp;&nbsp;rt_enter_critical
<LI><a href="#[144]">&gt;&gt;</a>&nbsp;&nbsp;&nbsp;rt_timer_check
<LI><a href="#[143]">&gt;&gt;</a>&nbsp;&nbsp;&nbsp;rt_thread_yield
<LI><a href="#[bc]">&gt;&gt;</a>&nbsp;&nbsp;&nbsp;_serial_int_rx
<LI><a href="#[ba]">&gt;&gt;</a>&nbsp;&nbsp;&nbsp;_serial_dma_tx
<LI><a href="#[b7]">&gt;&gt;</a>&nbsp;&nbsp;&nbsp;_serial_dma_rx
<LI><a href="#[bb]">&gt;&gt;</a>&nbsp;&nbsp;&nbsp;rt_data_queue_push
<LI><a href="#[10a]">&gt;&gt;</a>&nbsp;&nbsp;&nbsp;rt_data_queue_pop
<LI><a href="#[109]">&gt;&gt;</a>&nbsp;&nbsp;&nbsp;rt_data_queue_peak
<LI><a href="#[be]">&gt;&gt;</a>&nbsp;&nbsp;&nbsp;rt_completion_wait
<LI><a href="#[100]">&gt;&gt;</a>&nbsp;&nbsp;&nbsp;rt_completion_init
<LI><a href="#[fc]">&gt;&gt;</a>&nbsp;&nbsp;&nbsp;rt_completion_done
<LI><a href="#[141]">&gt;&gt;</a>&nbsp;&nbsp;&nbsp;rt_timer_stop
<LI><a href="#[13a]">&gt;&gt;</a>&nbsp;&nbsp;&nbsp;rt_timer_detach
<LI><a href="#[139]">&gt;&gt;</a>&nbsp;&nbsp;&nbsp;rt_thread_sleep
<LI><a href="#[4d]">&gt;&gt;</a>&nbsp;&nbsp;&nbsp;rt_thread_exit
<LI><a href="#[12b]">&gt;&gt;</a>&nbsp;&nbsp;&nbsp;rt_schedule_remove_thread
<LI><a href="#[12a]">&gt;&gt;</a>&nbsp;&nbsp;&nbsp;rt_schedule_insert_thread
</UL>

<P><STRONG><a name="[128]"></a>rt_hw_context_switch</STRONG> (Thumb, 32 bytes, Stack size 0 bytes, context_rvds.o(.text))
<BR><BR>[Called By]<UL><LI><a href="#[ff]">&gt;&gt;</a>&nbsp;&nbsp;&nbsp;rt_schedule
</UL>

<P><STRONG><a name="[129]"></a>rt_hw_context_switch_interrupt</STRONG> (Thumb, 0 bytes, Stack size 0 bytes, context_rvds.o(.text))
<BR><BR>[Called By]<UL><LI><a href="#[ff]">&gt;&gt;</a>&nbsp;&nbsp;&nbsp;rt_schedule
</UL>

<P><STRONG><a name="[1e]"></a>PendSV_Handler</STRONG> (Thumb, 60 bytes, Stack size 0 bytes, context_rvds.o(.text))
<BR>[Address Reference Count : 1]<UL><LI> startup_stm32f10x_md.o(RESET)
</UL>
<P><STRONG><a name="[135]"></a>rt_hw_context_switch_to</STRONG> (Thumb, 56 bytes, Stack size 0 bytes, context_rvds.o(.text))
<BR><BR>[Called By]<UL><LI><a href="#[134]">&gt;&gt;</a>&nbsp;&nbsp;&nbsp;rt_system_scheduler_start
</UL>

<P><STRONG><a name="[188]"></a>rt_hw_interrupt_thread_switch</STRONG> (Thumb, 4 bytes, Stack size 0 bytes, context_rvds.o(.text), UNUSED)

<P><STRONG><a name="[18]"></a>HardFault_Handler</STRONG> (Thumb, 48 bytes, Stack size 0 bytes, context_rvds.o(.text))
<BR><BR>[Stack]<UL><LI>Max Depth = 16<LI>Call Chain = HardFault_Handler &rArr; rt_hw_hard_fault_exception
</UL>
<BR>[Calls]<UL><LI><a href="#[88]">&gt;&gt;</a>&nbsp;&nbsp;&nbsp;rt_hw_hard_fault_exception
</UL>
<BR>[Address Reference Count : 1]<UL><LI> startup_stm32f10x_md.o(RESET)
</UL>
<P><STRONG><a name="[16]"></a>Reset_Handler</STRONG> (Thumb, 8 bytes, Stack size 0 bytes, startup_stm32f10x_md.o(.text))
<BR>[Address Reference Count : 1]<UL><LI> startup_stm32f10x_md.o(RESET)
</UL>
<P><STRONG><a name="[32]"></a>ADC1_2_IRQHandler</STRONG> (Thumb, 0 bytes, Stack size 0 bytes, startup_stm32f10x_md.o(.text))
<BR><BR>[Calls]<UL><LI><a href="#[32]">&gt;&gt;</a>&nbsp;&nbsp;&nbsp;ADC1_2_IRQHandler
</UL>
<BR>[Called By]<UL><LI><a href="#[32]">&gt;&gt;</a>&nbsp;&nbsp;&nbsp;ADC1_2_IRQHandler
</UL>
<BR>[Address Reference Count : 1]<UL><LI> startup_stm32f10x_md.o(RESET)
</UL>
<P><STRONG><a name="[35]"></a>CAN1_RX1_IRQHandler</STRONG> (Thumb, 0 bytes, Stack size 0 bytes, startup_stm32f10x_md.o(.text))
<BR>[Address Reference Count : 1]<UL><LI> startup_stm32f10x_md.o(RESET)
</UL>
<P><STRONG><a name="[36]"></a>CAN1_SCE_IRQHandler</STRONG> (Thumb, 0 bytes, Stack size 0 bytes, startup_stm32f10x_md.o(.text))
<BR>[Address Reference Count : 1]<UL><LI> startup_stm32f10x_md.o(RESET)
</UL>
<P><STRONG><a name="[2b]"></a>DMA1_Channel1_IRQHandler</STRONG> (Thumb, 0 bytes, Stack size 0 bytes, startup_stm32f10x_md.o(.text))
<BR>[Address Reference Count : 1]<UL><LI> startup_stm32f10x_md.o(RESET)
</UL>
<P><STRONG><a name="[2c]"></a>DMA1_Channel2_IRQHandler</STRONG> (Thumb, 0 bytes, Stack size 0 bytes, startup_stm32f10x_md.o(.text))
<BR>[Address Reference Count : 1]<UL><LI> startup_stm32f10x_md.o(RESET)
</UL>
<P><STRONG><a name="[2d]"></a>DMA1_Channel3_IRQHandler</STRONG> (Thumb, 0 bytes, Stack size 0 bytes, startup_stm32f10x_md.o(.text))
<BR>[Address Reference Count : 1]<UL><LI> startup_stm32f10x_md.o(RESET)
</UL>
<P><STRONG><a name="[2e]"></a>DMA1_Channel4_IRQHandler</STRONG> (Thumb, 0 bytes, Stack size 0 bytes, startup_stm32f10x_md.o(.text))
<BR>[Address Reference Count : 1]<UL><LI> startup_stm32f10x_md.o(RESET)
</UL>
<P><STRONG><a name="[2f]"></a>DMA1_Channel5_IRQHandler</STRONG> (Thumb, 0 bytes, Stack size 0 bytes, startup_stm32f10x_md.o(.text))
<BR>[Address Reference Count : 1]<UL><LI> startup_stm32f10x_md.o(RESET)
</UL>
<P><STRONG><a name="[30]"></a>DMA1_Channel6_IRQHandler</STRONG> (Thumb, 0 bytes, Stack size 0 bytes, startup_stm32f10x_md.o(.text))
<BR>[Address Reference Count : 1]<UL><LI> startup_stm32f10x_md.o(RESET)
</UL>
<P><STRONG><a name="[31]"></a>DMA1_Channel7_IRQHandler</STRONG> (Thumb, 0 bytes, Stack size 0 bytes, startup_stm32f10x_md.o(.text))
<BR>[Address Reference Count : 1]<UL><LI> startup_stm32f10x_md.o(RESET)
</UL>
<P><STRONG><a name="[26]"></a>EXTI0_IRQHandler</STRONG> (Thumb, 0 bytes, Stack size 0 bytes, startup_stm32f10x_md.o(.text))
<BR>[Address Reference Count : 1]<UL><LI> startup_stm32f10x_md.o(RESET)
</UL>
<P><STRONG><a name="[48]"></a>EXTI15_10_IRQHandler</STRONG> (Thumb, 0 bytes, Stack size 0 bytes, startup_stm32f10x_md.o(.text))
<BR>[Address Reference Count : 1]<UL><LI> startup_stm32f10x_md.o(RESET)
</UL>
<P><STRONG><a name="[27]"></a>EXTI1_IRQHandler</STRONG> (Thumb, 0 bytes, Stack size 0 bytes, startup_stm32f10x_md.o(.text))
<BR>[Address Reference Count : 1]<UL><LI> startup_stm32f10x_md.o(RESET)
</UL>
<P><STRONG><a name="[28]"></a>EXTI2_IRQHandler</STRONG> (Thumb, 0 bytes, Stack size 0 bytes, startup_stm32f10x_md.o(.text))
<BR>[Address Reference Count : 1]<UL><LI> startup_stm32f10x_md.o(RESET)
</UL>
<P><STRONG><a name="[29]"></a>EXTI3_IRQHandler</STRONG> (Thumb, 0 bytes, Stack size 0 bytes, startup_stm32f10x_md.o(.text))
<BR>[Address Reference Count : 1]<UL><LI> startup_stm32f10x_md.o(RESET)
</UL>
<P><STRONG><a name="[2a]"></a>EXTI4_IRQHandler</STRONG> (Thumb, 0 bytes, Stack size 0 bytes, startup_stm32f10x_md.o(.text))
<BR>[Address Reference Count : 1]<UL><LI> startup_stm32f10x_md.o(RESET)
</UL>
<P><STRONG><a name="[37]"></a>EXTI9_5_IRQHandler</STRONG> (Thumb, 0 bytes, Stack size 0 bytes, startup_stm32f10x_md.o(.text))
<BR>[Address Reference Count : 1]<UL><LI> startup_stm32f10x_md.o(RESET)
</UL>
<P><STRONG><a name="[24]"></a>FLASH_IRQHandler</STRONG> (Thumb, 0 bytes, Stack size 0 bytes, startup_stm32f10x_md.o(.text))
<BR>[Address Reference Count : 1]<UL><LI> startup_stm32f10x_md.o(RESET)
</UL>
<P><STRONG><a name="[40]"></a>I2C1_ER_IRQHandler</STRONG> (Thumb, 0 bytes, Stack size 0 bytes, startup_stm32f10x_md.o(.text))
<BR>[Address Reference Count : 1]<UL><LI> startup_stm32f10x_md.o(RESET)
</UL>
<P><STRONG><a name="[3f]"></a>I2C1_EV_IRQHandler</STRONG> (Thumb, 0 bytes, Stack size 0 bytes, startup_stm32f10x_md.o(.text))
<BR>[Address Reference Count : 1]<UL><LI> startup_stm32f10x_md.o(RESET)
</UL>
<P><STRONG><a name="[42]"></a>I2C2_ER_IRQHandler</STRONG> (Thumb, 0 bytes, Stack size 0 bytes, startup_stm32f10x_md.o(.text))
<BR>[Address Reference Count : 1]<UL><LI> startup_stm32f10x_md.o(RESET)
</UL>
<P><STRONG><a name="[41]"></a>I2C2_EV_IRQHandler</STRONG> (Thumb, 0 bytes, Stack size 0 bytes, startup_stm32f10x_md.o(.text))
<BR>[Address Reference Count : 1]<UL><LI> startup_stm32f10x_md.o(RESET)
</UL>
<P><STRONG><a name="[21]"></a>PVD_IRQHandler</STRONG> (Thumb, 0 bytes, Stack size 0 bytes, startup_stm32f10x_md.o(.text))
<BR>[Address Reference Count : 1]<UL><LI> startup_stm32f10x_md.o(RESET)
</UL>
<P><STRONG><a name="[25]"></a>RCC_IRQHandler</STRONG> (Thumb, 0 bytes, Stack size 0 bytes, startup_stm32f10x_md.o(.text))
<BR>[Address Reference Count : 1]<UL><LI> startup_stm32f10x_md.o(RESET)
</UL>
<P><STRONG><a name="[49]"></a>RTCAlarm_IRQHandler</STRONG> (Thumb, 0 bytes, Stack size 0 bytes, startup_stm32f10x_md.o(.text))
<BR>[Address Reference Count : 1]<UL><LI> startup_stm32f10x_md.o(RESET)
</UL>
<P><STRONG><a name="[23]"></a>RTC_IRQHandler</STRONG> (Thumb, 0 bytes, Stack size 0 bytes, startup_stm32f10x_md.o(.text))
<BR>[Address Reference Count : 1]<UL><LI> startup_stm32f10x_md.o(RESET)
</UL>
<P><STRONG><a name="[43]"></a>SPI1_IRQHandler</STRONG> (Thumb, 0 bytes, Stack size 0 bytes, startup_stm32f10x_md.o(.text))
<BR>[Address Reference Count : 1]<UL><LI> startup_stm32f10x_md.o(RESET)
</UL>
<P><STRONG><a name="[44]"></a>SPI2_IRQHandler</STRONG> (Thumb, 0 bytes, Stack size 0 bytes, startup_stm32f10x_md.o(.text))
<BR>[Address Reference Count : 1]<UL><LI> startup_stm32f10x_md.o(RESET)
</UL>
<P><STRONG><a name="[22]"></a>TAMPER_IRQHandler</STRONG> (Thumb, 0 bytes, Stack size 0 bytes, startup_stm32f10x_md.o(.text))
<BR>[Address Reference Count : 1]<UL><LI> startup_stm32f10x_md.o(RESET)
</UL>
<P><STRONG><a name="[38]"></a>TIM1_BRK_IRQHandler</STRONG> (Thumb, 0 bytes, Stack size 0 bytes, startup_stm32f10x_md.o(.text))
<BR>[Address Reference Count : 1]<UL><LI> startup_stm32f10x_md.o(RESET)
</UL>
<P><STRONG><a name="[3b]"></a>TIM1_CC_IRQHandler</STRONG> (Thumb, 0 bytes, Stack size 0 bytes, startup_stm32f10x_md.o(.text))
<BR>[Address Reference Count : 1]<UL><LI> startup_stm32f10x_md.o(RESET)
</UL>
<P><STRONG><a name="[3a]"></a>TIM1_TRG_COM_IRQHandler</STRONG> (Thumb, 0 bytes, Stack size 0 bytes, startup_stm32f10x_md.o(.text))
<BR>[Address Reference Count : 1]<UL><LI> startup_stm32f10x_md.o(RESET)
</UL>
<P><STRONG><a name="[39]"></a>TIM1_UP_IRQHandler</STRONG> (Thumb, 0 bytes, Stack size 0 bytes, startup_stm32f10x_md.o(.text))
<BR>[Address Reference Count : 1]<UL><LI> startup_stm32f10x_md.o(RESET)
</UL>
<P><STRONG><a name="[3c]"></a>TIM2_IRQHandler</STRONG> (Thumb, 0 bytes, Stack size 0 bytes, startup_stm32f10x_md.o(.text))
<BR>[Address Reference Count : 1]<UL><LI> startup_stm32f10x_md.o(RESET)
</UL>
<P><STRONG><a name="[3d]"></a>TIM3_IRQHandler</STRONG> (Thumb, 0 bytes, Stack size 0 bytes, startup_stm32f10x_md.o(.text))
<BR>[Address Reference Count : 1]<UL><LI> startup_stm32f10x_md.o(RESET)
</UL>
<P><STRONG><a name="[3e]"></a>TIM4_IRQHandler</STRONG> (Thumb, 0 bytes, Stack size 0 bytes, startup_stm32f10x_md.o(.text))
<BR>[Address Reference Count : 1]<UL><LI> startup_stm32f10x_md.o(RESET)
</UL>
<P><STRONG><a name="[4a]"></a>USBWakeUp_IRQHandler</STRONG> (Thumb, 0 bytes, Stack size 0 bytes, startup_stm32f10x_md.o(.text))
<BR>[Address Reference Count : 1]<UL><LI> startup_stm32f10x_md.o(RESET)
</UL>
<P><STRONG><a name="[33]"></a>USB_HP_CAN1_TX_IRQHandler</STRONG> (Thumb, 0 bytes, Stack size 0 bytes, startup_stm32f10x_md.o(.text))
<BR>[Address Reference Count : 1]<UL><LI> startup_stm32f10x_md.o(RESET)
</UL>
<P><STRONG><a name="[34]"></a>USB_LP_CAN1_RX0_IRQHandler</STRONG> (Thumb, 0 bytes, Stack size 0 bytes, startup_stm32f10x_md.o(.text))
<BR>[Address Reference Count : 1]<UL><LI> startup_stm32f10x_md.o(RESET)
</UL>
<P><STRONG><a name="[20]"></a>WWDG_IRQHandler</STRONG> (Thumb, 0 bytes, Stack size 0 bytes, startup_stm32f10x_md.o(.text))
<BR>[Address Reference Count : 1]<UL><LI> startup_stm32f10x_md.o(RESET)
</UL>
<P><STRONG><a name="[8c]"></a>__user_initial_stackheap</STRONG> (Thumb, 0 bytes, Stack size unknown bytes, startup_stm32f10x_md.o(.text))
<BR><BR>[Called By]<UL><LI><a href="#[7e]">&gt;&gt;</a>&nbsp;&nbsp;&nbsp;__user_setup_stackheap
</UL>

<P><STRONG><a name="[c7]"></a>__aeabi_memcpy</STRONG> (Thumb, 0 bytes, Stack size 0 bytes, rt_memcpy_v6.o(.text))
<BR><BR>[Called By]<UL><LI><a href="#[3]">&gt;&gt;</a>&nbsp;&nbsp;&nbsp;eMBFuncReportSlaveID
</UL>

<P><STRONG><a name="[89]"></a>__rt_memcpy</STRONG> (Thumb, 138 bytes, Stack size 0 bytes, rt_memcpy_v6.o(.text), UNUSED)
<BR><BR>[Calls]<UL><LI><a href="#[8a]">&gt;&gt;</a>&nbsp;&nbsp;&nbsp;__aeabi_memcpy4
</UL>

<P><STRONG><a name="[189]"></a>_memcpy_lastbytes</STRONG> (Thumb, 0 bytes, Stack size unknown bytes, rt_memcpy_v6.o(.text), UNUSED)

<P><STRONG><a name="[18a]"></a>__use_two_region_memory</STRONG> (Thumb, 2 bytes, Stack size 0 bytes, heapauxi.o(.text), UNUSED)

<P><STRONG><a name="[18b]"></a>__rt_heap_escrow$2region</STRONG> (Thumb, 2 bytes, Stack size 0 bytes, heapauxi.o(.text), UNUSED)

<P><STRONG><a name="[18c]"></a>__rt_heap_expand$2region</STRONG> (Thumb, 2 bytes, Stack size 0 bytes, heapauxi.o(.text), UNUSED)

<P><STRONG><a name="[8a]"></a>__aeabi_memcpy4</STRONG> (Thumb, 0 bytes, Stack size 8 bytes, rt_memcpy_w.o(.text), UNUSED)
<BR><BR>[Called By]<UL><LI><a href="#[89]">&gt;&gt;</a>&nbsp;&nbsp;&nbsp;__rt_memcpy
</UL>

<P><STRONG><a name="[18d]"></a>__aeabi_memcpy8</STRONG> (Thumb, 0 bytes, Stack size 8 bytes, rt_memcpy_w.o(.text), UNUSED)

<P><STRONG><a name="[18e]"></a>__rt_memcpy_w</STRONG> (Thumb, 100 bytes, Stack size 8 bytes, rt_memcpy_w.o(.text), UNUSED)

<P><STRONG><a name="[18f]"></a>_memcpy_lastbytes_aligned</STRONG> (Thumb, 0 bytes, Stack size unknown bytes, rt_memcpy_w.o(.text), UNUSED)

<P><STRONG><a name="[7e]"></a>__user_setup_stackheap</STRONG> (Thumb, 74 bytes, Stack size 8 bytes, sys_stackheap_outer.o(.text))
<BR><BR>[Stack]<UL><LI>Max Depth = 8 + Unknown Stack Size
<LI>Call Chain = __user_setup_stackheap
</UL>
<BR>[Calls]<UL><LI><a href="#[8c]">&gt;&gt;</a>&nbsp;&nbsp;&nbsp;__user_initial_stackheap
<LI><a href="#[8b]">&gt;&gt;</a>&nbsp;&nbsp;&nbsp;__user_perproc_libspace
</UL>
<BR>[Called By]<UL><LI><a href="#[7d]">&gt;&gt;</a>&nbsp;&nbsp;&nbsp;__rt_entry_sh
</UL>

<P><STRONG><a name="[83]"></a>exit</STRONG> (Thumb, 18 bytes, Stack size 8 bytes, exit.o(.text))
<BR><BR>[Stack]<UL><LI>Max Depth = 8 + Unknown Stack Size
<LI>Call Chain = exit
</UL>
<BR>[Calls]<UL><LI><a href="#[8d]">&gt;&gt;</a>&nbsp;&nbsp;&nbsp;__rt_exit
</UL>
<BR>[Called By]<UL><LI><a href="#[81]">&gt;&gt;</a>&nbsp;&nbsp;&nbsp;__rt_entry_main
</UL>

<P><STRONG><a name="[190]"></a>__user_libspace</STRONG> (Thumb, 8 bytes, Stack size 0 bytes, libspace.o(.text), UNUSED)

<P><STRONG><a name="[8b]"></a>__user_perproc_libspace</STRONG> (Thumb, 0 bytes, Stack size 0 bytes, libspace.o(.text))
<BR><BR>[Called By]<UL><LI><a href="#[7e]">&gt;&gt;</a>&nbsp;&nbsp;&nbsp;__user_setup_stackheap
</UL>

<P><STRONG><a name="[191]"></a>__user_perthread_libspace</STRONG> (Thumb, 0 bytes, Stack size 0 bytes, libspace.o(.text), UNUSED)

<P><STRONG><a name="[87]"></a>_sys_exit</STRONG> (Thumb, 8 bytes, Stack size 0 bytes, sys_exit.o(.text))
<BR><BR>[Called By]<UL><LI><a href="#[86]">&gt;&gt;</a>&nbsp;&nbsp;&nbsp;__rt_exit_exit
</UL>

<P><STRONG><a name="[192]"></a>__I$use$semihosting</STRONG> (Thumb, 0 bytes, Stack size 0 bytes, use_no_semi.o(.text), UNUSED)

<P><STRONG><a name="[193]"></a>__use_no_semihosting_swi</STRONG> (Thumb, 2 bytes, Stack size 0 bytes, use_no_semi.o(.text), UNUSED)

<P><STRONG><a name="[8e]"></a>BSP_Init</STRONG> (Thumb, 20 bytes, Stack size 8 bytes, bsp.o(i.BSP_Init))
<BR><BR>[Stack]<UL><LI>Max Depth = 60<LI>Call Chain = BSP_Init &rArr; SysTick_Configuration &rArr; RCC_GetClocksFreq
</UL>
<BR>[Calls]<UL><LI><a href="#[91]">&gt;&gt;</a>&nbsp;&nbsp;&nbsp;SysTick_Configuration
<LI><a href="#[8f]">&gt;&gt;</a>&nbsp;&nbsp;&nbsp;RCC_Configuration
<LI><a href="#[90]">&gt;&gt;</a>&nbsp;&nbsp;&nbsp;NVIC_Configuration
<LI><a href="#[92]">&gt;&gt;</a>&nbsp;&nbsp;&nbsp;GPIO_Configuration
</UL>
<BR>[Called By]<UL><LI><a href="#[11b]">&gt;&gt;</a>&nbsp;&nbsp;&nbsp;rt_hw_board_init
</UL>

<P><STRONG><a name="[194]"></a>__semihosting_library_function</STRONG> (Thumb, 0 bytes, Stack size 8 bytes, indicate_semi.o(.text), UNUSED)

<P><STRONG><a name="[1a]"></a>BusFault_Handler</STRONG> (Thumb, 4 bytes, Stack size 0 bytes, stm32f10x_it.o(i.BusFault_Handler))
<BR>[Address Reference Count : 1]<UL><LI> startup_stm32f10x_md.o(RESET)
</UL>
<P><STRONG><a name="[1d]"></a>DebugMon_Handler</STRONG> (Thumb, 2 bytes, Stack size 0 bytes, stm32f10x_it.o(i.DebugMon_Handler))
<BR>[Address Reference Count : 1]<UL><LI> startup_stm32f10x_md.o(RESET)
</UL>
<P><STRONG><a name="[93]"></a>EnterCriticalSection</STRONG> (Thumb, 8 bytes, Stack size 8 bytes, port.o(i.EnterCriticalSection))
<BR><BR>[Stack]<UL><LI>Max Depth = 16<LI>Call Chain = EnterCriticalSection &rArr; rt_enter_critical
</UL>
<BR>[Calls]<UL><LI><a href="#[94]">&gt;&gt;</a>&nbsp;&nbsp;&nbsp;rt_enter_critical
</UL>
<BR>[Called By]<UL><LI><a href="#[58]">&gt;&gt;</a>&nbsp;&nbsp;&nbsp;eMBMasterRTUStop
<LI><a href="#[57]">&gt;&gt;</a>&nbsp;&nbsp;&nbsp;eMBMasterRTUStart
<LI><a href="#[59]">&gt;&gt;</a>&nbsp;&nbsp;&nbsp;eMBMasterRTUSend
<LI><a href="#[5a]">&gt;&gt;</a>&nbsp;&nbsp;&nbsp;eMBMasterRTUReceive
<LI><a href="#[d2]">&gt;&gt;</a>&nbsp;&nbsp;&nbsp;eMBMasterRTUInit
<LI><a href="#[51]">&gt;&gt;</a>&nbsp;&nbsp;&nbsp;eMBRTUStop
<LI><a href="#[50]">&gt;&gt;</a>&nbsp;&nbsp;&nbsp;eMBRTUStart
<LI><a href="#[52]">&gt;&gt;</a>&nbsp;&nbsp;&nbsp;eMBRTUSend
<LI><a href="#[53]">&gt;&gt;</a>&nbsp;&nbsp;&nbsp;eMBRTUReceive
<LI><a href="#[c9]">&gt;&gt;</a>&nbsp;&nbsp;&nbsp;eMBRTUInit
</UL>

<P><STRONG><a name="[95]"></a>ExitCriticalSection</STRONG> (Thumb, 8 bytes, Stack size 8 bytes, port.o(i.ExitCriticalSection))
<BR><BR>[Stack]<UL><LI>Max Depth = 56<LI>Call Chain = ExitCriticalSection &rArr; rt_exit_critical &rArr; rt_schedule &rArr; _rt_scheduler_stack_check
</UL>
<BR>[Calls]<UL><LI><a href="#[96]">&gt;&gt;</a>&nbsp;&nbsp;&nbsp;rt_exit_critical
</UL>
<BR>[Called By]<UL><LI><a href="#[58]">&gt;&gt;</a>&nbsp;&nbsp;&nbsp;eMBMasterRTUStop
<LI><a href="#[57]">&gt;&gt;</a>&nbsp;&nbsp;&nbsp;eMBMasterRTUStart
<LI><a href="#[59]">&gt;&gt;</a>&nbsp;&nbsp;&nbsp;eMBMasterRTUSend
<LI><a href="#[5a]">&gt;&gt;</a>&nbsp;&nbsp;&nbsp;eMBMasterRTUReceive
<LI><a href="#[d2]">&gt;&gt;</a>&nbsp;&nbsp;&nbsp;eMBMasterRTUInit
<LI><a href="#[51]">&gt;&gt;</a>&nbsp;&nbsp;&nbsp;eMBRTUStop
<LI><a href="#[50]">&gt;&gt;</a>&nbsp;&nbsp;&nbsp;eMBRTUStart
<LI><a href="#[52]">&gt;&gt;</a>&nbsp;&nbsp;&nbsp;eMBRTUSend
<LI><a href="#[53]">&gt;&gt;</a>&nbsp;&nbsp;&nbsp;eMBRTUReceive
<LI><a href="#[c9]">&gt;&gt;</a>&nbsp;&nbsp;&nbsp;eMBRTUInit
</UL>

<P><STRONG><a name="[97]"></a>GPIO_Init</STRONG> (Thumb, 278 bytes, Stack size 24 bytes, stm32f10x_gpio.o(i.GPIO_Init))
<BR><BR>[Stack]<UL><LI>Max Depth = 24<LI>Call Chain = GPIO_Init
</UL>
<BR>[Called By]<UL><LI><a href="#[76]">&gt;&gt;</a>&nbsp;&nbsp;&nbsp;stm32_pin_mode
<LI><a href="#[98]">&gt;&gt;</a>&nbsp;&nbsp;&nbsp;GPIO_Configuration
<LI><a href="#[92]">&gt;&gt;</a>&nbsp;&nbsp;&nbsp;GPIO_Configuration
</UL>

<P><STRONG><a name="[152]"></a>GPIO_ReadInputDataBit</STRONG> (Thumb, 18 bytes, Stack size 0 bytes, stm32f10x_gpio.o(i.GPIO_ReadInputDataBit))
<BR><BR>[Called By]<UL><LI><a href="#[78]">&gt;&gt;</a>&nbsp;&nbsp;&nbsp;stm32_pin_read
</UL>

<P><STRONG><a name="[153]"></a>GPIO_ResetBits</STRONG> (Thumb, 4 bytes, Stack size 0 bytes, stm32f10x_gpio.o(i.GPIO_ResetBits))
<BR><BR>[Called By]<UL><LI><a href="#[77]">&gt;&gt;</a>&nbsp;&nbsp;&nbsp;stm32_pin_write
<LI><a href="#[5e]">&gt;&gt;</a>&nbsp;&nbsp;&nbsp;thread_entry_SysMonitor
</UL>

<P><STRONG><a name="[154]"></a>GPIO_SetBits</STRONG> (Thumb, 4 bytes, Stack size 0 bytes, stm32f10x_gpio.o(i.GPIO_SetBits))
<BR><BR>[Called By]<UL><LI><a href="#[77]">&gt;&gt;</a>&nbsp;&nbsp;&nbsp;stm32_pin_write
<LI><a href="#[5e]">&gt;&gt;</a>&nbsp;&nbsp;&nbsp;thread_entry_SysMonitor
</UL>

<P><STRONG><a name="[99]"></a>IWDG_Feed</STRONG> (Thumb, 8 bytes, Stack size 8 bytes, bsp.o(i.IWDG_Feed))
<BR><BR>[Stack]<UL><LI>Max Depth = 8<LI>Call Chain = IWDG_Feed
</UL>
<BR>[Calls]<UL><LI><a href="#[9a]">&gt;&gt;</a>&nbsp;&nbsp;&nbsp;IWDG_ReloadCounter
</UL>
<BR>[Called By]<UL><LI><a href="#[5e]">&gt;&gt;</a>&nbsp;&nbsp;&nbsp;thread_entry_SysMonitor
</UL>

<P><STRONG><a name="[9a]"></a>IWDG_ReloadCounter</STRONG> (Thumb, 10 bytes, Stack size 0 bytes, stm32f10x_iwdg.o(i.IWDG_ReloadCounter))
<BR><BR>[Called By]<UL><LI><a href="#[99]">&gt;&gt;</a>&nbsp;&nbsp;&nbsp;IWDG_Feed
</UL>

<P><STRONG><a name="[19]"></a>MemManage_Handler</STRONG> (Thumb, 4 bytes, Stack size 0 bytes, stm32f10x_it.o(i.MemManage_Handler))
<BR>[Address Reference Count : 1]<UL><LI> startup_stm32f10x_md.o(RESET)
</UL>
<P><STRONG><a name="[17]"></a>NMI_Handler</STRONG> (Thumb, 2 bytes, Stack size 0 bytes, stm32f10x_it.o(i.NMI_Handler))
<BR>[Address Reference Count : 1]<UL><LI> startup_stm32f10x_md.o(RESET)
</UL>
<P><STRONG><a name="[9d]"></a>NVIC_Init</STRONG> (Thumb, 100 bytes, Stack size 16 bytes, misc.o(i.NVIC_Init))
<BR><BR>[Stack]<UL><LI>Max Depth = 16<LI>Call Chain = NVIC_Init
</UL>
<BR>[Called By]<UL><LI><a href="#[9c]">&gt;&gt;</a>&nbsp;&nbsp;&nbsp;NVIC_Configuration
</UL>

<P><STRONG><a name="[9b]"></a>NVIC_SetVectorTable</STRONG> (Thumb, 12 bytes, Stack size 0 bytes, misc.o(i.NVIC_SetVectorTable))
<BR><BR>[Called By]<UL><LI><a href="#[90]">&gt;&gt;</a>&nbsp;&nbsp;&nbsp;NVIC_Configuration
</UL>

<P><STRONG><a name="[9f]"></a>RCC_ADCCLKConfig</STRONG> (Thumb, 18 bytes, Stack size 0 bytes, stm32f10x_rcc.o(i.RCC_ADCCLKConfig))
<BR><BR>[Called By]<UL><LI><a href="#[8f]">&gt;&gt;</a>&nbsp;&nbsp;&nbsp;RCC_Configuration
</UL>

<P><STRONG><a name="[a0]"></a>RCC_AHBPeriphClockCmd</STRONG> (Thumb, 26 bytes, Stack size 0 bytes, stm32f10x_rcc.o(i.RCC_AHBPeriphClockCmd))
<BR><BR>[Called By]<UL><LI><a href="#[8f]">&gt;&gt;</a>&nbsp;&nbsp;&nbsp;RCC_Configuration
</UL>

<P><STRONG><a name="[a2]"></a>RCC_APB1PeriphClockCmd</STRONG> (Thumb, 26 bytes, Stack size 0 bytes, stm32f10x_rcc.o(i.RCC_APB1PeriphClockCmd))
<BR><BR>[Called By]<UL><LI><a href="#[a1]">&gt;&gt;</a>&nbsp;&nbsp;&nbsp;RCC_Configuration
</UL>

<P><STRONG><a name="[9e]"></a>RCC_APB2PeriphClockCmd</STRONG> (Thumb, 26 bytes, Stack size 0 bytes, stm32f10x_rcc.o(i.RCC_APB2PeriphClockCmd))
<BR><BR>[Called By]<UL><LI><a href="#[76]">&gt;&gt;</a>&nbsp;&nbsp;&nbsp;stm32_pin_mode
<LI><a href="#[a1]">&gt;&gt;</a>&nbsp;&nbsp;&nbsp;RCC_Configuration
<LI><a href="#[8f]">&gt;&gt;</a>&nbsp;&nbsp;&nbsp;RCC_Configuration
</UL>

<P><STRONG><a name="[a5]"></a>RCC_GetClocksFreq</STRONG> (Thumb, 192 bytes, Stack size 12 bytes, stm32f10x_rcc.o(i.RCC_GetClocksFreq))
<BR><BR>[Stack]<UL><LI>Max Depth = 12<LI>Call Chain = RCC_GetClocksFreq
</UL>
<BR>[Called By]<UL><LI><a href="#[ae]">&gt;&gt;</a>&nbsp;&nbsp;&nbsp;USART_Init
<LI><a href="#[91]">&gt;&gt;</a>&nbsp;&nbsp;&nbsp;SysTick_Configuration
</UL>

<P><STRONG><a name="[1c]"></a>SVC_Handler</STRONG> (Thumb, 2 bytes, Stack size 0 bytes, stm32f10x_it.o(i.SVC_Handler))
<BR>[Address Reference Count : 1]<UL><LI> startup_stm32f10x_md.o(RESET)
</UL>
<P><STRONG><a name="[a6]"></a>SysTick_CLKSourceConfig</STRONG> (Thumb, 40 bytes, Stack size 0 bytes, misc.o(i.SysTick_CLKSourceConfig))
<BR><BR>[Called By]<UL><LI><a href="#[91]">&gt;&gt;</a>&nbsp;&nbsp;&nbsp;SysTick_Configuration
</UL>

<P><STRONG><a name="[91]"></a>SysTick_Configuration</STRONG> (Thumb, 100 bytes, Stack size 40 bytes, bsp.o(i.SysTick_Configuration))
<BR><BR>[Stack]<UL><LI>Max Depth = 52<LI>Call Chain = SysTick_Configuration &rArr; RCC_GetClocksFreq
</UL>
<BR>[Calls]<UL><LI><a href="#[a6]">&gt;&gt;</a>&nbsp;&nbsp;&nbsp;SysTick_CLKSourceConfig
<LI><a href="#[a5]">&gt;&gt;</a>&nbsp;&nbsp;&nbsp;RCC_GetClocksFreq
</UL>
<BR>[Called By]<UL><LI><a href="#[8e]">&gt;&gt;</a>&nbsp;&nbsp;&nbsp;BSP_Init
</UL>

<P><STRONG><a name="[1f]"></a>SysTick_Handler</STRONG> (Thumb, 8 bytes, Stack size 8 bytes, stm32f10x_it.o(i.SysTick_Handler))
<BR><BR>[Stack]<UL><LI>Max Depth = 112<LI>Call Chain = SysTick_Handler &rArr; rt_hw_timer_handler &rArr; rt_tick_increase &rArr; rt_timer_check &rArr; rt_timer_start &rArr; rt_thread_resume &rArr; rt_timer_stop &rArr; _rt_timer_remove
</UL>
<BR>[Calls]<UL><LI><a href="#[a7]">&gt;&gt;</a>&nbsp;&nbsp;&nbsp;rt_hw_timer_handler
</UL>
<BR>[Address Reference Count : 1]<UL><LI> startup_stm32f10x_md.o(RESET)
</UL>
<P><STRONG><a name="[4b]"></a>SystemInit</STRONG> (Thumb, 78 bytes, Stack size 8 bytes, system_stm32f10x.o(i.SystemInit))
<BR><BR>[Stack]<UL><LI>Max Depth = 28<LI>Call Chain = SystemInit &rArr; SetSysClock &rArr; SetSysClockTo72
</UL>
<BR>[Calls]<UL><LI><a href="#[a3]">&gt;&gt;</a>&nbsp;&nbsp;&nbsp;SetSysClock
</UL>
<BR>[Called By]<UL><LI><a href="#[82]">&gt;&gt;</a>&nbsp;&nbsp;&nbsp;main
</UL>
<BR>[Address Reference Count : 1]<UL><LI> startup_stm32f10x_md.o(.text)
</UL>
<P><STRONG><a name="[45]"></a>USART1_IRQHandler</STRONG> (Thumb, 84 bytes, Stack size 8 bytes, usart.o(i.USART1_IRQHandler))
<BR><BR>[Stack]<UL><LI>Max Depth = 176<LI>Call Chain = USART1_IRQHandler &rArr; rt_hw_serial_isr &rArr; rt_data_queue_pop &rArr; rt_timer_start &rArr; rt_thread_resume &rArr; rt_timer_stop &rArr; _rt_timer_remove
</UL>
<BR>[Calls]<UL><LI><a href="#[aa]">&gt;&gt;</a>&nbsp;&nbsp;&nbsp;rt_hw_serial_isr
<LI><a href="#[a9]">&gt;&gt;</a>&nbsp;&nbsp;&nbsp;USART_GetITStatus
<LI><a href="#[ac]">&gt;&gt;</a>&nbsp;&nbsp;&nbsp;USART_GetFlagStatus
<LI><a href="#[ab]">&gt;&gt;</a>&nbsp;&nbsp;&nbsp;USART_ClearITPendingBit
<LI><a href="#[75]">&gt;&gt;</a>&nbsp;&nbsp;&nbsp;stm32_getc
<LI><a href="#[ad]">&gt;&gt;</a>&nbsp;&nbsp;&nbsp;rt_interrupt_leave
<LI><a href="#[a8]">&gt;&gt;</a>&nbsp;&nbsp;&nbsp;rt_interrupt_enter
</UL>
<BR>[Address Reference Count : 1]<UL><LI> startup_stm32f10x_md.o(RESET)
</UL>
<P><STRONG><a name="[46]"></a>USART2_IRQHandler</STRONG> (Thumb, 84 bytes, Stack size 8 bytes, usart.o(i.USART2_IRQHandler))
<BR><BR>[Stack]<UL><LI>Max Depth = 176<LI>Call Chain = USART2_IRQHandler &rArr; rt_hw_serial_isr &rArr; rt_data_queue_pop &rArr; rt_timer_start &rArr; rt_thread_resume &rArr; rt_timer_stop &rArr; _rt_timer_remove
</UL>
<BR>[Calls]<UL><LI><a href="#[aa]">&gt;&gt;</a>&nbsp;&nbsp;&nbsp;rt_hw_serial_isr
<LI><a href="#[a9]">&gt;&gt;</a>&nbsp;&nbsp;&nbsp;USART_GetITStatus
<LI><a href="#[ac]">&gt;&gt;</a>&nbsp;&nbsp;&nbsp;USART_GetFlagStatus
<LI><a href="#[ab]">&gt;&gt;</a>&nbsp;&nbsp;&nbsp;USART_ClearITPendingBit
<LI><a href="#[75]">&gt;&gt;</a>&nbsp;&nbsp;&nbsp;stm32_getc
<LI><a href="#[ad]">&gt;&gt;</a>&nbsp;&nbsp;&nbsp;rt_interrupt_leave
<LI><a href="#[a8]">&gt;&gt;</a>&nbsp;&nbsp;&nbsp;rt_interrupt_enter
</UL>
<BR>[Address Reference Count : 1]<UL><LI> startup_stm32f10x_md.o(RESET)
</UL>
<P><STRONG><a name="[47]"></a>USART3_IRQHandler</STRONG> (Thumb, 84 bytes, Stack size 8 bytes, usart.o(i.USART3_IRQHandler))
<BR><BR>[Stack]<UL><LI>Max Depth = 176<LI>Call Chain = USART3_IRQHandler &rArr; rt_hw_serial_isr &rArr; rt_data_queue_pop &rArr; rt_timer_start &rArr; rt_thread_resume &rArr; rt_timer_stop &rArr; _rt_timer_remove
</UL>
<BR>[Calls]<UL><LI><a href="#[aa]">&gt;&gt;</a>&nbsp;&nbsp;&nbsp;rt_hw_serial_isr
<LI><a href="#[a9]">&gt;&gt;</a>&nbsp;&nbsp;&nbsp;USART_GetITStatus
<LI><a href="#[ac]">&gt;&gt;</a>&nbsp;&nbsp;&nbsp;USART_GetFlagStatus
<LI><a href="#[ab]">&gt;&gt;</a>&nbsp;&nbsp;&nbsp;USART_ClearITPendingBit
<LI><a href="#[75]">&gt;&gt;</a>&nbsp;&nbsp;&nbsp;stm32_getc
<LI><a href="#[ad]">&gt;&gt;</a>&nbsp;&nbsp;&nbsp;rt_interrupt_leave
<LI><a href="#[a8]">&gt;&gt;</a>&nbsp;&nbsp;&nbsp;rt_interrupt_enter
</UL>
<BR>[Address Reference Count : 1]<UL><LI> startup_stm32f10x_md.o(RESET)
</UL>
<P><STRONG><a name="[ab]"></a>USART_ClearITPendingBit</STRONG> (Thumb, 30 bytes, Stack size 8 bytes, stm32f10x_usart.o(i.USART_ClearITPendingBit))
<BR><BR>[Stack]<UL><LI>Max Depth = 8<LI>Call Chain = USART_ClearITPendingBit
</UL>
<BR>[Called By]<UL><LI><a href="#[47]">&gt;&gt;</a>&nbsp;&nbsp;&nbsp;USART3_IRQHandler
<LI><a href="#[46]">&gt;&gt;</a>&nbsp;&nbsp;&nbsp;USART2_IRQHandler
<LI><a href="#[45]">&gt;&gt;</a>&nbsp;&nbsp;&nbsp;USART1_IRQHandler
</UL>

<P><STRONG><a name="[14f]"></a>USART_Cmd</STRONG> (Thumb, 24 bytes, Stack size 0 bytes, stm32f10x_usart.o(i.USART_Cmd))
<BR><BR>[Called By]<UL><LI><a href="#[72]">&gt;&gt;</a>&nbsp;&nbsp;&nbsp;stm32_configure
</UL>

<P><STRONG><a name="[ac]"></a>USART_GetFlagStatus</STRONG> (Thumb, 26 bytes, Stack size 0 bytes, stm32f10x_usart.o(i.USART_GetFlagStatus))
<BR><BR>[Called By]<UL><LI><a href="#[47]">&gt;&gt;</a>&nbsp;&nbsp;&nbsp;USART3_IRQHandler
<LI><a href="#[46]">&gt;&gt;</a>&nbsp;&nbsp;&nbsp;USART2_IRQHandler
<LI><a href="#[45]">&gt;&gt;</a>&nbsp;&nbsp;&nbsp;USART1_IRQHandler
</UL>

<P><STRONG><a name="[a9]"></a>USART_GetITStatus</STRONG> (Thumb, 84 bytes, Stack size 16 bytes, stm32f10x_usart.o(i.USART_GetITStatus))
<BR><BR>[Stack]<UL><LI>Max Depth = 16<LI>Call Chain = USART_GetITStatus
</UL>
<BR>[Called By]<UL><LI><a href="#[47]">&gt;&gt;</a>&nbsp;&nbsp;&nbsp;USART3_IRQHandler
<LI><a href="#[46]">&gt;&gt;</a>&nbsp;&nbsp;&nbsp;USART2_IRQHandler
<LI><a href="#[45]">&gt;&gt;</a>&nbsp;&nbsp;&nbsp;USART1_IRQHandler
</UL>

<P><STRONG><a name="[150]"></a>USART_ITConfig</STRONG> (Thumb, 74 bytes, Stack size 20 bytes, stm32f10x_usart.o(i.USART_ITConfig))
<BR><BR>[Stack]<UL><LI>Max Depth = 20<LI>Call Chain = USART_ITConfig
</UL>
<BR>[Called By]<UL><LI><a href="#[73]">&gt;&gt;</a>&nbsp;&nbsp;&nbsp;stm32_control
</UL>

<P><STRONG><a name="[ae]"></a>USART_Init</STRONG> (Thumb, 210 bytes, Stack size 56 bytes, stm32f10x_usart.o(i.USART_Init))
<BR><BR>[Stack]<UL><LI>Max Depth = 68<LI>Call Chain = USART_Init &rArr; RCC_GetClocksFreq
</UL>
<BR>[Calls]<UL><LI><a href="#[a5]">&gt;&gt;</a>&nbsp;&nbsp;&nbsp;RCC_GetClocksFreq
</UL>
<BR>[Called By]<UL><LI><a href="#[72]">&gt;&gt;</a>&nbsp;&nbsp;&nbsp;stm32_configure
</UL>

<P><STRONG><a name="[1b]"></a>UsageFault_Handler</STRONG> (Thumb, 4 bytes, Stack size 0 bytes, stm32f10x_it.o(i.UsageFault_Handler))
<BR>[Address Reference Count : 1]<UL><LI> startup_stm32f10x_md.o(RESET)
</UL>
<P><STRONG><a name="[127]"></a>__rt_ffs</STRONG> (Thumb, 70 bytes, Stack size 0 bytes, kservice.o(i.__rt_ffs))
<BR><BR>[Called By]<UL><LI><a href="#[134]">&gt;&gt;</a>&nbsp;&nbsp;&nbsp;rt_system_scheduler_start
<LI><a href="#[ff]">&gt;&gt;</a>&nbsp;&nbsp;&nbsp;rt_schedule
</UL>

<P><STRONG><a name="[157]"></a>cpu_usage_get</STRONG> (Thumb, 52 bytes, Stack size 8 bytes, cpuusage.o(i.cpu_usage_get))
<BR><BR>[Stack]<UL><LI>Max Depth = 8<LI>Call Chain = cpu_usage_get
</UL>
<BR>[Called By]<UL><LI><a href="#[5e]">&gt;&gt;</a>&nbsp;&nbsp;&nbsp;thread_entry_SysMonitor
</UL>

<P><STRONG><a name="[c0]"></a>cpu_usage_init</STRONG> (Thumb, 10 bytes, Stack size 8 bytes, cpuusage.o(i.cpu_usage_init))
<BR><BR>[Stack]<UL><LI>Max Depth = 8<LI>Call Chain = cpu_usage_init
</UL>
<BR>[Calls]<UL><LI><a href="#[c1]">&gt;&gt;</a>&nbsp;&nbsp;&nbsp;rt_thread_idle_sethook
</UL>
<BR>[Called By]<UL><LI><a href="#[f8]">&gt;&gt;</a>&nbsp;&nbsp;&nbsp;rtthread_startup
</UL>

<P><STRONG><a name="[156]"></a>eMBEnable</STRONG> (Thumb, 32 bytes, Stack size 8 bytes, mb.o(i.eMBEnable))
<BR><BR>[Stack]<UL><LI>Max Depth = 8<LI>Call Chain = eMBEnable
</UL>
<BR>[Called By]<UL><LI><a href="#[5f]">&gt;&gt;</a>&nbsp;&nbsp;&nbsp;thread_entry_ModbusSlavePoll
</UL>

<P><STRONG><a name="[9]"></a>eMBFuncReadCoils</STRONG> (Thumb, 174 bytes, Stack size 40 bytes, mbfunccoils.o(i.eMBFuncReadCoils))
<BR><BR>[Stack]<UL><LI>Max Depth = 124<LI>Call Chain = eMBFuncReadCoils &rArr; eMBRegCoilsCB &rArr; xMBUtilSetBits
</UL>
<BR>[Calls]<UL><LI><a href="#[c3]">&gt;&gt;</a>&nbsp;&nbsp;&nbsp;prveMBError2Exception
<LI><a href="#[c2]">&gt;&gt;</a>&nbsp;&nbsp;&nbsp;eMBRegCoilsCB
</UL>
<BR>[Address Reference Count : 1]<UL><LI> mb.o(.data)
</UL>
<P><STRONG><a name="[c]"></a>eMBFuncReadDiscreteInputs</STRONG> (Thumb, 172 bytes, Stack size 40 bytes, mbfuncdisc.o(i.eMBFuncReadDiscreteInputs))
<BR><BR>[Stack]<UL><LI>Max Depth = 108<LI>Call Chain = eMBFuncReadDiscreteInputs &rArr; eMBRegDiscreteCB &rArr; xMBUtilGetBits
</UL>
<BR>[Calls]<UL><LI><a href="#[c4]">&gt;&gt;</a>&nbsp;&nbsp;&nbsp;eMBRegDiscreteCB
<LI><a href="#[c3]">&gt;&gt;</a>&nbsp;&nbsp;&nbsp;prveMBError2Exception
</UL>
<BR>[Address Reference Count : 1]<UL><LI> mb.o(.data)
</UL>
<P><STRONG><a name="[5]"></a>eMBFuncReadHoldingRegister</STRONG> (Thumb, 142 bytes, Stack size 32 bytes, mbfuncholding.o(i.eMBFuncReadHoldingRegister))
<BR><BR>[Stack]<UL><LI>Max Depth = 64<LI>Call Chain = eMBFuncReadHoldingRegister &rArr; eMBRegHoldingCB
</UL>
<BR>[Calls]<UL><LI><a href="#[c5]">&gt;&gt;</a>&nbsp;&nbsp;&nbsp;eMBRegHoldingCB
<LI><a href="#[c3]">&gt;&gt;</a>&nbsp;&nbsp;&nbsp;prveMBError2Exception
</UL>
<BR>[Address Reference Count : 1]<UL><LI> mb.o(.data)
</UL>
<P><STRONG><a name="[4]"></a>eMBFuncReadInputRegister</STRONG> (Thumb, 140 bytes, Stack size 32 bytes, mbfuncinput.o(i.eMBFuncReadInputRegister))
<BR><BR>[Stack]<UL><LI>Max Depth = 60<LI>Call Chain = eMBFuncReadInputRegister &rArr; eMBRegInputCB
</UL>
<BR>[Calls]<UL><LI><a href="#[c6]">&gt;&gt;</a>&nbsp;&nbsp;&nbsp;eMBRegInputCB
<LI><a href="#[c3]">&gt;&gt;</a>&nbsp;&nbsp;&nbsp;prveMBError2Exception
</UL>
<BR>[Address Reference Count : 1]<UL><LI> mb.o(.data)
</UL>
<P><STRONG><a name="[8]"></a>eMBFuncReadWriteMultipleHoldingRegister</STRONG> (Thumb, 212 bytes, Stack size 48 bytes, mbfuncholding.o(i.eMBFuncReadWriteMultipleHoldingRegister))
<BR><BR>[Stack]<UL><LI>Max Depth = 80<LI>Call Chain = eMBFuncReadWriteMultipleHoldingRegister &rArr; eMBRegHoldingCB
</UL>
<BR>[Calls]<UL><LI><a href="#[c5]">&gt;&gt;</a>&nbsp;&nbsp;&nbsp;eMBRegHoldingCB
<LI><a href="#[c3]">&gt;&gt;</a>&nbsp;&nbsp;&nbsp;prveMBError2Exception
</UL>
<BR>[Address Reference Count : 1]<UL><LI> mb.o(.data)
</UL>
<P><STRONG><a name="[3]"></a>eMBFuncReportSlaveID</STRONG> (Thumb, 30 bytes, Stack size 16 bytes, mbfuncother.o(i.eMBFuncReportSlaveID))
<BR><BR>[Stack]<UL><LI>Max Depth = 16<LI>Call Chain = eMBFuncReportSlaveID
</UL>
<BR>[Calls]<UL><LI><a href="#[c7]">&gt;&gt;</a>&nbsp;&nbsp;&nbsp;__aeabi_memcpy
</UL>
<BR>[Address Reference Count : 2]<UL><LI> mb.o(.data)
<LI> mb_m.o(.data)
</UL>
<P><STRONG><a name="[a]"></a>eMBFuncWriteCoil</STRONG> (Thumb, 112 bytes, Stack size 32 bytes, mbfunccoils.o(i.eMBFuncWriteCoil))
<BR><BR>[Stack]<UL><LI>Max Depth = 116<LI>Call Chain = eMBFuncWriteCoil &rArr; eMBRegCoilsCB &rArr; xMBUtilSetBits
</UL>
<BR>[Calls]<UL><LI><a href="#[c3]">&gt;&gt;</a>&nbsp;&nbsp;&nbsp;prveMBError2Exception
<LI><a href="#[c2]">&gt;&gt;</a>&nbsp;&nbsp;&nbsp;eMBRegCoilsCB
</UL>
<BR>[Address Reference Count : 1]<UL><LI> mb.o(.data)
</UL>
<P><STRONG><a name="[7]"></a>eMBFuncWriteHoldingRegister</STRONG> (Thumb, 66 bytes, Stack size 24 bytes, mbfuncholding.o(i.eMBFuncWriteHoldingRegister))
<BR><BR>[Stack]<UL><LI>Max Depth = 56<LI>Call Chain = eMBFuncWriteHoldingRegister &rArr; eMBRegHoldingCB
</UL>
<BR>[Calls]<UL><LI><a href="#[c5]">&gt;&gt;</a>&nbsp;&nbsp;&nbsp;eMBRegHoldingCB
<LI><a href="#[c3]">&gt;&gt;</a>&nbsp;&nbsp;&nbsp;prveMBError2Exception
</UL>
<BR>[Address Reference Count : 1]<UL><LI> mb.o(.data)
</UL>
<P><STRONG><a name="[b]"></a>eMBFuncWriteMultipleCoils</STRONG> (Thumb, 144 bytes, Stack size 40 bytes, mbfunccoils.o(i.eMBFuncWriteMultipleCoils))
<BR><BR>[Stack]<UL><LI>Max Depth = 124<LI>Call Chain = eMBFuncWriteMultipleCoils &rArr; eMBRegCoilsCB &rArr; xMBUtilSetBits
</UL>
<BR>[Calls]<UL><LI><a href="#[c3]">&gt;&gt;</a>&nbsp;&nbsp;&nbsp;prveMBError2Exception
<LI><a href="#[c2]">&gt;&gt;</a>&nbsp;&nbsp;&nbsp;eMBRegCoilsCB
</UL>
<BR>[Address Reference Count : 1]<UL><LI> mb.o(.data)
</UL>
<P><STRONG><a name="[6]"></a>eMBFuncWriteMultipleHoldingRegister</STRONG> (Thumb, 110 bytes, Stack size 32 bytes, mbfuncholding.o(i.eMBFuncWriteMultipleHoldingRegister))
<BR><BR>[Stack]<UL><LI>Max Depth = 64<LI>Call Chain = eMBFuncWriteMultipleHoldingRegister &rArr; eMBRegHoldingCB
</UL>
<BR>[Calls]<UL><LI><a href="#[c5]">&gt;&gt;</a>&nbsp;&nbsp;&nbsp;eMBRegHoldingCB
<LI><a href="#[c3]">&gt;&gt;</a>&nbsp;&nbsp;&nbsp;prveMBError2Exception
</UL>
<BR>[Address Reference Count : 1]<UL><LI> mb.o(.data)
</UL>
<P><STRONG><a name="[c8]"></a>eMBInit</STRONG> (Thumb, 150 bytes, Stack size 32 bytes, mb.o(i.eMBInit))
<BR><BR>[Stack]<UL><LI>Max Depth = 280<LI>Call Chain = eMBInit &rArr; eMBRTUInit &rArr; xMBPortSerialInit &rArr; rt_thread_init &rArr; _rt_thread_init &rArr; rt_timer_init &rArr; rt_object_init &rArr; rt_strncpy
</UL>
<BR>[Calls]<UL><LI><a href="#[ca]">&gt;&gt;</a>&nbsp;&nbsp;&nbsp;xMBPortEventInit
<LI><a href="#[c9]">&gt;&gt;</a>&nbsp;&nbsp;&nbsp;eMBRTUInit
</UL>
<BR>[Called By]<UL><LI><a href="#[5f]">&gt;&gt;</a>&nbsp;&nbsp;&nbsp;thread_entry_ModbusSlavePoll
</UL>

<P><STRONG><a name="[155]"></a>eMBMasterEnable</STRONG> (Thumb, 32 bytes, Stack size 8 bytes, mb_m.o(i.eMBMasterEnable))
<BR><BR>[Stack]<UL><LI>Max Depth = 8<LI>Call Chain = eMBMasterEnable
</UL>
<BR>[Called By]<UL><LI><a href="#[60]">&gt;&gt;</a>&nbsp;&nbsp;&nbsp;thread_entry_ModbusMasterPoll
</UL>

<P><STRONG><a name="[12]"></a>eMBMasterFuncReadCoils</STRONG> (Thumb, 152 bytes, Stack size 40 bytes, mbfunccoils_m.o(i.eMBMasterFuncReadCoils))
<BR><BR>[Stack]<UL><LI>Max Depth = 124<LI>Call Chain = eMBMasterFuncReadCoils &rArr; eMBMasterRegCoilsCB &rArr; xMBUtilSetBits
</UL>
<BR>[Calls]<UL><LI><a href="#[cd]">&gt;&gt;</a>&nbsp;&nbsp;&nbsp;eMBMasterRegCoilsCB
<LI><a href="#[cb]">&gt;&gt;</a>&nbsp;&nbsp;&nbsp;xMBMasterRequestIsBroadcast
<LI><a href="#[cc]">&gt;&gt;</a>&nbsp;&nbsp;&nbsp;vMBMasterGetPDUSndBuf
<LI><a href="#[c3]">&gt;&gt;</a>&nbsp;&nbsp;&nbsp;prveMBError2Exception
</UL>
<BR>[Address Reference Count : 1]<UL><LI> mb_m.o(.data)
</UL>
<P><STRONG><a name="[15]"></a>eMBMasterFuncReadDiscreteInputs</STRONG> (Thumb, 150 bytes, Stack size 40 bytes, mbfuncdisc_m.o(i.eMBMasterFuncReadDiscreteInputs))
<BR><BR>[Stack]<UL><LI>Max Depth = 116<LI>Call Chain = eMBMasterFuncReadDiscreteInputs &rArr; eMBMasterRegDiscreteCB &rArr; xMBUtilSetBits
</UL>
<BR>[Calls]<UL><LI><a href="#[ce]">&gt;&gt;</a>&nbsp;&nbsp;&nbsp;eMBMasterRegDiscreteCB
<LI><a href="#[cb]">&gt;&gt;</a>&nbsp;&nbsp;&nbsp;xMBMasterRequestIsBroadcast
<LI><a href="#[cc]">&gt;&gt;</a>&nbsp;&nbsp;&nbsp;vMBMasterGetPDUSndBuf
<LI><a href="#[c3]">&gt;&gt;</a>&nbsp;&nbsp;&nbsp;prveMBError2Exception
</UL>
<BR>[Address Reference Count : 1]<UL><LI> mb_m.o(.data)
</UL>
<P><STRONG><a name="[e]"></a>eMBMasterFuncReadHoldingRegister</STRONG> (Thumb, 116 bytes, Stack size 32 bytes, mbfuncholding_m.o(i.eMBMasterFuncReadHoldingRegister))
<BR><BR>[Stack]<UL><LI>Max Depth = 80<LI>Call Chain = eMBMasterFuncReadHoldingRegister &rArr; eMBMasterRegHoldingCB
</UL>
<BR>[Calls]<UL><LI><a href="#[cf]">&gt;&gt;</a>&nbsp;&nbsp;&nbsp;eMBMasterRegHoldingCB
<LI><a href="#[cb]">&gt;&gt;</a>&nbsp;&nbsp;&nbsp;xMBMasterRequestIsBroadcast
<LI><a href="#[cc]">&gt;&gt;</a>&nbsp;&nbsp;&nbsp;vMBMasterGetPDUSndBuf
<LI><a href="#[c3]">&gt;&gt;</a>&nbsp;&nbsp;&nbsp;prveMBError2Exception
</UL>
<BR>[Address Reference Count : 1]<UL><LI> mb_m.o(.data)
</UL>
<P><STRONG><a name="[d]"></a>eMBMasterFuncReadInputRegister</STRONG> (Thumb, 114 bytes, Stack size 32 bytes, mbfuncinput_m.o(i.eMBMasterFuncReadInputRegister))
<BR><BR>[Stack]<UL><LI>Max Depth = 72<LI>Call Chain = eMBMasterFuncReadInputRegister &rArr; eMBMasterRegInputCB
</UL>
<BR>[Calls]<UL><LI><a href="#[d0]">&gt;&gt;</a>&nbsp;&nbsp;&nbsp;eMBMasterRegInputCB
<LI><a href="#[cb]">&gt;&gt;</a>&nbsp;&nbsp;&nbsp;xMBMasterRequestIsBroadcast
<LI><a href="#[cc]">&gt;&gt;</a>&nbsp;&nbsp;&nbsp;vMBMasterGetPDUSndBuf
<LI><a href="#[c3]">&gt;&gt;</a>&nbsp;&nbsp;&nbsp;prveMBError2Exception
</UL>
<BR>[Address Reference Count : 1]<UL><LI> mb_m.o(.data)
</UL>
<P><STRONG><a name="[11]"></a>eMBMasterFuncReadWriteMultipleHoldingRegister</STRONG> (Thumb, 164 bytes, Stack size 40 bytes, mbfuncholding_m.o(i.eMBMasterFuncReadWriteMultipleHoldingRegister))
<BR><BR>[Stack]<UL><LI>Max Depth = 88<LI>Call Chain = eMBMasterFuncReadWriteMultipleHoldingRegister &rArr; eMBMasterRegHoldingCB
</UL>
<BR>[Calls]<UL><LI><a href="#[cf]">&gt;&gt;</a>&nbsp;&nbsp;&nbsp;eMBMasterRegHoldingCB
<LI><a href="#[cb]">&gt;&gt;</a>&nbsp;&nbsp;&nbsp;xMBMasterRequestIsBroadcast
<LI><a href="#[cc]">&gt;&gt;</a>&nbsp;&nbsp;&nbsp;vMBMasterGetPDUSndBuf
<LI><a href="#[c3]">&gt;&gt;</a>&nbsp;&nbsp;&nbsp;prveMBError2Exception
</UL>
<BR>[Address Reference Count : 1]<UL><LI> mb_m.o(.data)
</UL>
<P><STRONG><a name="[13]"></a>eMBMasterFuncWriteCoil</STRONG> (Thumb, 112 bytes, Stack size 32 bytes, mbfunccoils_m.o(i.eMBMasterFuncWriteCoil))
<BR><BR>[Stack]<UL><LI>Max Depth = 116<LI>Call Chain = eMBMasterFuncWriteCoil &rArr; eMBMasterRegCoilsCB &rArr; xMBUtilSetBits
</UL>
<BR>[Calls]<UL><LI><a href="#[cd]">&gt;&gt;</a>&nbsp;&nbsp;&nbsp;eMBMasterRegCoilsCB
<LI><a href="#[c3]">&gt;&gt;</a>&nbsp;&nbsp;&nbsp;prveMBError2Exception
</UL>
<BR>[Address Reference Count : 1]<UL><LI> mb_m.o(.data)
</UL>
<P><STRONG><a name="[10]"></a>eMBMasterFuncWriteHoldingRegister</STRONG> (Thumb, 66 bytes, Stack size 24 bytes, mbfuncholding_m.o(i.eMBMasterFuncWriteHoldingRegister))
<BR><BR>[Stack]<UL><LI>Max Depth = 72<LI>Call Chain = eMBMasterFuncWriteHoldingRegister &rArr; eMBMasterRegHoldingCB
</UL>
<BR>[Calls]<UL><LI><a href="#[cf]">&gt;&gt;</a>&nbsp;&nbsp;&nbsp;eMBMasterRegHoldingCB
<LI><a href="#[c3]">&gt;&gt;</a>&nbsp;&nbsp;&nbsp;prveMBError2Exception
</UL>
<BR>[Address Reference Count : 1]<UL><LI> mb_m.o(.data)
</UL>
<P><STRONG><a name="[14]"></a>eMBMasterFuncWriteMultipleCoils</STRONG> (Thumb, 150 bytes, Stack size 40 bytes, mbfunccoils_m.o(i.eMBMasterFuncWriteMultipleCoils))
<BR><BR>[Stack]<UL><LI>Max Depth = 124<LI>Call Chain = eMBMasterFuncWriteMultipleCoils &rArr; eMBMasterRegCoilsCB &rArr; xMBUtilSetBits
</UL>
<BR>[Calls]<UL><LI><a href="#[cd]">&gt;&gt;</a>&nbsp;&nbsp;&nbsp;eMBMasterRegCoilsCB
<LI><a href="#[cb]">&gt;&gt;</a>&nbsp;&nbsp;&nbsp;xMBMasterRequestIsBroadcast
<LI><a href="#[cc]">&gt;&gt;</a>&nbsp;&nbsp;&nbsp;vMBMasterGetPDUSndBuf
<LI><a href="#[c3]">&gt;&gt;</a>&nbsp;&nbsp;&nbsp;prveMBError2Exception
</UL>
<BR>[Address Reference Count : 1]<UL><LI> mb_m.o(.data)
</UL>
<P><STRONG><a name="[f]"></a>eMBMasterFuncWriteMultipleHoldingRegister</STRONG> (Thumb, 114 bytes, Stack size 40 bytes, mbfuncholding_m.o(i.eMBMasterFuncWriteMultipleHoldingRegister))
<BR><BR>[Stack]<UL><LI>Max Depth = 88<LI>Call Chain = eMBMasterFuncWriteMultipleHoldingRegister &rArr; eMBMasterRegHoldingCB
</UL>
<BR>[Calls]<UL><LI><a href="#[cf]">&gt;&gt;</a>&nbsp;&nbsp;&nbsp;eMBMasterRegHoldingCB
<LI><a href="#[cb]">&gt;&gt;</a>&nbsp;&nbsp;&nbsp;xMBMasterRequestIsBroadcast
<LI><a href="#[cc]">&gt;&gt;</a>&nbsp;&nbsp;&nbsp;vMBMasterGetPDUSndBuf
<LI><a href="#[c3]">&gt;&gt;</a>&nbsp;&nbsp;&nbsp;prveMBError2Exception
</UL>
<BR>[Address Reference Count : 1]<UL><LI> mb_m.o(.data)
</UL>
<P><STRONG><a name="[df]"></a>eMBMasterGetErrorType</STRONG> (Thumb, 6 bytes, Stack size 0 bytes, mb_m.o(i.eMBMasterGetErrorType))
<BR><BR>[Called By]<UL><LI><a href="#[d5]">&gt;&gt;</a>&nbsp;&nbsp;&nbsp;eMBMasterPoll
</UL>

<P><STRONG><a name="[d1]"></a>eMBMasterInit</STRONG> (Thumb, 122 bytes, Stack size 24 bytes, mb_m.o(i.eMBMasterInit))
<BR><BR>[Stack]<UL><LI>Max Depth = 264<LI>Call Chain = eMBMasterInit &rArr; eMBMasterRTUInit &rArr; xMBMasterPortSerialInit &rArr; rt_thread_init &rArr; _rt_thread_init &rArr; rt_timer_init &rArr; rt_object_init &rArr; rt_strncpy
</UL>
<BR>[Calls]<UL><LI><a href="#[d3]">&gt;&gt;</a>&nbsp;&nbsp;&nbsp;xMBMasterPortEventInit
<LI><a href="#[d4]">&gt;&gt;</a>&nbsp;&nbsp;&nbsp;vMBMasterOsResInit
<LI><a href="#[d2]">&gt;&gt;</a>&nbsp;&nbsp;&nbsp;eMBMasterRTUInit
</UL>
<BR>[Called By]<UL><LI><a href="#[60]">&gt;&gt;</a>&nbsp;&nbsp;&nbsp;thread_entry_ModbusMasterPoll
</UL>

<P><STRONG><a name="[d5]"></a>eMBMasterPoll</STRONG> (Thumb, 470 bytes, Stack size 32 bytes, mb_m.o(i.eMBMasterPoll))
<BR><BR>[Stack]<UL><LI>Max Depth = 184<LI>Call Chain = eMBMasterPoll &rArr; xMBMasterPortEventGet &rArr; rt_event_recv &rArr; rt_timer_start &rArr; rt_thread_resume &rArr; rt_timer_stop &rArr; _rt_timer_remove
</UL>
<BR>[Calls]<UL><LI><a href="#[cb]">&gt;&gt;</a>&nbsp;&nbsp;&nbsp;xMBMasterRequestIsBroadcast
<LI><a href="#[d8]">&gt;&gt;</a>&nbsp;&nbsp;&nbsp;xMBMasterPortEventPost
<LI><a href="#[d6]">&gt;&gt;</a>&nbsp;&nbsp;&nbsp;xMBMasterPortEventGet
<LI><a href="#[de]">&gt;&gt;</a>&nbsp;&nbsp;&nbsp;vMBMasterRunResRelease
<LI><a href="#[cc]">&gt;&gt;</a>&nbsp;&nbsp;&nbsp;vMBMasterGetPDUSndBuf
<LI><a href="#[e0]">&gt;&gt;</a>&nbsp;&nbsp;&nbsp;vMBMasterErrorCBRespondTimeout
<LI><a href="#[e1]">&gt;&gt;</a>&nbsp;&nbsp;&nbsp;vMBMasterErrorCBReceiveData
<LI><a href="#[e2]">&gt;&gt;</a>&nbsp;&nbsp;&nbsp;vMBMasterErrorCBExecuteFunction
<LI><a href="#[dd]">&gt;&gt;</a>&nbsp;&nbsp;&nbsp;vMBMasterCBRequestScuuess
<LI><a href="#[db]">&gt;&gt;</a>&nbsp;&nbsp;&nbsp;usMBMasterGetPDUSndLength
<LI><a href="#[d9]">&gt;&gt;</a>&nbsp;&nbsp;&nbsp;vMBMasterSetErrorType
<LI><a href="#[dc]">&gt;&gt;</a>&nbsp;&nbsp;&nbsp;vMBMasterSetDestAddress
<LI><a href="#[da]">&gt;&gt;</a>&nbsp;&nbsp;&nbsp;vMBMasterSetCBRunInMasterMode
<LI><a href="#[d7]">&gt;&gt;</a>&nbsp;&nbsp;&nbsp;ucMBMasterGetDestAddress
<LI><a href="#[df]">&gt;&gt;</a>&nbsp;&nbsp;&nbsp;eMBMasterGetErrorType
</UL>
<BR>[Called By]<UL><LI><a href="#[60]">&gt;&gt;</a>&nbsp;&nbsp;&nbsp;thread_entry_ModbusMasterPoll
</UL>

<P><STRONG><a name="[d2]"></a>eMBMasterRTUInit</STRONG> (Thumb, 82 bytes, Stack size 24 bytes, mbrtu_m.o(i.eMBMasterRTUInit))
<BR><BR>[Stack]<UL><LI>Max Depth = 240<LI>Call Chain = eMBMasterRTUInit &rArr; xMBMasterPortSerialInit &rArr; rt_thread_init &rArr; _rt_thread_init &rArr; rt_timer_init &rArr; rt_object_init &rArr; rt_strncpy
</UL>
<BR>[Calls]<UL><LI><a href="#[e4]">&gt;&gt;</a>&nbsp;&nbsp;&nbsp;xMBMasterPortTimersInit
<LI><a href="#[e3]">&gt;&gt;</a>&nbsp;&nbsp;&nbsp;xMBMasterPortSerialInit
<LI><a href="#[95]">&gt;&gt;</a>&nbsp;&nbsp;&nbsp;ExitCriticalSection
<LI><a href="#[93]">&gt;&gt;</a>&nbsp;&nbsp;&nbsp;EnterCriticalSection
</UL>
<BR>[Called By]<UL><LI><a href="#[d1]">&gt;&gt;</a>&nbsp;&nbsp;&nbsp;eMBMasterInit
</UL>

<P><STRONG><a name="[5a]"></a>eMBMasterRTUReceive</STRONG> (Thumb, 70 bytes, Stack size 24 bytes, mbrtu_m.o(i.eMBMasterRTUReceive))
<BR><BR>[Stack]<UL><LI>Max Depth = 80<LI>Call Chain = eMBMasterRTUReceive &rArr; ExitCriticalSection &rArr; rt_exit_critical &rArr; rt_schedule &rArr; _rt_scheduler_stack_check
</UL>
<BR>[Calls]<UL><LI><a href="#[e5]">&gt;&gt;</a>&nbsp;&nbsp;&nbsp;usMBCRC16
<LI><a href="#[95]">&gt;&gt;</a>&nbsp;&nbsp;&nbsp;ExitCriticalSection
<LI><a href="#[93]">&gt;&gt;</a>&nbsp;&nbsp;&nbsp;EnterCriticalSection
</UL>
<BR>[Address Reference Count : 1]<UL><LI> mb_m.o(i.eMBMasterInit)
</UL>
<P><STRONG><a name="[59]"></a>eMBMasterRTUSend</STRONG> (Thumb, 132 bytes, Stack size 24 bytes, mbrtu_m.o(i.eMBMasterRTUSend))
<BR><BR>[Stack]<UL><LI>Max Depth = 184<LI>Call Chain = eMBMasterRTUSend &rArr; vMBMasterPortSerialEnable &rArr; rt_event_recv &rArr; rt_timer_start &rArr; rt_thread_resume &rArr; rt_timer_stop &rArr; _rt_timer_remove
</UL>
<BR>[Calls]<UL><LI><a href="#[e6]">&gt;&gt;</a>&nbsp;&nbsp;&nbsp;vMBMasterPortSerialEnable
<LI><a href="#[e5]">&gt;&gt;</a>&nbsp;&nbsp;&nbsp;usMBCRC16
<LI><a href="#[95]">&gt;&gt;</a>&nbsp;&nbsp;&nbsp;ExitCriticalSection
<LI><a href="#[93]">&gt;&gt;</a>&nbsp;&nbsp;&nbsp;EnterCriticalSection
</UL>
<BR>[Address Reference Count : 1]<UL><LI> mb_m.o(i.eMBMasterInit)
</UL>
<P><STRONG><a name="[57]"></a>eMBMasterRTUStart</STRONG> (Thumb, 30 bytes, Stack size 8 bytes, mbrtu_m.o(i.eMBMasterRTUStart))
<BR><BR>[Stack]<UL><LI>Max Depth = 168<LI>Call Chain = eMBMasterRTUStart &rArr; vMBMasterPortSerialEnable &rArr; rt_event_recv &rArr; rt_timer_start &rArr; rt_thread_resume &rArr; rt_timer_stop &rArr; _rt_timer_remove
</UL>
<BR>[Calls]<UL><LI><a href="#[e7]">&gt;&gt;</a>&nbsp;&nbsp;&nbsp;vMBMasterPortTimersT35Enable
<LI><a href="#[e6]">&gt;&gt;</a>&nbsp;&nbsp;&nbsp;vMBMasterPortSerialEnable
<LI><a href="#[95]">&gt;&gt;</a>&nbsp;&nbsp;&nbsp;ExitCriticalSection
<LI><a href="#[93]">&gt;&gt;</a>&nbsp;&nbsp;&nbsp;EnterCriticalSection
</UL>
<BR>[Address Reference Count : 1]<UL><LI> mb_m.o(i.eMBMasterInit)
</UL>
<P><STRONG><a name="[58]"></a>eMBMasterRTUStop</STRONG> (Thumb, 24 bytes, Stack size 8 bytes, mbrtu_m.o(i.eMBMasterRTUStop))
<BR><BR>[Stack]<UL><LI>Max Depth = 168<LI>Call Chain = eMBMasterRTUStop &rArr; vMBMasterPortSerialEnable &rArr; rt_event_recv &rArr; rt_timer_start &rArr; rt_thread_resume &rArr; rt_timer_stop &rArr; _rt_timer_remove
</UL>
<BR>[Calls]<UL><LI><a href="#[e8]">&gt;&gt;</a>&nbsp;&nbsp;&nbsp;vMBMasterPortTimersDisable
<LI><a href="#[e6]">&gt;&gt;</a>&nbsp;&nbsp;&nbsp;vMBMasterPortSerialEnable
<LI><a href="#[95]">&gt;&gt;</a>&nbsp;&nbsp;&nbsp;ExitCriticalSection
<LI><a href="#[93]">&gt;&gt;</a>&nbsp;&nbsp;&nbsp;EnterCriticalSection
</UL>
<BR>[Address Reference Count : 1]<UL><LI> mb_m.o(i.eMBMasterInit)
</UL>
<P><STRONG><a name="[cd]"></a>eMBMasterRegCoilsCB</STRONG> (Thumb, 312 bytes, Stack size 56 bytes, user_mb_app_m.o(i.eMBMasterRegCoilsCB))
<BR><BR>[Stack]<UL><LI>Max Depth = 84<LI>Call Chain = eMBMasterRegCoilsCB &rArr; xMBUtilSetBits
</UL>
<BR>[Calls]<UL><LI><a href="#[d7]">&gt;&gt;</a>&nbsp;&nbsp;&nbsp;ucMBMasterGetDestAddress
<LI><a href="#[ea]">&gt;&gt;</a>&nbsp;&nbsp;&nbsp;xMBUtilSetBits
<LI><a href="#[e9]">&gt;&gt;</a>&nbsp;&nbsp;&nbsp;xMBUtilGetBits
</UL>
<BR>[Called By]<UL><LI><a href="#[14]">&gt;&gt;</a>&nbsp;&nbsp;&nbsp;eMBMasterFuncWriteMultipleCoils
<LI><a href="#[13]">&gt;&gt;</a>&nbsp;&nbsp;&nbsp;eMBMasterFuncWriteCoil
<LI><a href="#[12]">&gt;&gt;</a>&nbsp;&nbsp;&nbsp;eMBMasterFuncReadCoils
</UL>

<P><STRONG><a name="[ce]"></a>eMBMasterRegDiscreteCB</STRONG> (Thumb, 204 bytes, Stack size 48 bytes, user_mb_app_m.o(i.eMBMasterRegDiscreteCB))
<BR><BR>[Stack]<UL><LI>Max Depth = 76<LI>Call Chain = eMBMasterRegDiscreteCB &rArr; xMBUtilSetBits
</UL>
<BR>[Calls]<UL><LI><a href="#[d7]">&gt;&gt;</a>&nbsp;&nbsp;&nbsp;ucMBMasterGetDestAddress
<LI><a href="#[ea]">&gt;&gt;</a>&nbsp;&nbsp;&nbsp;xMBUtilSetBits
</UL>
<BR>[Called By]<UL><LI><a href="#[15]">&gt;&gt;</a>&nbsp;&nbsp;&nbsp;eMBMasterFuncReadDiscreteInputs
</UL>

<P><STRONG><a name="[cf]"></a>eMBMasterRegHoldingCB</STRONG> (Thumb, 176 bytes, Stack size 48 bytes, user_mb_app_m.o(i.eMBMasterRegHoldingCB))
<BR><BR>[Stack]<UL><LI>Max Depth = 48<LI>Call Chain = eMBMasterRegHoldingCB
</UL>
<BR>[Calls]<UL><LI><a href="#[d7]">&gt;&gt;</a>&nbsp;&nbsp;&nbsp;ucMBMasterGetDestAddress
</UL>
<BR>[Called By]<UL><LI><a href="#[f]">&gt;&gt;</a>&nbsp;&nbsp;&nbsp;eMBMasterFuncWriteMultipleHoldingRegister
<LI><a href="#[10]">&gt;&gt;</a>&nbsp;&nbsp;&nbsp;eMBMasterFuncWriteHoldingRegister
<LI><a href="#[11]">&gt;&gt;</a>&nbsp;&nbsp;&nbsp;eMBMasterFuncReadWriteMultipleHoldingRegister
<LI><a href="#[e]">&gt;&gt;</a>&nbsp;&nbsp;&nbsp;eMBMasterFuncReadHoldingRegister
</UL>

<P><STRONG><a name="[d0]"></a>eMBMasterRegInputCB</STRONG> (Thumb, 122 bytes, Stack size 40 bytes, user_mb_app_m.o(i.eMBMasterRegInputCB))
<BR><BR>[Stack]<UL><LI>Max Depth = 40<LI>Call Chain = eMBMasterRegInputCB
</UL>
<BR>[Calls]<UL><LI><a href="#[d7]">&gt;&gt;</a>&nbsp;&nbsp;&nbsp;ucMBMasterGetDestAddress
</UL>
<BR>[Called By]<UL><LI><a href="#[d]">&gt;&gt;</a>&nbsp;&nbsp;&nbsp;eMBMasterFuncReadInputRegister
</UL>

<P><STRONG><a name="[eb]"></a>eMBMasterReqWriteCoil</STRONG> (Thumb, 116 bytes, Stack size 32 bytes, mbfunccoils_m.o(i.eMBMasterReqWriteCoil))
<BR><BR>[Stack]<UL><LI>Max Depth = 184<LI>Call Chain = eMBMasterReqWriteCoil &rArr; eMBMasterWaitRequestFinish &rArr; rt_event_recv &rArr; rt_timer_start &rArr; rt_thread_resume &rArr; rt_timer_stop &rArr; _rt_timer_remove
</UL>
<BR>[Calls]<UL><LI><a href="#[ec]">&gt;&gt;</a>&nbsp;&nbsp;&nbsp;xMBMasterRunResTake
<LI><a href="#[ee]">&gt;&gt;</a>&nbsp;&nbsp;&nbsp;eMBMasterWaitRequestFinish
[...]
</UL>
<BR>[Called By]<UL><LI><a href="#[118]">&gt;&gt;</a>&nbsp;&nbsp;&nbsp;rt_sem_take
<LI><a href="#[ef]">&gt;&gt;</a>&nbsp;&nbsp;&nbsp;rt_event_recv
</UL>

<P><STRONG><a name="[113]"></a>rt_ipc_object_init</STRONG> (Thumb, 16 bytes, Stack size 0 bytes, ipc.o(i.rt_ipc_object_init))
<BR><BR>[Called By]<UL><LI><a href="#[12c]">&gt;&gt;</a>&nbsp;&nbsp;&nbsp;rt_sem_init
<LI><a href="#[112]">&gt;&gt;</a>&nbsp;&nbsp;&nbsp;rt_event_init
</UL>

<P><STRONG><a name="[121]"></a>rt_list_insert_before</STRONG> (Thumb, 14 bytes, Stack size 0 bytes, ipc.o(i.rt_list_insert_before))
<BR><BR>[Called By]<UL><LI><a href="#[114]">&gt;&gt;</a>&nbsp;&nbsp;&nbsp;rt_ipc_list_suspend
</UL>

<P><STRONG><a name="[116]"></a>rt_list_isempty</STRONG> (Thumb, 16 bytes, Stack size 0 bytes, ipc.o(i.rt_list_isempty))
<BR><BR>[Called By]<UL><LI><a href="#[11a]">&gt;&gt;</a>&nbsp;&nbsp;&nbsp;rt_sem_release
<LI><a href="#[115]">&gt;&gt;</a>&nbsp;&nbsp;&nbsp;rt_event_send
</UL>

<P><STRONG><a name="[119]"></a>plug_holes</STRONG> (Thumb, 176 bytes, Stack size 16 bytes, mem.o(i.plug_holes))
<BR><BR>[Stack]<UL><LI>Max Depth = 16<LI>Call Chain = plug_holes
</UL>
<BR>[Called By]<UL><LI><a href="#[117]">&gt;&gt;</a>&nbsp;&nbsp;&nbsp;rt_free
</UL>

<P><STRONG><a name="[126]"></a>rt_list_insert_after</STRONG> (Thumb, 14 bytes, Stack size 0 bytes, object.o(i.rt_list_insert_after))
<BR><BR>[Called By]<UL><LI><a href="#[111]">&gt;&gt;</a>&nbsp;&nbsp;&nbsp;rt_object_init
</UL>

<P><STRONG><a name="[123]"></a>rt_list_remove</STRONG> (Thumb, 18 bytes, Stack size 0 bytes, object.o(i.rt_list_remove))
<BR><BR>[Called By]<UL><LI><a href="#[122]">&gt;&gt;</a>&nbsp;&nbsp;&nbsp;rt_object_delete
<LI><a href="#[124]">&gt;&gt;</a>&nbsp;&nbsp;&nbsp;rt_object_detach
</UL>

<P><STRONG><a name="[af]"></a>_rt_scheduler_stack_check</STRONG> (Thumb, 60 bytes, Stack size 16 bytes, scheduler.o(i._rt_scheduler_stack_check))
<BR><BR>[Stack]<UL><LI>Max Depth = 16<LI>Call Chain = _rt_scheduler_stack_check
</UL>
<BR>[Calls]<UL><LI><a href="#[b0]">&gt;&gt;</a>&nbsp;&nbsp;&nbsp;rt_hw_interrupt_disable
</UL>
<BR>[Called By]<UL><LI><a href="#[ff]">&gt;&gt;</a>&nbsp;&nbsp;&nbsp;rt_schedule
</UL>

<P><STRONG><a name="[133]"></a>rt_list_init</STRONG> (Thumb, 6 bytes, Stack size 0 bytes, scheduler.o(i.rt_list_init))
<BR><BR>[Called By]<UL><LI><a href="#[132]">&gt;&gt;</a>&nbsp;&nbsp;&nbsp;rt_system_scheduler_init
</UL>

<P><STRONG><a name="[b1]"></a>_rt_thread_init</STRONG> (Thumb, 144 bytes, Stack size 48 bytes, thread.o(i._rt_thread_init))
<BR><BR>[Stack]<UL><LI>Max Depth = 120<LI>Call Chain = _rt_thread_init &rArr; rt_timer_init &rArr; rt_object_init &rArr; rt_strncpy
</UL>
<BR>[Calls]<UL><LI><a href="#[b3]">&gt;&gt;</a>&nbsp;&nbsp;&nbsp;rt_hw_stack_init
<LI><a href="#[b2]">&gt;&gt;</a>&nbsp;&nbsp;&nbsp;rt_memset
<LI><a href="#[b4]">&gt;&gt;</a>&nbsp;&nbsp;&nbsp;rt_timer_init
</UL>
<BR>[Called By]<UL><LI><a href="#[fa]">&gt;&gt;</a>&nbsp;&nbsp;&nbsp;rt_thread_init
</UL>

<P><STRONG><a name="[13c]"></a>rt_list_insert_after</STRONG> (Thumb, 14 bytes, Stack size 0 bytes, thread.o(i.rt_list_insert_after))
<BR><BR>[Called By]<UL><LI><a href="#[4d]">&gt;&gt;</a>&nbsp;&nbsp;&nbsp;rt_thread_exit
</UL>

<P><STRONG><a name="[140]"></a>rt_list_remove</STRONG> (Thumb, 18 bytes, Stack size 0 bytes, thread.o(i.rt_list_remove))
<BR><BR>[Called By]<UL><LI><a href="#[fe]">&gt;&gt;</a>&nbsp;&nbsp;&nbsp;rt_thread_resume
<LI><a href="#[143]">&gt;&gt;</a>&nbsp;&nbsp;&nbsp;rt_thread_yield
<LI><a href="#[4e]">&gt;&gt;</a>&nbsp;&nbsp;&nbsp;rt_thread_timeout
</UL>

<P><STRONG><a name="[4d]"></a>rt_thread_exit</STRONG> (Thumb, 78 bytes, Stack size 16 bytes, thread.o(i.rt_thread_exit))
<BR><BR>[Stack]<UL><LI>Max Depth = 56<LI>Call Chain = rt_thread_exit &rArr; rt_schedule &rArr; _rt_scheduler_stack_check
</UL>
<BR>[Calls]<UL><LI><a href="#[b8]">&gt;&gt;</a>&nbsp;&nbsp;&nbsp;rt_hw_interrupt_enable
<LI><a href="#[b0]">&gt;&gt;</a>&nbsp;&nbsp;&nbsp;rt_hw_interrupt_disable
<LI><a href="#[ff]">&gt;&gt;</a>&nbsp;&nbsp;&nbsp;rt_schedule
<LI><a href="#[13b]">&gt;&gt;</a>&nbsp;&nbsp;&nbsp;rt_object_is_systemobject
<LI><a href="#[124]">&gt;&gt;</a>&nbsp;&nbsp;&nbsp;rt_object_detach
<LI><a href="#[13a]">&gt;&gt;</a>&nbsp;&nbsp;&nbsp;rt_timer_detach
<LI><a href="#[13c]">&gt;&gt;</a>&nbsp;&nbsp;&nbsp;rt_list_insert_after
<LI><a href="#[12b]">&gt;&gt;</a>&nbsp;&nbsp;&nbsp;rt_schedule_remove_thread
</UL>
<BR>[Address Reference Count : 1]<UL><LI> thread.o(i._rt_thread_init)
</UL>
<P><STRONG><a name="[b5]"></a>_rt_timer_init</STRONG> (Thumb, 66 bytes, Stack size 32 bytes, timer.o(i._rt_timer_init))
<BR><BR>[Stack]<UL><LI>Max Depth = 32<LI>Call Chain = _rt_timer_init
</UL>
<BR>[Calls]<UL><LI><a href="#[b6]">&gt;&gt;</a>&nbsp;&nbsp;&nbsp;rt_list_init
</UL>
<BR>[Called By]<UL><LI><a href="#[b4]">&gt;&gt;</a>&nbsp;&nbsp;&nbsp;rt_timer_init
</UL>

<P><STRONG><a name="[130]"></a>_rt_timer_remove</STRONG> (Thumb, 46 bytes, Stack size 8 bytes, timer.o(i._rt_timer_remove))
<BR><BR>[Stack]<UL><LI>Max Depth = 8<LI>Call Chain = _rt_timer_remove
</UL>
<BR>[Called By]<UL><LI><a href="#[105]">&gt;&gt;</a>&nbsp;&nbsp;&nbsp;rt_timer_start
<LI><a href="#[144]">&gt;&gt;</a>&nbsp;&nbsp;&nbsp;rt_timer_check
<LI><a href="#[12f]">&gt;&gt;</a>&nbsp;&nbsp;&nbsp;rt_soft_timer_check
<LI><a href="#[141]">&gt;&gt;</a>&nbsp;&nbsp;&nbsp;rt_timer_stop
<LI><a href="#[13a]">&gt;&gt;</a>&nbsp;&nbsp;&nbsp;rt_timer_detach
</UL>

<P><STRONG><a name="[b6]"></a>rt_list_init</STRONG> (Thumb, 6 bytes, Stack size 0 bytes, timer.o(i.rt_list_init))
<BR><BR>[Called By]<UL><LI><a href="#[137]">&gt;&gt;</a>&nbsp;&nbsp;&nbsp;rt_system_timer_thread_init
<LI><a href="#[136]">&gt;&gt;</a>&nbsp;&nbsp;&nbsp;rt_system_timer_init
<LI><a href="#[b5]">&gt;&gt;</a>&nbsp;&nbsp;&nbsp;_rt_timer_init
</UL>

<P><STRONG><a name="[146]"></a>rt_list_insert_after</STRONG> (Thumb, 14 bytes, Stack size 0 bytes, timer.o(i.rt_list_insert_after))
<BR><BR>[Called By]<UL><LI><a href="#[105]">&gt;&gt;</a>&nbsp;&nbsp;&nbsp;rt_timer_start
</UL>

<P><STRONG><a name="[145]"></a>rt_list_isempty</STRONG> (Thumb, 16 bytes, Stack size 0 bytes, timer.o(i.rt_list_isempty))
<BR><BR>[Called By]<UL><LI><a href="#[144]">&gt;&gt;</a>&nbsp;&nbsp;&nbsp;rt_timer_check
<LI><a href="#[142]">&gt;&gt;</a>&nbsp;&nbsp;&nbsp;rt_timer_list_next_timeout
</UL>

<P><STRONG><a name="[6a]"></a>rt_thread_timer_entry</STRONG> (Thumb, 70 bytes, Stack size 0 bytes, timer.o(i.rt_thread_timer_entry))
<BR><BR>[Stack]<UL><LI>Max Depth = 104<LI>Call Chain = rt_thread_timer_entry &rArr; rt_thread_delay &rArr; rt_thread_sleep &rArr; rt_timer_start &rArr; rt_thread_resume &rArr; rt_timer_stop &rArr; _rt_timer_remove
</UL>
<BR>[Calls]<UL><LI><a href="#[bf]">&gt;&gt;</a>&nbsp;&nbsp;&nbsp;rt_tick_get
<LI><a href="#[138]">&gt;&gt;</a>&nbsp;&nbsp;&nbsp;rt_thread_delay
<LI><a href="#[102]">&gt;&gt;</a>&nbsp;&nbsp;&nbsp;rt_thread_suspend
<LI><a href="#[ff]">&gt;&gt;</a>&nbsp;&nbsp;&nbsp;rt_schedule
<LI><a href="#[96]">&gt;&gt;</a>&nbsp;&nbsp;&nbsp;rt_exit_critical
<LI><a href="#[94]">&gt;&gt;</a>&nbsp;&nbsp;&nbsp;rt_enter_critical
<LI><a href="#[101]">&gt;&gt;</a>&nbsp;&nbsp;&nbsp;rt_thread_self
<LI><a href="#[12f]">&gt;&gt;</a>&nbsp;&nbsp;&nbsp;rt_soft_timer_check
<LI><a href="#[142]">&gt;&gt;</a>&nbsp;&nbsp;&nbsp;rt_timer_list_next_timeout
</UL>
<BR>[Address Reference Count : 1]<UL><LI> timer.o(i.rt_system_timer_thread_init)
</UL>
<P><STRONG><a name="[142]"></a>rt_timer_list_next_timeout</STRONG> (Thumb, 28 bytes, Stack size 16 bytes, timer.o(i.rt_timer_list_next_timeout))
<BR><BR>[Stack]<UL><LI>Max Depth = 16<LI>Call Chain = rt_timer_list_next_timeout
</UL>
<BR>[Calls]<UL><LI><a href="#[145]">&gt;&gt;</a>&nbsp;&nbsp;&nbsp;rt_list_isempty
</UL>
<BR>[Called By]<UL><LI><a href="#[6a]">&gt;&gt;</a>&nbsp;&nbsp;&nbsp;rt_thread_timer_entry
</UL>

<P><STRONG><a name="[fd]"></a>rt_list_isempty</STRONG> (Thumb, 16 bytes, Stack size 0 bytes, completion.o(i.rt_list_isempty))
<BR><BR>[Called By]<UL><LI><a href="#[be]">&gt;&gt;</a>&nbsp;&nbsp;&nbsp;rt_completion_wait
<LI><a href="#[fc]">&gt;&gt;</a>&nbsp;&nbsp;&nbsp;rt_completion_done
</UL>

<P><STRONG><a name="[107]"></a>rt_list_init</STRONG> (Thumb, 6 bytes, Stack size 0 bytes, dataqueue.o(i.rt_list_init))
<BR><BR>[Called By]<UL><LI><a href="#[106]">&gt;&gt;</a>&nbsp;&nbsp;&nbsp;rt_data_queue_init
</UL>

<P><STRONG><a name="[10b]"></a>rt_list_insert_before</STRONG> (Thumb, 14 bytes, Stack size 0 bytes, dataqueue.o(i.rt_list_insert_before))
<BR><BR>[Called By]<UL><LI><a href="#[bb]">&gt;&gt;</a>&nbsp;&nbsp;&nbsp;rt_data_queue_push
<LI><a href="#[10a]">&gt;&gt;</a>&nbsp;&nbsp;&nbsp;rt_data_queue_pop
</UL>

<P><STRONG><a name="[10c]"></a>rt_list_isempty</STRONG> (Thumb, 16 bytes, Stack size 0 bytes, dataqueue.o(i.rt_list_isempty))
<BR><BR>[Called By]<UL><LI><a href="#[bb]">&gt;&gt;</a>&nbsp;&nbsp;&nbsp;rt_data_queue_push
<LI><a href="#[10a]">&gt;&gt;</a>&nbsp;&nbsp;&nbsp;rt_data_queue_pop
</UL>

<P><STRONG><a name="[b7]"></a>_serial_dma_rx</STRONG> (Thumb, 120 bytes, Stack size 32 bytes, serial.o(i._serial_dma_rx))
<BR><BR>[Stack]<UL><LI>Max Depth = 48<LI>Call Chain = _serial_dma_rx &rArr; rt_set_errno
</UL>
<BR>[Calls]<UL><LI><a href="#[b8]">&gt;&gt;</a>&nbsp;&nbsp;&nbsp;rt_hw_interrupt_enable
<LI><a href="#[b0]">&gt;&gt;</a>&nbsp;&nbsp;&nbsp;rt_hw_interrupt_disable
<LI><a href="#[b9]">&gt;&gt;</a>&nbsp;&nbsp;&nbsp;rt_set_errno
</UL>
<BR>[Called By]<UL><LI><a href="#[67]">&gt;&gt;</a>&nbsp;&nbsp;&nbsp;rt_serial_read
</UL>

<P><STRONG><a name="[ba]"></a>_serial_dma_tx</STRONG> (Thumb, 92 bytes, Stack size 32 bytes, serial.o(i._serial_dma_tx))
<BR><BR>[Stack]<UL><LI>Max Depth = 160<LI>Call Chain = _serial_dma_tx &rArr; rt_data_queue_push &rArr; rt_timer_start &rArr; rt_thread_resume &rArr; rt_timer_stop &rArr; _rt_timer_remove
</UL>
<BR>[Calls]<UL><LI><a href="#[b8]">&gt;&gt;</a>&nbsp;&nbsp;&nbsp;rt_hw_interrupt_enable
<LI><a href="#[b0]">&gt;&gt;</a>&nbsp;&nbsp;&nbsp;rt_hw_interrupt_disable
<LI><a href="#[b9]">&gt;&gt;</a>&nbsp;&nbsp;&nbsp;rt_set_errno
<LI><a href="#[bb]">&gt;&gt;</a>&nbsp;&nbsp;&nbsp;rt_data_queue_push
</UL>
<BR>[Called By]<UL><LI><a href="#[68]">&gt;&gt;</a>&nbsp;&nbsp;&nbsp;rt_serial_write
</UL>

<P><STRONG><a name="[bc]"></a>_serial_int_rx</STRONG> (Thumb, 136 bytes, Stack size 40 bytes, serial.o(i._serial_int_rx))
<BR><BR>[Stack]<UL><LI>Max Depth = 40<LI>Call Chain = _serial_int_rx
</UL>
<BR>[Calls]<UL><LI><a href="#[b8]">&gt;&gt;</a>&nbsp;&nbsp;&nbsp;rt_hw_interrupt_enable
<LI><a href="#[b0]">&gt;&gt;</a>&nbsp;&nbsp;&nbsp;rt_hw_interrupt_disable
</UL>
<BR>[Called By]<UL><LI><a href="#[67]">&gt;&gt;</a>&nbsp;&nbsp;&nbsp;rt_serial_read
</UL>

<P><STRONG><a name="[bd]"></a>_serial_int_tx</STRONG> (Thumb, 96 bytes, Stack size 32 bytes, serial.o(i._serial_int_tx))
<BR><BR>[Stack]<UL><LI>Max Depth = 144<LI>Call Chain = _serial_int_tx &rArr; rt_completion_wait &rArr; rt_timer_start &rArr; rt_thread_resume &rArr; rt_timer_stop &rArr; _rt_timer_remove
</UL>
<BR>[Calls]<UL><LI><a href="#[be]">&gt;&gt;</a>&nbsp;&nbsp;&nbsp;rt_completion_wait
</UL>
<BR>[Called By]<UL><LI><a href="#[68]">&gt;&gt;</a>&nbsp;&nbsp;&nbsp;rt_serial_write
</UL>

<P><STRONG><a name="[12d]"></a>_serial_poll_rx</STRONG> (Thumb, 68 bytes, Stack size 32 bytes, serial.o(i._serial_poll_rx))
<BR><BR>[Stack]<UL><LI>Max Depth = 32<LI>Call Chain = _serial_poll_rx
</UL>
<BR>[Called By]<UL><LI><a href="#[67]">&gt;&gt;</a>&nbsp;&nbsp;&nbsp;rt_serial_read
</UL>

<P><STRONG><a name="[12e]"></a>_serial_poll_tx</STRONG> (Thumb, 78 bytes, Stack size 24 bytes, serial.o(i._serial_poll_tx))
<BR><BR>[Stack]<UL><LI>Max Depth = 24<LI>Call Chain = _serial_poll_tx
</UL>
<BR>[Called By]<UL><LI><a href="#[68]">&gt;&gt;</a>&nbsp;&nbsp;&nbsp;rt_serial_write
</UL>

<P><STRONG><a name="[66]"></a>rt_serial_close</STRONG> (Thumb, 260 bytes, Stack size 24 bytes, serial.o(i.rt_serial_close))
<BR><BR>[Stack]<UL><LI>Max Depth = 160<LI>Call Chain = rt_serial_close &rArr; rt_free &rArr; rt_sem_take &rArr; rt_timer_start &rArr; rt_thread_resume &rArr; rt_timer_stop &rArr; _rt_timer_remove
</UL>
<BR>[Calls]<UL><LI><a href="#[117]">&gt;&gt;</a>&nbsp;&nbsp;&nbsp;rt_free
</UL>
<BR>[Address Reference Count : 1]<UL><LI> serial.o(i.rt_hw_serial_register)
</UL>
<P><STRONG><a name="[69]"></a>rt_serial_control</STRONG> (Thumb, 94 bytes, Stack size 24 bytes, serial.o(i.rt_serial_control))
<BR><BR>[Stack]<UL><LI>Max Depth = 24<LI>Call Chain = rt_serial_control
</UL>
<BR>[Address Reference Count : 1]<UL><LI> serial.o(i.rt_hw_serial_register)
</UL>
<P><STRONG><a name="[64]"></a>rt_serial_init</STRONG> (Thumb, 56 bytes, Stack size 24 bytes, serial.o(i.rt_serial_init))
<BR><BR>[Stack]<UL><LI>Max Depth = 24<LI>Call Chain = rt_serial_init
</UL>
<BR>[Address Reference Count : 1]<UL><LI> serial.o(i.rt_hw_serial_register)
</UL>
<P><STRONG><a name="[65]"></a>rt_serial_open</STRONG> (Thumb, 388 bytes, Stack size 24 bytes, serial.o(i.rt_serial_open))
<BR><BR>[Stack]<UL><LI>Max Depth = 192<LI>Call Chain = rt_serial_open &rArr; rt_data_queue_init &rArr; rt_malloc &rArr; rt_sem_take &rArr; rt_timer_start &rArr; rt_thread_resume &rArr; rt_timer_stop &rArr; _rt_timer_remove
</UL>
<BR>[Calls]<UL><LI><a href="#[108]">&gt;&gt;</a>&nbsp;&nbsp;&nbsp;rt_malloc
<LI><a href="#[b2]">&gt;&gt;</a>&nbsp;&nbsp;&nbsp;rt_memset
<LI><a href="#[106]">&gt;&gt;</a>&nbsp;&nbsp;&nbsp;rt_data_queue_init
<LI><a href="#[100]">&gt;&gt;</a>&nbsp;&nbsp;&nbsp;rt_completion_init
</UL>
<BR>[Address Reference Count : 1]<UL><LI> serial.o(i.rt_hw_serial_register)
</UL>
<P><STRONG><a name="[67]"></a>rt_serial_read</STRONG> (Thumb, 92 bytes, Stack size 32 bytes, serial.o(i.rt_serial_read))
<BR><BR>[Stack]<UL><LI>Max Depth = 80<LI>Call Chain = rt_serial_read &rArr; _serial_dma_rx &rArr; rt_set_errno
</UL>
<BR>[Calls]<UL><LI><a href="#[12d]">&gt;&gt;</a>&nbsp;&nbsp;&nbsp;_serial_poll_rx
<LI><a href="#[bc]">&gt;&gt;</a>&nbsp;&nbsp;&nbsp;_serial_int_rx
<LI><a href="#[b7]">&gt;&gt;</a>&nbsp;&nbsp;&nbsp;_serial_dma_rx
</UL>
<BR>[Address Reference Count : 1]<UL><LI> serial.o(i.rt_hw_serial_register)
</UL>
<P><STRONG><a name="[68]"></a>rt_serial_write</STRONG> (Thumb, 92 bytes, Stack size 32 bytes, serial.o(i.rt_serial_write))
<BR><BR>[Stack]<UL><LI>Max Depth = 192<LI>Call Chain = rt_serial_write &rArr; _serial_dma_tx &rArr; rt_data_queue_push &rArr; rt_timer_start &rArr; rt_thread_resume &rArr; rt_timer_stop &rArr; _rt_timer_remove
</UL>
<BR>[Calls]<UL><LI><a href="#[12e]">&gt;&gt;</a>&nbsp;&nbsp;&nbsp;_serial_poll_tx
<LI><a href="#[bd]">&gt;&gt;</a>&nbsp;&nbsp;&nbsp;_serial_int_tx
<LI><a href="#[ba]">&gt;&gt;</a>&nbsp;&nbsp;&nbsp;_serial_dma_tx
</UL>
<BR>[Address Reference Count : 1]<UL><LI> serial.o(i.rt_hw_serial_register)
</UL>
<P><STRONG><a name="[63]"></a>_pin_control</STRONG> (Thumb, 58 bytes, Stack size 32 bytes, pin.o(i._pin_control))
<BR><BR>[Stack]<UL><LI>Max Depth = 32<LI>Call Chain = _pin_control
</UL>
<BR>[Address Reference Count : 1]<UL><LI> pin.o(i.rt_device_pin_register)
</UL>
<P><STRONG><a name="[61]"></a>_pin_read</STRONG> (Thumb, 68 bytes, Stack size 32 bytes, pin.o(i._pin_read))
<BR><BR>[Stack]<UL><LI>Max Depth = 32<LI>Call Chain = _pin_read
</UL>
<BR>[Address Reference Count : 1]<UL><LI> pin.o(i.rt_device_pin_register)
</UL>
<P><STRONG><a name="[62]"></a>_pin_write</STRONG> (Thumb, 68 bytes, Stack size 32 bytes, pin.o(i._pin_write))
<BR><BR>[Stack]<UL><LI>Max Depth = 32<LI>Call Chain = _pin_write
</UL>
<BR>[Address Reference Count : 1]<UL><LI> pin.o(i.rt_device_pin_register)
</UL>
<P><STRONG><a name="[14b]"></a>prvvUARTRxISR</STRONG> (Thumb, 10 bytes, Stack size 8 bytes, portserial.o(i.prvvUARTRxISR))
<BR><BR>[Stack]<UL><LI>Max Depth = 8<LI>Call Chain = prvvUARTRxISR
</UL>
<BR>[Called By]<UL><LI><a href="#[6f]">&gt;&gt;</a>&nbsp;&nbsp;&nbsp;serial_rx_ind
</UL>

<P><STRONG><a name="[14d]"></a>prvvUARTTxReadyISR</STRONG> (Thumb, 10 bytes, Stack size 8 bytes, portserial.o(i.prvvUARTTxReadyISR))
<BR><BR>[Stack]<UL><LI>Max Depth = 8<LI>Call Chain = prvvUARTTxReadyISR
</UL>
<BR>[Called By]<UL><LI><a href="#[70]">&gt;&gt;</a>&nbsp;&nbsp;&nbsp;serial_soft_trans_irq
</UL>

<P><STRONG><a name="[6f]"></a>serial_rx_ind</STRONG> (Thumb, 14 bytes, Stack size 16 bytes, portserial.o(i.serial_rx_ind))
<BR><BR>[Stack]<UL><LI>Max Depth = 24<LI>Call Chain = serial_rx_ind &rArr; prvvUARTRxISR
</UL>
<BR>[Calls]<UL><LI><a href="#[14b]">&gt;&gt;</a>&nbsp;&nbsp;&nbsp;prvvUARTRxISR
</UL>
<BR>[Address Reference Count : 1]<UL><LI> portserial.o(i.xMBPortSerialInit)
</UL>
<P><STRONG><a name="[70]"></a>serial_soft_trans_irq</STRONG> (Thumb, 28 bytes, Stack size 16 bytes, portserial.o(i.serial_soft_trans_irq))
<BR><BR>[Stack]<UL><LI>Max Depth = 152<LI>Call Chain = serial_soft_trans_irq &rArr; rt_event_recv &rArr; rt_timer_start &rArr; rt_thread_resume &rArr; rt_timer_stop &rArr; _rt_timer_remove
</UL>
<BR>[Calls]<UL><LI><a href="#[ef]">&gt;&gt;</a>&nbsp;&nbsp;&nbsp;rt_event_recv
<LI><a href="#[14d]">&gt;&gt;</a>&nbsp;&nbsp;&nbsp;prvvUARTTxReadyISR
</UL>
<BR>[Address Reference Count : 1]<UL><LI> portserial.o(i.xMBPortSerialInit)
</UL>
<P><STRONG><a name="[158]"></a>prvvTIMERExpiredISR</STRONG> (Thumb, 10 bytes, Stack size 8 bytes, porttimer.o(i.prvvTIMERExpiredISR))
<BR><BR>[Stack]<UL><LI>Max Depth = 8<LI>Call Chain = prvvTIMERExpiredISR
</UL>
<BR>[Called By]<UL><LI><a href="#[71]">&gt;&gt;</a>&nbsp;&nbsp;&nbsp;timer_timeout_ind
</UL>

<P><STRONG><a name="[71]"></a>timer_timeout_ind</STRONG> (Thumb, 10 bytes, Stack size 8 bytes, porttimer.o(i.timer_timeout_ind))
<BR><BR>[Stack]<UL><LI>Max Depth = 16<LI>Call Chain = timer_timeout_ind &rArr; prvvTIMERExpiredISR
</UL>
<BR>[Calls]<UL><LI><a href="#[158]">&gt;&gt;</a>&nbsp;&nbsp;&nbsp;prvvTIMERExpiredISR
</UL>
<BR>[Address Reference Count : 1]<UL><LI> porttimer.o(i.xMBPortTimersInit)
</UL>
<P><STRONG><a name="[14c]"></a>prvvUARTRxISR</STRONG> (Thumb, 10 bytes, Stack size 8 bytes, portserial_m.o(i.prvvUARTRxISR))
<BR><BR>[Stack]<UL><LI>Max Depth = 8<LI>Call Chain = prvvUARTRxISR
</UL>
<BR>[Called By]<UL><LI><a href="#[6c]">&gt;&gt;</a>&nbsp;&nbsp;&nbsp;serial_rx_ind
</UL>

<P><STRONG><a name="[14e]"></a>prvvUARTTxReadyISR</STRONG> (Thumb, 10 bytes, Stack size 8 bytes, portserial_m.o(i.prvvUARTTxReadyISR))
<BR><BR>[Stack]<UL><LI>Max Depth = 8<LI>Call Chain = prvvUARTTxReadyISR
</UL>
<BR>[Called By]<UL><LI><a href="#[6d]">&gt;&gt;</a>&nbsp;&nbsp;&nbsp;serial_soft_trans_irq
</UL>

<P><STRONG><a name="[6c]"></a>serial_rx_ind</STRONG> (Thumb, 14 bytes, Stack size 16 bytes, portserial_m.o(i.serial_rx_ind))
<BR><BR>[Stack]<UL><LI>Max Depth = 24<LI>Call Chain = serial_rx_ind &rArr; prvvUARTRxISR
</UL>
<BR>[Calls]<UL><LI><a href="#[14c]">&gt;&gt;</a>&nbsp;&nbsp;&nbsp;prvvUARTRxISR
</UL>
<BR>[Address Reference Count : 1]<UL><LI> portserial_m.o(i.xMBMasterPortSerialInit)
</UL>
<P><STRONG><a name="[6d]"></a>serial_soft_trans_irq</STRONG> (Thumb, 28 bytes, Stack size 16 bytes, portserial_m.o(i.serial_soft_trans_irq))
<BR><BR>[Stack]<UL><LI>Max Depth = 152<LI>Call Chain = serial_soft_trans_irq &rArr; rt_event_recv &rArr; rt_timer_start &rArr; rt_thread_resume &rArr; rt_timer_stop &rArr; _rt_timer_remove
</UL>
<BR>[Calls]<UL><LI><a href="#[ef]">&gt;&gt;</a>&nbsp;&nbsp;&nbsp;rt_event_recv
<LI><a href="#[14e]">&gt;&gt;</a>&nbsp;&nbsp;&nbsp;prvvUARTTxReadyISR
</UL>
<BR>[Address Reference Count : 1]<UL><LI> portserial_m.o(i.xMBMasterPortSerialInit)
</UL>
<P><STRONG><a name="[159]"></a>prvvTIMERExpiredISR</STRONG> (Thumb, 10 bytes, Stack size 8 bytes, porttimer_m.o(i.prvvTIMERExpiredISR))
<BR><BR>[Stack]<UL><LI>Max Depth = 8<LI>Call Chain = prvvTIMERExpiredISR
</UL>
<BR>[Called By]<UL><LI><a href="#[6e]">&gt;&gt;</a>&nbsp;&nbsp;&nbsp;timer_timeout_ind
</UL>

<P><STRONG><a name="[6e]"></a>timer_timeout_ind</STRONG> (Thumb, 10 bytes, Stack size 8 bytes, porttimer_m.o(i.timer_timeout_ind))
<BR><BR>[Stack]<UL><LI>Max Depth = 16<LI>Call Chain = timer_timeout_ind &rArr; prvvTIMERExpiredISR
</UL>
<BR>[Calls]<UL><LI><a href="#[159]">&gt;&gt;</a>&nbsp;&nbsp;&nbsp;prvvTIMERExpiredISR
</UL>
<BR>[Address Reference Count : 1]<UL><LI> porttimer_m.o(i.xMBMasterPortTimersInit)
</UL><P>
<H3>
Undefined Global Symbols
</H3><HR></body></html>
