Component: ARM Compiler 5.06 update 6 (build 750) Tool: armlink [4d35ed]

==============================================================================

Section Cross References

    app.o(i.main) refers to context_rvds.o(.text) for rt_hw_interrupt_disable
    app.o(i.main) refers to system_stm32f10x.o(i.SystemInit) for SystemInit
    app.o(i.main) refers to app_task.o(i.rtthread_startup) for rtthread_startup
    app_task.o(i.rt_application_init) refers to thread.o(i.rt_thread_init) for rt_thread_init
    app_task.o(i.rt_application_init) refers to thread.o(i.rt_thread_startup) for rt_thread_startup
    app_task.o(i.rt_application_init) refers to app_task.o(.bss) for thread_SysMonitor_stack
    app_task.o(i.rt_application_init) refers to app_task.o(i.thread_entry_SysMonitor) for thread_entry_SysMonitor
    app_task.o(i.rt_application_init) refers to app_task.o(i.thread_entry_ModbusSlavePoll) for thread_entry_ModbusSlavePoll
    app_task.o(i.rt_application_init) refers to app_task.o(i.thread_entry_ModbusMasterPoll) for thread_entry_ModbusMasterPoll
    app_task.o(i.rtthread_startup) refers to bsp.o(i.rt_hw_board_init) for rt_hw_board_init
    app_task.o(i.rtthread_startup) refers to kservice.o(i.rt_show_version) for rt_show_version
    app_task.o(i.rtthread_startup) refers to clock.o(i.rt_system_tick_init) for rt_system_tick_init
    app_task.o(i.rtthread_startup) refers to object.o(i.rt_system_object_init) for rt_system_object_init
    app_task.o(i.rtthread_startup) refers to timer.o(i.rt_system_timer_init) for rt_system_timer_init
    app_task.o(i.rtthread_startup) refers to mem.o(i.rt_system_heap_init) for rt_system_heap_init
    app_task.o(i.rtthread_startup) refers to scheduler.o(i.rt_system_scheduler_init) for rt_system_scheduler_init
    app_task.o(i.rtthread_startup) refers to device.o(i.rt_device_init_all) for rt_device_init_all
    app_task.o(i.rtthread_startup) refers to app_task.o(i.rt_application_init) for rt_application_init
    app_task.o(i.rtthread_startup) refers to timer.o(i.rt_system_timer_thread_init) for rt_system_timer_thread_init
    app_task.o(i.rtthread_startup) refers to idle.o(i.rt_thread_idle_init) for rt_thread_idle_init
    app_task.o(i.rtthread_startup) refers to cpuusage.o(i.cpu_usage_init) for cpu_usage_init
    app_task.o(i.rtthread_startup) refers to scheduler.o(i.rt_system_scheduler_start) for rt_system_scheduler_start
    app_task.o(i.thread_entry_ModbusMasterPoll) refers to mb_m.o(i.eMBMasterInit) for eMBMasterInit
    app_task.o(i.thread_entry_ModbusMasterPoll) refers to mb_m.o(i.eMBMasterEnable) for eMBMasterEnable
    app_task.o(i.thread_entry_ModbusMasterPoll) refers to mb_m.o(i.eMBMasterPoll) for eMBMasterPoll
    app_task.o(i.thread_entry_ModbusSlavePoll) refers to mb.o(i.eMBInit) for eMBInit
    app_task.o(i.thread_entry_ModbusSlavePoll) refers to mb.o(i.eMBEnable) for eMBEnable
    app_task.o(i.thread_entry_ModbusSlavePoll) refers to mb.o(i.eMBPoll) for eMBPoll
    app_task.o(i.thread_entry_SysMonitor) refers to cpuusage.o(i.cpu_usage_get) for cpu_usage_get
    app_task.o(i.thread_entry_SysMonitor) refers to stm32f10x_gpio.o(i.GPIO_SetBits) for GPIO_SetBits
    app_task.o(i.thread_entry_SysMonitor) refers to thread.o(i.rt_thread_delay) for rt_thread_delay
    app_task.o(i.thread_entry_SysMonitor) refers to stm32f10x_gpio.o(i.GPIO_ResetBits) for GPIO_ResetBits
    app_task.o(i.thread_entry_SysMonitor) refers to bsp.o(i.IWDG_Feed) for IWDG_Feed
    app_task.o(i.thread_entry_SysMonitor) refers to clock.o(i.rt_tick_get) for rt_tick_get
    app_task.o(i.thread_entry_SysMonitor) refers to mbfunccoils_m.o(i.eMBMasterReqWriteCoil) for eMBMasterReqWriteCoil
    app_task.o(i.thread_entry_SysMonitor) refers to app_task.o(.data) for CpuUsageMinor
    app_task.o(i.thread_entry_SysMonitor) refers to user_mb_app.o(.bss) for usSRegHoldBuf
    app_task.o(i.thread_entry_SysMonitor) refers to app_task.o(.bss) for usModbusUserData
    stm32f10x_it.o(i.SysTick_Handler) refers to bsp.o(i.rt_hw_timer_handler) for rt_hw_timer_handler
    bsp.o(i.AvoidTimeout) refers to clock.o(i.rt_tick_get) for rt_tick_get
    bsp.o(i.AvoidTimeout) refers to thread.o(i.rt_thread_delay) for rt_thread_delay
    bsp.o(i.BSP_Init) refers to bsp.o(i.RCC_Configuration) for RCC_Configuration
    bsp.o(i.BSP_Init) refers to bsp.o(i.NVIC_Configuration) for NVIC_Configuration
    bsp.o(i.BSP_Init) refers to bsp.o(i.SysTick_Configuration) for SysTick_Configuration
    bsp.o(i.BSP_Init) refers to bsp.o(i.GPIO_Configuration) for GPIO_Configuration
    bsp.o(i.GPIO_Configuration) refers to stm32f10x_gpio.o(i.GPIO_Init) for GPIO_Init
    bsp.o(i.IWDG_Configuration) refers to stm32f10x_iwdg.o(i.IWDG_WriteAccessCmd) for IWDG_WriteAccessCmd
    bsp.o(i.IWDG_Configuration) refers to stm32f10x_iwdg.o(i.IWDG_SetPrescaler) for IWDG_SetPrescaler
    bsp.o(i.IWDG_Configuration) refers to stm32f10x_iwdg.o(i.IWDG_SetReload) for IWDG_SetReload
[...]
    _get_lc_collate                           - Undefined Weak Reference
    _get_lc_ctype                             - Undefined Weak Reference
    _get_lc_monetary                          - Undefined Weak Reference
    _get_lc_numeric                           - Undefined Weak Reference
    _get_lc_time                              - Undefined Weak Reference
    _getenv_init                              - Undefined Weak Reference
    _handle_redirection                       - Undefined Weak Reference
    _init_alloc                               - Undefined Weak Reference
    _init_user_alloc                          - Undefined Weak Reference
    _initio                                   - Undefined Weak Reference
    _rand_init                                - Undefined Weak Reference
    _signal_finish                            - Undefined Weak Reference
    _signal_init                              - Undefined Weak Reference
    _terminate_alloc                          - Undefined Weak Reference
    _terminate_user_alloc                     - Undefined Weak Reference
    _terminateio                              - Undefined Weak Reference
    __Vectors_Size                           0x000000ec   Number         0  startup_stm32f10x_md.o ABSOLUTE
    __Vectors                                0x08000000   Data           4  startup_stm32f10x_md.o(RESET)
    __Vectors_End                            0x080000ec   Data           0  startup_stm32f10x_md.o(RESET)
    __main                                   0x080000ed   Thumb Code     8  __main.o(!!!main)
    __scatterload                            0x080000f5   Thumb Code     0  __scatter.o(!!!scatter)
    __scatterload_rt2                        0x080000f5   Thumb Code    44  __scatter.o(!!!scatter)
    __scatterload_rt2_thumb_only             0x080000f5   Thumb Code     0  __scatter.o(!!!scatter)
    __scatterload_null                       0x08000103   Thumb Code     0  __scatter.o(!!!scatter)
    __decompress                             0x08000129   Thumb Code    90  __dczerorl2.o(!!dczerorl2)
    __decompress1                            0x08000129   Thumb Code     0  __dczerorl2.o(!!dczerorl2)
    __scatterload_zeroinit                   0x08000185   Thumb Code    28  __scatter_zi.o(!!handler_zi)
    __rt_lib_init                            0x080001a1   Thumb Code     0  libinit.o(.ARM.Collect$$libinit$$00000000)
    __rt_lib_init_alloca_1                   0x080001a3   Thumb Code     0  libinit2.o(.ARM.Collect$$libinit$$0000002E)
    __rt_lib_init_argv_1                     0x080001a3   Thumb Code     0  libinit2.o(.ARM.Collect$$libinit$$0000002C)
    __rt_lib_init_atexit_1                   0x080001a3   Thumb Code     0  libinit2.o(.ARM.Collect$$libinit$$0000001B)
    __rt_lib_init_clock_1                    0x080001a3   Thumb Code     0  libinit2.o(.ARM.Collect$$libinit$$00000021)
    __rt_lib_init_cpp_1                      0x080001a3   Thumb Code     0  libinit2.o(.ARM.Collect$$libinit$$00000032)
    __rt_lib_init_exceptions_1               0x080001a3   Thumb Code     0  libinit2.o(.ARM.Collect$$libinit$$00000030)
    __rt_lib_init_fp_1                       0x080001a3   Thumb Code     0  libinit2.o(.ARM.Collect$$libinit$$00000002)
    __rt_lib_init_fp_trap_1                  0x080001a3   Thumb Code     0  libinit2.o(.ARM.Collect$$libinit$$0000001F)
    __rt_lib_init_getenv_1                   0x080001a3   Thumb Code     0  libinit2.o(.ARM.Collect$$libinit$$00000023)
    __rt_lib_init_heap_1                     0x080001a3   Thumb Code     0  libinit2.o(.ARM.Collect$$libinit$$0000000A)
    __rt_lib_init_lc_collate_1               0x080001a3   Thumb Code     0  libinit2.o(.ARM.Collect$$libinit$$00000011)
    __rt_lib_init_lc_ctype_1                 0x080001a3   Thumb Code     0  libinit2.o(.ARM.Collect$$libinit$$00000013)
    __rt_lib_init_lc_monetary_1              0x080001a3   Thumb Code     0  libinit2.o(.ARM.Collect$$libinit$$00000015)
    __rt_lib_init_lc_numeric_1               0x080001a3   Thumb Code     0  libinit2.o(.ARM.Collect$$libinit$$00000017)
    __rt_lib_init_lc_time_1                  0x080001a3   Thumb Code     0  libinit2.o(.ARM.Collect$$libinit$$00000019)
    __rt_lib_init_preinit_1                  0x080001a3   Thumb Code     0  libinit2.o(.ARM.Collect$$libinit$$00000004)
    __rt_lib_init_rand_1                     0x080001a3   Thumb Code     0  libinit2.o(.ARM.Collect$$libinit$$0000000E)
    __rt_lib_init_return                     0x080001a3   Thumb Code     0  libinit2.o(.ARM.Collect$$libinit$$00000033)
    __rt_lib_init_signal_1                   0x080001a3   Thumb Code     0  libinit2.o(.ARM.Collect$$libinit$$0000001D)
    __rt_lib_init_stdio_1                    0x080001a3   Thumb Code     0  libinit2.o(.ARM.Collect$$libinit$$00000025)
    __rt_lib_init_user_alloc_1               0x080001a3   Thumb Code     0  libinit2.o(.ARM.Collect$$libinit$$0000000C)
    __rt_lib_shutdown                        0x080001a5   Thumb Code     0  libshutdown.o(.ARM.Collect$$libshutdown$$00000000)
    __rt_lib_shutdown_cpp_1                  0x080001a7   Thumb Code     0  libshutdown2.o(.ARM.Collect$$libshutdown$$00000002)
    __rt_lib_shutdown_fp_trap_1              0x080001a7   Thumb Code     0  libshutdown2.o(.ARM.Collect$$libshutdown$$00000007)
    __rt_lib_shutdown_heap_1                 0x080001a7   Thumb Code     0  libshutdown2.o(.ARM.Collect$$libshutdown$$0000000F)
    __rt_lib_shutdown_return                 0x080001a7   Thumb Code     0  libshutdown2.o(.ARM.Collect$$libshutdown$$00000010)
    __rt_lib_shutdown_signal_1               0x080001a7   Thumb Code     0  libshutdown2.o(.ARM.Collect$$libshutdown$$0000000A)
    __rt_lib_shutdown_stdio_1                0x080001a7   Thumb Code     0  libshutdown2.o(.ARM.Collect$$libshutdown$$00000004)
    __rt_lib_shutdown_user_alloc_1           0x080001a7   Thumb Code     0  libshutdown2.o(.ARM.Collect$$libshutdown$$0000000C)
    __rt_entry                               0x080001a9   Thumb Code     0  __rtentry.o(.ARM.Collect$$rtentry$$00000000)
    __rt_entry_presh_1                       0x080001a9   Thumb Code     0  __rtentry2.o(.ARM.Collect$$rtentry$$00000002)
    __rt_entry_sh                            0x080001a9   Thumb Code     0  __rtentry4.o(.ARM.Collect$$rtentry$$00000004)
    __rt_entry_li                            0x080001af   Thumb Code     0  __rtentry2.o(.ARM.Collect$$rtentry$$0000000A)
    __rt_entry_postsh_1                      0x080001af   Thumb Code     0  __rtentry2.o(.ARM.Collect$$rtentry$$00000009)
    __rt_entry_main                          0x080001b3   Thumb Code     0  __rtentry2.o(.ARM.Collect$$rtentry$$0000000D)
    __rt_entry_postli_1                      0x080001b3   Thumb Code     0  __rtentry2.o(.ARM.Collect$$rtentry$$0000000C)
    __rt_exit                                0x080001bb   Thumb Code     0  rtexit.o(.ARM.Collect$$rtexit$$00000000)
    __rt_exit_ls                             0x080001bd   Thumb Code     0  rtexit2.o(.ARM.Collect$$rtexit$$00000003)
    __rt_exit_prels_1                        0x080001bd   Thumb Code     0  rtexit2.o(.ARM.Collect$$rtexit$$00000002)
    __rt_exit_exit                           0x080001c1   Thumb Code     0  rtexit2.o(.ARM.Collect$$rtexit$$00000004)
    rt_hw_interrupt_disable                  0x080001c9   Thumb Code     8  context_rvds.o(.text)
    rt_hw_interrupt_enable                   0x080001d1   Thumb Code     6  context_rvds.o(.text)
    rt_hw_context_switch                     0x080001d7   Thumb Code    32  context_rvds.o(.text)
    rt_hw_context_switch_interrupt           0x080001d7   Thumb Code     0  context_rvds.o(.text)
    PendSV_Handler                           0x080001f7   Thumb Code    60  context_rvds.o(.text)
    rt_hw_context_switch_to                  0x08000233   Thumb Code    56  context_rvds.o(.text)
    rt_hw_interrupt_thread_switch            0x0800026b   Thumb Code     4  context_rvds.o(.text)
    HardFault_Handler                        0x0800026f   Thumb Code    48  context_rvds.o(.text)
    Reset_Handler                            0x080002b9   Thumb Code     8  startup_stm32f10x_md.o(.text)
    ADC1_2_IRQHandler                        0x080002d3   Thumb Code     0  startup_stm32f10x_md.o(.text)
    CAN1_RX1_IRQHandler                      0x080002d3   Thumb Code     0  startup_stm32f10x_md.o(.text)
    CAN1_SCE_IRQHandler                      0x080002d3   Thumb Code     0  startup_stm32f10x_md.o(.text)
    DMA1_Channel1_IRQHandler                 0x080002d3   Thumb Code     0  startup_stm32f10x_md.o(.text)
    DMA1_Channel2_IRQHandler                 0x080002d3   Thumb Code     0  startup_stm32f10x_md.o(.text)
    DMA1_Channel3_IRQHandler                 0x080002d3   Thumb Code     0  startup_stm32f10x_md.o(.text)
    DMA1_Channel4_IRQHandler                 0x080002d3   Thumb Code     0  startup_stm32f10x_md.o(.text)
    DMA1_Channel5_IRQHandler                 0x080002d3   Thumb Code     0  startup_stm32f10x_md.o(.text)
    DMA1_Channel6_IRQHandler                 0x080002d3   Thumb Code     0  startup_stm32f10x_md.o(.text)
    DMA1_Channel7_IRQHandler                 0x080002d3   Thumb Code     0  startup_stm32f10x_md.o(.text)
    EXTI0_IRQHandler                         0x080002d3   Thumb Code     0  startup_stm32f10x_md.o(.text)
    EXTI15_10_IRQHandler                     0x080002d3   Thumb Code     0  startup_stm32f10x_md.o(.text)
    EXTI1_IRQHandler                         0x080002d3   Thumb Code     0  startup_stm32f10x_md.o(.text)
    EXTI2_IRQHandler                         0x080002d3   Thumb Code     0  startup_stm32f10x_md.o(.text)
    EXTI3_IRQHandler                         0x080002d3   Thumb Code     0  startup_stm32f10x_md.o(.text)
    EXTI4_IRQHandler                         0x080002d3   Thumb Code     0  startup_stm32f10x_md.o(.text)
    EXTI9_5_IRQHandler                       0x080002d3   Thumb Code     0  startup_stm32f10x_md.o(.text)
    FLASH_IRQHandler                         0x080002d3   Thumb Code     0  startup_stm32f10x_md.o(.text)
    I2C1_ER_IRQHandler                       0x080002d3   Thumb Code     0  startup_stm32f10x_md.o(.text)
    I2C1_EV_IRQHandler                       0x080002d3   Thumb Code     0  startup_stm32f10x_md.o(.text)
    I2C2_ER_IRQHandler                       0x080002d3   Thumb Code     0  startup_stm32f10x_md.o(.text)
    I2C2_EV_IRQHandler                       0x080002d3   Thumb Code     0  startup_stm32f10x_md.o(.text)
    PVD_IRQHandler                           0x080002d3   Thumb Code     0  startup_stm32f10x_md.o(.text)
    RCC_IRQHandler                           0x080002d3   Thumb Code     0  startup_stm32f10x_md.o(.text)
    RTCAlarm_IRQHandler                      0x080002d3   Thumb Code     0  startup_stm32f10x_md.o(.text)
    RTC_IRQHandler                           0x080002d3   Thumb Code     0  startup_stm32f10x_md.o(.text)
    SPI1_IRQHandler                          0x080002d3   Thumb Code     0  startup_stm32f10x_md.o(.text)
    SPI2_IRQHandler                          0x080002d3   Thumb Code     0  startup_stm32f10x_md.o(.text)
    TAMPER_IRQHandler                        0x080002d3   Thumb Code     0  startup_stm32f10x_md.o(.text)
    TIM1_BRK_IRQHandler                      0x080002d3   Thumb Code     0  startup_stm32f10x_md.o(.text)
    TIM1_CC_IRQHandler                       0x080002d3   Thumb Code     0  startup_stm32f10x_md.o(.text)
    TIM1_TRG_COM_IRQHandler                  0x080002d3   Thumb Code     0  startup_stm32f10x_md.o(.text)
    TIM1_UP_IRQHandler                       0x080002d3   Thumb Code     0  startup_stm32f10x_md.o(.text)
    TIM2_IRQHandler                          0x080002d3   Thumb Code     0  startup_stm32f10x_md.o(.text)
    TIM3_IRQHandler                          0x080002d3   Thumb Code     0  startup_stm32f10x_md.o(.text)
    TIM4_IRQHandler                          0x080002d3   Thumb Code     0  startup_stm32f10x_md.o(.text)
    USBWakeUp_IRQHandler                     0x080002d3   Thumb Code     0  startup_stm32f10x_md.o(.text)
    USB_HP_CAN1_TX_IRQHandler                0x080002d3   Thumb Code     0  startup_stm32f10x_md.o(.text)
    USB_LP_CAN1_RX0_IRQHandler               0x080002d3   Thumb Code     0  startup_stm32f10x_md.o(.text)
    WWDG_IRQHandler                          0x080002d3   Thumb Code     0  startup_stm32f10x_md.o(.text)
    __user_initial_stackheap                 0x080002d5   Thumb Code     0  startup_stm32f10x_md.o(.text)
    __aeabi_memcpy                           0x080002f9   Thumb Code     0  rt_memcpy_v6.o(.text)
    __rt_memcpy                              0x080002f9   Thumb Code   138  rt_memcpy_v6.o(.text)
    _memcpy_lastbytes                        0x0800035f   Thumb Code     0  rt_memcpy_v6.o(.text)
    __use_two_region_memory                  0x08000383   Thumb Code     2  heapauxi.o(.text)
    __rt_heap_escrow$2region                 0x08000385   Thumb Code     2  heapauxi.o(.text)
    __rt_heap_expand$2region                 0x08000387   Thumb Code     2  heapauxi.o(.text)
    __aeabi_memcpy4                          0x08000389   Thumb Code     0  rt_memcpy_w.o(.text)
    __aeabi_memcpy8                          0x08000389   Thumb Code     0  rt_memcpy_w.o(.text)
    __rt_memcpy_w                            0x08000389   Thumb Code   100  rt_memcpy_w.o(.text)
    _memcpy_lastbytes_aligned                0x080003d1   Thumb Code     0  rt_memcpy_w.o(.text)
    __user_setup_stackheap                   0x080003ed   Thumb Code    74  sys_stackheap_outer.o(.text)
    exit                                     0x08000437   Thumb Code    18  exit.o(.text)
    __user_libspace                          0x08000449   Thumb Code     8  libspace.o(.text)
    __user_perproc_libspace                  0x08000449   Thumb Code     0  libspace.o(.text)
    __user_perthread_libspace                0x08000449   Thumb Code     0  libspace.o(.text)
    _sys_exit                                0x08000451   Thumb Code     8  sys_exit.o(.text)
    __I$use$semihosting                      0x0800045d   Thumb Code     0  use_no_semi.o(.text)
    __use_no_semihosting_swi                 0x0800045d   Thumb Code     2  use_no_semi.o(.text)
    BSP_Init                                 0x0800045f   Thumb Code    20  bsp.o(i.BSP_Init)
    __semihosting_library_function           0x0800045f   Thumb Code     0  indicate_semi.o(.text)
    BusFault_Handler                         0x08000473   Thumb Code     4  stm32f10x_it.o(i.BusFault_Handler)
    DebugMon_Handler                         0x08000477   Thumb Code     2  stm32f10x_it.o(i.DebugMon_Handler)
    EnterCriticalSection                     0x08000479   Thumb Code     8  port.o(i.EnterCriticalSection)
    ExitCriticalSection                      0x08000481   Thumb Code     8  port.o(i.ExitCriticalSection)
    GPIO_Init                                0x08000571   Thumb Code   278  stm32f10x_gpio.o(i.GPIO_Init)
    GPIO_ReadInputDataBit                    0x08000687   Thumb Code    18  stm32f10x_gpio.o(i.GPIO_ReadInputDataBit)
    GPIO_ResetBits                           0x08000699   Thumb Code     4  stm32f10x_gpio.o(i.GPIO_ResetBits)
    GPIO_SetBits                             0x0800069d   Thumb Code     4  stm32f10x_gpio.o(i.GPIO_SetBits)
    IWDG_Feed                                0x080006a1   Thumb Code     8  bsp.o(i.IWDG_Feed)
    IWDG_ReloadCounter                       0x080006a9   Thumb Code    10  stm32f10x_iwdg.o(i.IWDG_ReloadCounter)
    MemManage_Handler                        0x080006b9   Thumb Code     4  stm32f10x_it.o(i.MemManage_Handler)
    NMI_Handler                              0x080006bd   Thumb Code     2  stm32f10x_it.o(i.NMI_Handler)
    NVIC_Init                                0x080006f1   Thumb Code   100  misc.o(i.NVIC_Init)
    NVIC_SetVectorTable                      0x08000761   Thumb Code    12  misc.o(i.NVIC_SetVectorTable)
    RCC_ADCCLKConfig                         0x08000775   Thumb Code    18  stm32f10x_rcc.o(i.RCC_ADCCLKConfig)
    RCC_AHBPeriphClockCmd                    0x0800078d   Thumb Code    26  stm32f10x_rcc.o(i.RCC_AHBPeriphClockCmd)
    RCC_APB1PeriphClockCmd                   0x080007ad   Thumb Code    26  stm32f10x_rcc.o(i.RCC_APB1PeriphClockCmd)
    RCC_APB2PeriphClockCmd                   0x080007cd   Thumb Code    26  stm32f10x_rcc.o(i.RCC_APB2PeriphClockCmd)
    RCC_GetClocksFreq                        0x0800084d   Thumb Code   192  stm32f10x_rcc.o(i.RCC_GetClocksFreq)
    SVC_Handler                              0x08000921   Thumb Code     2  stm32f10x_it.o(i.SVC_Handler)
    SysTick_CLKSourceConfig                  0x08000a0d   Thumb Code    40  misc.o(i.SysTick_CLKSourceConfig)
    SysTick_Configuration                    0x08000a35   Thumb Code   100  bsp.o(i.SysTick_Configuration)
    SysTick_Handler                          0x08000aa1   Thumb Code     8  stm32f10x_it.o(i.SysTick_Handler)
    SystemInit                               0x08000aa9   Thumb Code    78  system_stm32f10x.o(i.SystemInit)
    USART1_IRQHandler                        0x08000b09   Thumb Code    84  usart.o(i.USART1_IRQHandler)
    USART2_IRQHandler                        0x08000b65   Thumb Code    84  usart.o(i.USART2_IRQHandler)
    USART3_IRQHandler                        0x08000bc1   Thumb Code    84  usart.o(i.USART3_IRQHandler)
    USART_ClearITPendingBit                  0x08000c1d   Thumb Code    30  stm32f10x_usart.o(i.USART_ClearITPendingBit)
    USART_Cmd                                0x08000c3b   Thumb Code    24  stm32f10x_usart.o(i.USART_Cmd)
    USART_GetFlagStatus                      0x08000c53   Thumb Code    26  stm32f10x_usart.o(i.USART_GetFlagStatus)
    USART_GetITStatus                        0x08000c6d   Thumb Code    84  stm32f10x_usart.o(i.USART_GetITStatus)
    USART_ITConfig                           0x08000cc1   Thumb Code    74  stm32f10x_usart.o(i.USART_ITConfig)
    USART_Init                               0x08000d0d   Thumb Code   210  stm32f10x_usart.o(i.USART_Init)
    UsageFault_Handler                       0x08000de5   Thumb Code     4  stm32f10x_it.o(i.UsageFault_Handler)
    __rt_ffs                                 0x08000de9   Thumb Code    70  kservice.o(i.__rt_ffs)
    cpu_usage_get                            0x0800128d   Thumb Code    52  cpuusage.o(i.cpu_usage_get)
    cpu_usage_init                           0x0800138d   Thumb Code    10  cpuusage.o(i.cpu_usage_init)
    eMBEnable                                0x0800139d   Thumb Code    32  mb.o(i.eMBEnable)
    eMBFuncReadCoils                         0x080013c5   Thumb Code   174  mbfunccoils.o(i.eMBFuncReadCoils)
    eMBFuncReadDiscreteInputs                0x08001473   Thumb Code   172  mbfuncdisc.o(i.eMBFuncReadDiscreteInputs)
    eMBFuncReadHoldingRegister               0x0800151f   Thumb Code   142  mbfuncholding.o(i.eMBFuncReadHoldingRegister)
    eMBFuncReadInputRegister                 0x080015ad   Thumb Code   140  mbfuncinput.o(i.eMBFuncReadInputRegister)
    eMBFuncReadWriteMultipleHoldingRegister  0x08001639   Thumb Code   212  mbfuncholding.o(i.eMBFuncReadWriteMultipleHoldingRegister)
    eMBFuncReportSlaveID                     0x0800170d   Thumb Code    30  mbfuncother.o(i.eMBFuncReportSlaveID)
    eMBFuncWriteCoil                         0x08001735   Thumb Code   112  mbfunccoils.o(i.eMBFuncWriteCoil)
    eMBFuncWriteHoldingRegister              0x080017a5   Thumb Code    66  mbfuncholding.o(i.eMBFuncWriteHoldingRegister)
    eMBFuncWriteMultipleCoils                0x080017e7   Thumb Code   144  mbfunccoils.o(i.eMBFuncWriteMultipleCoils)
    eMBFuncWriteMultipleHoldingRegister      0x08001877   Thumb Code   110  mbfuncholding.o(i.eMBFuncWriteMultipleHoldingRegister)
    eMBInit                                  0x080018e5   Thumb Code   150  mb.o(i.eMBInit)
    eMBMasterEnable                          0x080019c5   Thumb Code    32  mb_m.o(i.eMBMasterEnable)
    eMBMasterFuncReadCoils                   0x080019ed   Thumb Code   152  mbfunccoils_m.o(i.eMBMasterFuncReadCoils)
    eMBMasterFuncReadDiscreteInputs          0x08001a85   Thumb Code   150  mbfuncdisc_m.o(i.eMBMasterFuncReadDiscreteInputs)
    eMBMasterFuncReadHoldingRegister         0x08001b1b   Thumb Code   116  mbfuncholding_m.o(i.eMBMasterFuncReadHoldingRegister)
    eMBMasterFuncReadInputRegister           0x08001b8f   Thumb Code   114  mbfuncinput_m.o(i.eMBMasterFuncReadInputRegister)
    eMBMasterFuncReadWriteMultipleHoldingRegister 0x08001c01   Thumb Code   164  mbfuncholding_m.o(i.eMBMasterFuncReadWriteMultipleHoldingRegister)
    eMBMasterFuncWriteCoil                   0x08001ca5   Thumb Code   112  mbfunccoils_m.o(i.eMBMasterFuncWriteCoil)
    eMBMasterFuncWriteHoldingRegister        0x08001d15   Thumb Code    66  mbfuncholding_m.o(i.eMBMasterFuncWriteHoldingRegister)
    eMBMasterFuncWriteMultipleCoils          0x08001d57   Thumb Code   150  mbfunccoils_m.o(i.eMBMasterFuncWriteMultipleCoils)
    eMBMasterFuncWriteMultipleHoldingRegister 0x08001ded   Thumb Code   114  mbfuncholding_m.o(i.eMBMasterFuncWriteMultipleHoldingRegister)
    eMBMasterGetErrorType                    0x08001e61   Thumb Code     6  mb_m.o(i.eMBMasterGetErrorType)
    eMBMasterInit                            0x08001e6d   Thumb Code   122  mb_m.o(i.eMBMasterInit)
    eMBMasterPoll                            0x08001f29   Thumb Code   470  mb_m.o(i.eMBMasterPoll)
    eMBMasterRTUInit                         0x08002125   Thumb Code    82  mbrtu_m.o(i.eMBMasterRTUInit)
    eMBMasterRTUReceive                      0x0800217d   Thumb Code    70  mbrtu_m.o(i.eMBMasterRTUReceive)
    eMBMasterRTUSend                         0x080021cd   Thumb Code   132  mbrtu_m.o(i.eMBMasterRTUSend)
    eMBMasterRTUStart                        0x08002265   Thumb Code    30  mbrtu_m.o(i.eMBMasterRTUStart)
    eMBMasterRTUStop                         0x08002289   Thumb Code    24  mbrtu_m.o(i.eMBMasterRTUStop)
    eMBMasterRegCoilsCB                      0x080022a1   Thumb Code   312  user_mb_app_m.o(i.eMBMasterRegCoilsCB)
    eMBMasterRegDiscreteCB                   0x080023e1   Thumb Code   204  user_mb_app_m.o(i.eMBMasterRegDiscreteCB)
    eMBMasterRegHoldingCB                    0x080024b5   Thumb Code   176  user_mb_app_m.o(i.eMBMasterRegHoldingCB)
    eMBMasterRegInputCB                      0x0800256d   Thumb Code   122  user_mb_app_m.o(i.eMBMasterRegInputCB)
    eMBMasterReqWriteCoil                    0x080025f1   Thumb Code   116  mbfunccoils_m.o(i.eMBMasterReqWriteCoil)
    eMBMasterWaitRequestFinish               0x08002665   Thumb Code    64  portevent_m.o(i.eMBMasterWaitRequestFinish)
    eMBPoll                                  0x080026a9   Thumb Code   260  mb.o(i.eMBPoll)
    eMBRTUInit                               0x080027d5   Thumb Code    84  mbrtu.o(i.eMBRTUInit)
    eMBRTUReceive                            0x0800282d   Thumb Code    70  mbrtu.o(i.eMBRTUReceive)
    eMBRTUSend                               0x0800287d   Thumb Code   124  mbrtu.o(i.eMBRTUSend)
    eMBRTUStart                              0x0800290d   Thumb Code    30  mbrtu.o(i.eMBRTUStart)
    eMBRTUStop                               0x08002931   Thumb Code    24  mbrtu.o(i.eMBRTUStop)
    eMBRegCoilsCB                            0x08002949   Thumb Code   300  user_mb_app.o(i.eMBRegCoilsCB)
    eMBRegDiscreteCB                         0x08002a7d   Thumb Code   190  user_mb_app.o(i.eMBRegDiscreteCB)
    eMBRegHoldingCB                          0x08002b45   Thumb Code   172  user_mb_app.o(i.eMBRegHoldingCB)
    eMBRegInputCB                            0x08002bf9   Thumb Code   104  user_mb_app.o(i.eMBRegInputCB)
    get_pin                                  0x08002c69   Thumb Code    18  gpio.o(i.get_pin)
    main                                     0x08002c81   Thumb Code    20  app.o(i.main)
    prveMBError2Exception                    0x08002d51   Thumb Code    34  mbutils.o(i.prveMBError2Exception)
    rt_application_init                      0x08002dd5   Thumb Code   116  app_task.o(i.rt_application_init)
    rt_completion_done                       0x08002e95   Thumb Code    82  completion.o(i.rt_completion_done)
    rt_completion_init                       0x08002ee7   Thumb Code    48  completion.o(i.rt_completion_init)
    rt_completion_wait                       0x08002f17   Thumb Code   212  completion.o(i.rt_completion_wait)
    rt_data_queue_init                       0x08002feb   Thumb Code    80  dataqueue.o(i.rt_data_queue_init)
    rt_data_queue_peak                       0x0800303b   Thumb Code    98  dataqueue.o(i.rt_data_queue_peak)
    rt_data_queue_pop                        0x0800309d   Thumb Code   358  dataqueue.o(i.rt_data_queue_pop)
    rt_data_queue_push                       0x08003203   Thumb Code   282  dataqueue.o(i.rt_data_queue_push)
    rt_device_find                           0x0800331d   Thumb Code    76  device.o(i.rt_device_find)
    rt_device_init_all                       0x0800336d   Thumb Code    64  device.o(i.rt_device_init_all)
    rt_device_pin_register                   0x080033b1   Thumb Code    58  pin.o(i.rt_device_pin_register)
    rt_device_register                       0x08003401   Thumb Code    52  device.o(i.rt_device_register)
    rt_enter_critical                        0x08003435   Thumb Code    28  scheduler.o(i.rt_enter_critical)
    rt_event_init                            0x08003455   Thumb Code    50  ipc.o(i.rt_event_init)
    rt_event_recv                            0x08003489   Thumb Code   356  ipc.o(i.rt_event_recv)
    rt_event_send                            0x080035f5   Thumb Code   214  ipc.o(i.rt_event_send)
    rt_exit_critical                         0x080036d1   Thumb Code    54  scheduler.o(i.rt_exit_critical)
    rt_free                                  0x0800370d   Thumb Code   256  mem.o(i.rt_free)
    rt_hw_board_init                         0x08003825   Thumb Code    16  bsp.o(i.rt_hw_board_init)
    rt_hw_hard_fault_exception               0x08003835   Thumb Code    32  cpuport.o(i.rt_hw_hard_fault_exception)
    rt_hw_serial_isr                         0x08003859   Thumb Code   330  serial.o(i.rt_hw_serial_isr)
    rt_hw_serial_register                    0x080039a5   Thumb Code    82  serial.o(i.rt_hw_serial_register)
    rt_hw_stack_init                         0x08003a11   Thumb Code    70  cpuport.o(i.rt_hw_stack_init)
    rt_hw_timer_handler                      0x08003a5d   Thumb Code    16  bsp.o(i.rt_hw_timer_handler)
    rt_interrupt_enter                       0x08003a6d   Thumb Code    30  irq.o(i.rt_interrupt_enter)
    rt_interrupt_get_nest                    0x08003a91   Thumb Code     6  irq.o(i.rt_interrupt_get_nest)
    rt_interrupt_leave                       0x08003a9d   Thumb Code    30  irq.o(i.rt_interrupt_leave)
    rt_malloc                                0x08003c21   Thumb Code   528  mem.o(i.rt_malloc)
    rt_memset                                0x08003e51   Thumb Code    72  kservice.o(i.rt_memset)
    rt_object_delete                         0x08003e99   Thumb Code    92  object.o(i.rt_object_delete)
    rt_object_detach                         0x08003ef9   Thumb Code    62  object.o(i.rt_object_detach)
    rt_object_init                           0x08003f3d   Thumb Code    76  object.o(i.rt_object_init)
    rt_object_is_systemobject                0x08003f91   Thumb Code    38  object.o(i.rt_object_is_systemobject)
    rt_pin_mode                              0x08003fb9   Thumb Code    22  pin.o(i.rt_pin_mode)
    rt_pin_write                             0x08003fd5   Thumb Code    22  pin.o(i.rt_pin_write)
    rt_schedule                              0x08003ff1   Thumb Code   134  scheduler.o(i.rt_schedule)
    rt_schedule_insert_thread                0x08004095   Thumb Code    86  scheduler.o(i.rt_schedule_insert_thread)
    rt_schedule_remove_thread                0x080040f5   Thumb Code    98  scheduler.o(i.rt_schedule_remove_thread)
    rt_sem_init                              0x08004161   Thumb Code    52  ipc.o(i.rt_sem_init)
    rt_sem_release                           0x08004195   Thumb Code    80  ipc.o(i.rt_sem_release)
    rt_sem_take                              0x080041e9   Thumb Code   266  ipc.o(i.rt_sem_take)
    rt_set_errno                             0x080046d5   Thumb Code    36  kservice.o(i.rt_set_errno)
    rt_show_version                          0x080046fd   Thumb Code     2  kservice.o(i.rt_show_version)
    rt_soft_timer_check                      0x08004701   Thumb Code   134  timer.o(i.rt_soft_timer_check)
    rt_strncmp                               0x08004791   Thumb Code    40  kservice.o(i.rt_strncmp)
    rt_strncpy                               0x080047b9   Thumb Code    52  kservice.o(i.rt_strncpy)
    rt_system_heap_init                      0x080047ed   Thumb Code   188  mem.o(i.rt_system_heap_init)
    rt_system_object_init                    0x080048c5   Thumb Code     2  object.o(i.rt_system_object_init)
    rt_system_scheduler_init                 0x080048c9   Thumb Code    56  scheduler.o(i.rt_system_scheduler_init)
    rt_system_scheduler_start                0x08004919   Thumb Code    36  scheduler.o(i.rt_system_scheduler_start)
    rt_system_tick_init                      0x08004949   Thumb Code     2  clock.o(i.rt_system_tick_init)
    rt_system_timer_init                     0x0800494d   Thumb Code    24  timer.o(i.rt_system_timer_init)
    rt_system_timer_thread_init              0x08004969   Thumb Code    58  timer.o(i.rt_system_timer_thread_init)
    rt_thread_delay                          0x080049bd   Thumb Code    12  thread.o(i.rt_thread_delay)
    rt_thread_idle_excute                    0x08004a39   Thumb Code   160  idle.o(i.rt_thread_idle_excute)
    rt_thread_idle_init                      0x08004add   Thumb Code    38  idle.o(i.rt_thread_idle_init)
    rt_thread_idle_sethook                   0x08004b19   Thumb Code     6  idle.o(i.rt_thread_idle_sethook)
    rt_thread_init                           0x08004b25   Thumb Code    86  thread.o(i.rt_thread_init)
    rt_thread_resume                         0x08004b7b   Thumb Code    82  thread.o(i.rt_thread_resume)
    rt_thread_self                           0x08004bcd   Thumb Code     6  thread.o(i.rt_thread_self)
    rt_thread_sleep                          0x08004bd9   Thumb Code    82  thread.o(i.rt_thread_sleep)
    rt_thread_startup                        0x08004c31   Thumb Code    92  thread.o(i.rt_thread_startup)
    rt_thread_suspend                        0x08004c8d   Thumb Code    80  thread.o(i.rt_thread_suspend)
    rt_thread_timeout                        0x08004cdd   Thumb Code    74  thread.o(i.rt_thread_timeout)
    rt_thread_yield                          0x08004d75   Thumb Code    88  thread.o(i.rt_thread_yield)
    rt_tick_get                              0x08004dd5   Thumb Code     6  clock.o(i.rt_tick_get)
    rt_tick_increase                         0x08004de1   Thumb Code    42  clock.o(i.rt_tick_increase)
    rt_timer_check                           0x08004e11   Thumb Code   148  timer.o(i.rt_timer_check)
    rt_timer_control                         0x08004ead   Thumb Code    76  timer.o(i.rt_timer_control)
    rt_timer_detach                          0x08004ef9   Thumb Code    50  timer.o(i.rt_timer_detach)
    rt_timer_init                            0x08004f2b   Thumb Code    64  timer.o(i.rt_timer_init)
    rt_timer_start                           0x08004f89   Thumb Code   354  timer.o(i.rt_timer_start)
    rt_timer_stop                            0x08005101   Thumb Code    84  timer.o(i.rt_timer_stop)
    rtthread_startup                         0x08005159   Thumb Code    60  app_task.o(i.rtthread_startup)
    stm32_hw_pin_init                        0x08005371   Thumb Code    16  gpio.o(i.stm32_hw_pin_init)
    stm32_hw_usart_init                      0x08005389   Thumb Code   152  usart.o(i.stm32_hw_usart_init)
    stm32_pin_mode                           0x08005459   Thumb Code    94  gpio.o(i.stm32_pin_mode)
    stm32_pin_read                           0x080054b7   Thumb Code    48  gpio.o(i.stm32_pin_read)
    stm32_pin_write                          0x080054e7   Thumb Code    52  gpio.o(i.stm32_pin_write)
    thread_entry_ModbusMasterPoll            0x0800554b   Thumb Code    26  app_task.o(i.thread_entry_ModbusMasterPoll)
    thread_entry_ModbusSlavePoll             0x08005565   Thumb Code    32  app_task.o(i.thread_entry_ModbusSlavePoll)
    thread_entry_SysMonitor                  0x08005585   Thumb Code   152  app_task.o(i.thread_entry_SysMonitor)
    ucMBMasterGetDestAddress                 0x08005649   Thumb Code     6  mb_m.o(i.ucMBMasterGetDestAddress)
    usMBCRC16                                0x08005655   Thumb Code    48  mbcrc.o(i.usMBCRC16)
    usMBMasterGetPDUSndLength                0x0800568d   Thumb Code     6  mbrtu_m.o(i.usMBMasterGetPDUSndLength)
    vMBMasterCBRequestScuuess                0x08005699   Thumb Code    12  portevent_m.o(i.vMBMasterCBRequestScuuess)
    vMBMasterErrorCBExecuteFunction          0x080056a9   Thumb Code    20  portevent_m.o(i.vMBMasterErrorCBExecuteFunction)
    vMBMasterErrorCBReceiveData              0x080056c1   Thumb Code    18  portevent_m.o(i.vMBMasterErrorCBReceiveData)
    vMBMasterErrorCBRespondTimeout           0x080056d9   Thumb Code    18  portevent_m.o(i.vMBMasterErrorCBRespondTimeout)
    vMBMasterGetPDUSndBuf                    0x080056f1   Thumb Code     6  mbrtu_m.o(i.vMBMasterGetPDUSndBuf)
    vMBMasterOsResInit                       0x080056fd   Thumb Code    16  portevent_m.o(i.vMBMasterOsResInit)
    vMBMasterPortSerialEnable                0x0800571d   Thumb Code    96  portserial_m.o(i.vMBMasterPortSerialEnable)
    vMBMasterPortTimersConvertDelayEnable    0x08005785   Thumb Code    32  porttimer_m.o(i.vMBMasterPortTimersConvertDelayEnable)
    vMBMasterPortTimersDisable               0x080057a9   Thumb Code    10  porttimer_m.o(i.vMBMasterPortTimersDisable)
    vMBMasterPortTimersRespondTimeoutEnable  0x080057b9   Thumb Code    32  porttimer_m.o(i.vMBMasterPortTimersRespondTimeoutEnable)
    vMBMasterPortTimersT35Enable             0x080057dd   Thumb Code    42  porttimer_m.o(i.vMBMasterPortTimersT35Enable)
    vMBMasterRunResRelease                   0x08005811   Thumb Code    10  portevent_m.o(i.vMBMasterRunResRelease)
    vMBMasterSetCBRunInMasterMode            0x08005821   Thumb Code     6  mb_m.o(i.vMBMasterSetCBRunInMasterMode)
    vMBMasterSetCurTimerMode                 0x0800582d   Thumb Code     6  mbrtu_m.o(i.vMBMasterSetCurTimerMode)
    vMBMasterSetDestAddress                  0x08005839   Thumb Code     6  mb_m.o(i.vMBMasterSetDestAddress)
    vMBMasterSetErrorType                    0x08005845   Thumb Code     6  mb_m.o(i.vMBMasterSetErrorType)
    vMBMasterSetPDUSndLength                 0x08005851   Thumb Code     6  mbrtu_m.o(i.vMBMasterSetPDUSndLength)
    vMBPortSerialEnable                      0x0800585d   Thumb Code    96  portserial.o(i.vMBPortSerialEnable)
    vMBPortTimersDisable                     0x080058c5   Thumb Code    10  porttimer.o(i.vMBPortTimersDisable)
    vMBPortTimersEnable                      0x080058d5   Thumb Code    10  porttimer.o(i.vMBPortTimersEnable)
    xMBMasterPortEventGet                    0x080058e5   Thumb Code    86  portevent_m.o(i.xMBMasterPortEventGet)
    xMBMasterPortEventInit                   0x08005941   Thumb Code    16  portevent_m.o(i.xMBMasterPortEventInit)
    xMBMasterPortEventPost                   0x08005965   Thumb Code    16  portevent_m.o(i.xMBMasterPortEventPost)
    xMBMasterPortSerialGetByte               0x08005979   Thumb Code    26  portserial_m.o(i.xMBMasterPortSerialGetByte)
    xMBMasterPortSerialInit                  0x08005999   Thumb Code   306  portserial_m.o(i.xMBMasterPortSerialInit)
    xMBMasterPortSerialPutByte               0x08005b11   Thumb Code    24  portserial_m.o(i.xMBMasterPortSerialPutByte)
    xMBMasterPortTimersInit                  0x08005b2d   Thumb Code    44  porttimer_m.o(i.xMBMasterPortTimersInit)
    xMBMasterRTUReceiveFSM                   0x08005b75   Thumb Code   130  mbrtu_m.o(i.xMBMasterRTUReceiveFSM)
    xMBMasterRTUTimerExpired                 0x08005c09   Thumb Code   130  mbrtu_m.o(i.xMBMasterRTUTimerExpired)
    xMBMasterRTUTransmitFSM                  0x08005c9d   Thumb Code   122  mbrtu_m.o(i.xMBMasterRTUTransmitFSM)
    xMBMasterRequestIsBroadcast              0x08005d2d   Thumb Code     6  mbrtu_m.o(i.xMBMasterRequestIsBroadcast)
    xMBMasterRunResTake                      0x08005d39   Thumb Code    22  portevent_m.o(i.xMBMasterRunResTake)
    xMBPortEventGet                          0x08005d55   Thumb Code    72  portevent.o(i.xMBPortEventGet)
    xMBPortEventInit                         0x08005da1   Thumb Code    16  portevent.o(i.xMBPortEventInit)
    xMBPortEventPost                         0x08005dc1   Thumb Code    16  portevent.o(i.xMBPortEventPost)
    xMBPortSerialGetByte                     0x08005dd5   Thumb Code    26  portserial.o(i.xMBPortSerialGetByte)
    xMBPortSerialInit                        0x08005df5   Thumb Code   306  portserial.o(i.xMBPortSerialInit)
    xMBPortSerialPutByte                     0x08005f65   Thumb Code    24  portserial.o(i.xMBPortSerialPutByte)
    xMBPortTimersInit                        0x08005f81   Thumb Code    38  porttimer.o(i.xMBPortTimersInit)
    xMBRTUReceiveFSM                         0x08005fbd   Thumb Code   122  mbrtu.o(i.xMBRTUReceiveFSM)
    xMBRTUTimerT35Expired                    0x08006045   Thumb Code    60  mbrtu.o(i.xMBRTUTimerT35Expired)
    xMBRTUTransmitFSM                        0x08006085   Thumb Code    94  mbrtu.o(i.xMBRTUTransmitFSM)
    xMBUtilGetBits                           0x080060f1   Thumb Code    42  mbutils.o(i.xMBUtilGetBits)
    xMBUtilSetBits                           0x0800611b   Thumb Code    96  mbutils.o(i.xMBUtilSetBits)
    __lowest_bit_bitmap                      0x080061c4   Data         256  kservice.o(.constdata)
    Region$$Table$$Base                      0x080064e8   Number         0  anon$$obj.o(Region$$Table)
    Region$$Table$$Limit                     0x08006508   Number         0  anon$$obj.o(Region$$Table)
    CpuUsageMajor                            0x20000000   Data           1  app_task.o(.data)
    CpuUsageMinor                            0x20000001   Data           1  app_task.o(.data)
    rt_interrupt_from_thread                 0x20000004   Data           4  cpuport.o(.data)
    rt_interrupt_to_thread                   0x20000008   Data           4  cpuport.o(.data)
    rt_thread_switch_interrupt_flag          0x2000000c   Data           4  cpuport.o(.data)
    uart1                                    0x20000014   Data           8  usart.o(.data)
    uart2                                    0x2000001c   Data           8  usart.o(.data)
    uart3                                    0x20000024   Data           8  usart.o(.data)
    rt_interrupt_nest                        0x20000050   Data           1  irq.o(.data)
    rt_object_container                      0x20000078   Data          96  object.o(.data)
    rt_object_trytake_hook                   0x200000e0   Data           4  object.o(.data)
    rt_object_take_hook                      0x200000e4   Data           4  object.o(.data)
    rt_object_put_hook                       0x200000e8   Data           4  object.o(.data)
    rt_current_thread                        0x200000f0   Data           4  scheduler.o(.data)
    rt_current_priority                      0x200000f4   Data           1  scheduler.o(.data)
    rt_thread_ready_priority_group           0x200000f8   Data           4  scheduler.o(.data)
    rt_thread_defunct                        0x200000fc   Data           8  scheduler.o(.data)
    pxMBFrameCBByteReceived                  0x20000138   Data           4  mb.o(.data)
    pxMBFrameCBTransmitterEmpty              0x2000013c   Data           4  mb.o(.data)
    pxMBPortCBTimerExpired                   0x20000140   Data           4  mb.o(.data)
    pxMBFrameCBReceiveFSMCur                 0x20000144   Data           4  mb.o(.data)
    pxMBFrameCBTransmitFSMCur                0x20000148   Data           4  mb.o(.data)
    usSDiscInStart                           0x200001e8   Data           2  user_mb_app.o(.data)
    ucSDiscInBuf                             0x200001ea   Data           2  user_mb_app.o(.data)
    usSCoilStart                             0x200001ec   Data           2  user_mb_app.o(.data)
    ucSCoilBuf                               0x200001ee   Data           8  user_mb_app.o(.data)
    usSRegInStart                            0x200001f6   Data           2  user_mb_app.o(.data)
    usSRegHoldStart                          0x200001f8   Data           2  user_mb_app.o(.data)
    pxMBMasterFrameCBByteReceived            0x20000214   Data           4  mb_m.o(.data)
    pxMBMasterFrameCBTransmitterEmpty        0x20000218   Data           4  mb_m.o(.data)
    pxMBMasterPortCBTimerExpired             0x2000021c   Data           4  mb_m.o(.data)
    pxMBMasterFrameCBReceiveFSMCur           0x20000220   Data           4  mb_m.o(.data)
    pxMBMasterFrameCBTransmitFSMCur          0x20000224   Data           4  mb_m.o(.data)
    usMDiscInStart                           0x200002ca   Data           2  user_mb_app_m.o(.data)
    usMCoilStart                             0x200002cc   Data           2  user_mb_app_m.o(.data)
    usMRegInStart                            0x200002ce   Data           2  user_mb_app_m.o(.data)
    usMRegHoldStart                          0x200002d0   Data           2  user_mb_app_m.o(.data)
    usModbusUserData                         0x200002d8   Data         506  app_task.o(.bss)
    ucModbusUserData                         0x200004d2   Data         253  app_task.o(.bss)
    thread_SysMonitor                        0x20000ad0   Data         160  app_task.o(.bss)
    thread_ModbusSlavePoll                   0x20000b70   Data         160  app_task.o(.bss)
    thread_ModbusMasterPoll                  0x20000c10   Data         160  app_task.o(.bss)
    serial1                                  0x20000cb0   Data         100  usart.o(.bss)
    serial2                                  0x20000d14   Data         100  usart.o(.bss)
    serial3                                  0x20000d78   Data         100  usart.o(.bss)
    rt_thread_priority_table                 0x20000fb0   Data         256  scheduler.o(.bss)
    ucRTUBuf                                 0x200013c4   Data         256  mbrtu.o(.bss)
    usSRegInBuf                              0x20001804   Data         200  user_mb_app.o(.bss)
    usSRegHoldBuf                            0x200018cc   Data         200  user_mb_app.o(.bss)
    ucMDiscInBuf                             0x20001f04   Data          32  user_mb_app_m.o(.bss)
    ucMCoilBuf                               0x20001f24   Data         128  user_mb_app_m.o(.bss)
    usMRegInBuf                              0x20001fa4   Data        3200  user_mb_app_m.o(.bss)
    usMRegHoldBuf                            0x20002c24   Data        3200  user_mb_app_m.o(.bss)
    __libspace_start                         0x200038a4   Data          96  libspace.o(.bss)
    __temporary_stack_top$libspace           0x20003904   Data           0  libspace.o(.bss)
    Image$$RW_IRAM1$$ZI$$Limit               0x20003f08   Number         0  anon$$obj.o ABSOLUTE



==============================================================================

Memory Map of the image

  Image Entry point : 0x080000ed

  Load Region LR_IROM1 (Base: 0x08000000, Size: 0x000067dc, Max: 0x00020000, ABSOLUTE, COMPRESSED[0x000065cc])

    Execution Region ER_IROM1 (Exec base: 0x08000000, Load base: 0x08000000, Size: 0x00006508, Max: 0x00020000, ABSOLUTE)

    Exec Addr    Load Addr    Size         Type   Attr      Idx    E Section Name        Object

    0x08000000   0x08000000   0x000000ec   Data   RO         3387    RESET               startup_stm32f10x_md.o
    0x080000ec   0x080000ec   0x00000008   Code   RO         5914  * !!!main             c_w.l(__main.o)
    0x080000f4   0x080000f4   0x00000034   Code   RO         6075    !!!scatter          c_w.l(__scatter.o)
    0x08000128   0x08000128   0x0000005a   Code   RO         6073    !!dczerorl2         c_w.l(__dczerorl2.o)
    0x08000182   0x08000182   0x00000002   PAD
    0x08000184   0x08000184   0x0000001c   Code   RO         6077    !!handler_zi        c_w.l(__scatter_zi.o)
    0x080001a0   0x080001a0   0x00000002   Code   RO         5943    .ARM.Collect$$libinit$$00000000  c_w.l(libinit.o)
    0x080001a2   0x080001a2   0x00000000   Code   RO         5950    .ARM.Collect$$libinit$$00000002  c_w.l(libinit2.o)
    0x080001a2   0x080001a2   0x00000000   Code   RO         5952    .ARM.Collect$$libinit$$00000004  c_w.l(libinit2.o)
    0x080001a2   0x080001a2   0x00000000   Code   RO         5955    .ARM.Collect$$libinit$$0000000A  c_w.l(libinit2.o)
    0x080001a2   0x080001a2   0x00000000   Code   RO         5957    .ARM.Collect$$libinit$$0000000C  c_w.l(libinit2.o)
    0x080001a2   0x080001a2   0x00000000   Code   RO         5959    .ARM.Collect$$libinit$$0000000E  c_w.l(libinit2.o)
    0x080001a2   0x080001a2   0x00000000   Code   RO         5962    .ARM.Collect$$libinit$$00000011  c_w.l(libinit2.o)
    0x080001a2   0x080001a2   0x00000000   Code   RO         5964    .ARM.Collect$$libinit$$00000013  c_w.l(libinit2.o)
    0x080001a2   0x080001a2   0x00000000   Code   RO         5966    .ARM.Collect$$libinit$$00000015  c_w.l(libinit2.o)
    0x080001a2   0x080001a2   0x00000000   Code   RO         5968    .ARM.Collect$$libinit$$00000017  c_w.l(libinit2.o)
    0x080001a2   0x080001a2   0x00000000   Code   RO         5970    .ARM.Collect$$libinit$$00000019  c_w.l(libinit2.o)
    0x080001a2   0x080001a2   0x00000000   Code   RO         5972    .ARM.Collect$$libinit$$0000001B  c_w.l(libinit2.o)
    0x080001a2   0x080001a2   0x00000000   Code   RO         5974    .ARM.Collect$$libinit$$0000001D  c_w.l(libinit2.o)
    0x080001a2   0x080001a2   0x00000000   Code   RO         5976    .ARM.Collect$$libinit$$0000001F  c_w.l(libinit2.o)
    0x080001a2   0x080001a2   0x00000000   Code   RO         5978    .ARM.Collect$$libinit$$00000021  c_w.l(libinit2.o)
    0x080001a2   0x080001a2   0x00000000   Code   RO         5980    .ARM.Collect$$libinit$$00000023  c_w.l(libinit2.o)
    0x080001a2   0x080001a2   0x00000000   Code   RO         5982    .ARM.Collect$$libinit$$00000025  c_w.l(libinit2.o)
    0x080001a2   0x080001a2   0x00000000   Code   RO         5986    .ARM.Collect$$libinit$$0000002C  c_w.l(libinit2.o)
    0x080001a2   0x080001a2   0x00000000   Code   RO         5988    .ARM.Collect$$libinit$$0000002E  c_w.l(libinit2.o)
    0x080001a2   0x080001a2   0x00000000   Code   RO         5990    .ARM.Collect$$libinit$$00000030  c_w.l(libinit2.o)
    0x080001a2   0x080001a2   0x00000000   Code   RO         5992    .ARM.Collect$$libinit$$00000032  c_w.l(libinit2.o)
    0x080001a2   0x080001a2   0x00000002   Code   RO         5993    .ARM.Collect$$libinit$$00000033  c_w.l(libinit2.o)
    0x080001a4   0x080001a4   0x00000002   Code   RO         6013    .ARM.Collect$$libshutdown$$00000000  c_w.l(libshutdown.o)
    0x080001a6   0x080001a6   0x00000000   Code   RO         6026    .ARM.Collect$$libshutdown$$00000002  c_w.l(libshutdown2.o)
    0x080001a6   0x080001a6   0x00000000   Code   RO         6028    .ARM.Collect$$libshutdown$$00000004  c_w.l(libshutdown2.o)
    0x080001a6   0x080001a6   0x00000000   Code   RO         6031    .ARM.Collect$$libshutdown$$00000007  c_w.l(libshutdown2.o)
    0x080001a6   0x080001a6   0x00000000   Code   RO         6034    .ARM.Collect$$libshutdown$$0000000A  c_w.l(libshutdown2.o)
    0x080001a6   0x080001a6   0x00000000   Code   RO         6036    .ARM.Collect$$libshutdown$$0000000C  c_w.l(libshutdown2.o)
    0x080001a6   0x080001a6   0x00000000   Code   RO         6039    .ARM.Collect$$libshutdown$$0000000F  c_w.l(libshutdown2.o)
    0x080001a6   0x080001a6   0x00000002   Code   RO         6040    .ARM.Collect$$libshutdown$$00000010  c_w.l(libshutdown2.o)
    0x080001a8   0x080001a8   0x00000000   Code   RO         5916    .ARM.Collect$$rtentry$$00000000  c_w.l(__rtentry.o)
    0x080001a8   0x080001a8   0x00000000   Code   RO         5920    .ARM.Collect$$rtentry$$00000002  c_w.l(__rtentry2.o)
    0x080001a8   0x080001a8   0x00000006   Code   RO         5932    .ARM.Collect$$rtentry$$00000004  c_w.l(__rtentry4.o)
    0x080001ae   0x080001ae   0x00000000   Code   RO         5922    .ARM.Collect$$rtentry$$00000009  c_w.l(__rtentry2.o)
    0x080001ae   0x080001ae   0x00000004   Code   RO         5923    .ARM.Collect$$rtentry$$0000000A  c_w.l(__rtentry2.o)
    0x080001b2   0x080001b2   0x00000000   Code   RO         5925    .ARM.Collect$$rtentry$$0000000C  c_w.l(__rtentry2.o)
    0x080001b2   0x080001b2   0x00000008   Code   RO         5926    .ARM.Collect$$rtentry$$0000000D  c_w.l(__rtentry2.o)
    0x080001ba   0x080001ba   0x00000002   Code   RO         5947    .ARM.Collect$$rtexit$$00000000  c_w.l(rtexit.o)
    0x080001bc   0x080001bc   0x00000000   Code   RO         5995    .ARM.Collect$$rtexit$$00000002  c_w.l(rtexit2.o)
    0x080001bc   0x080001bc   0x00000004   Code   RO         5996    .ARM.Collect$$rtexit$$00000003  c_w.l(rtexit2.o)
    0x080001c0   0x080001c0   0x00000006   Code   RO         5997    .ARM.Collect$$rtexit$$00000004  c_w.l(rtexit2.o)
    0x080001c6   0x080001c6   0x00000002   PAD
    0x080001c8   0x080001c8   0x000000f0   Code   RO          313    .text               context_rvds.o
    0x080002b8   0x080002b8   0x00000040   Code   RO         3388    .text               startup_stm32f10x_md.o
    0x080002f8   0x080002f8   0x0000008a   Code   RO         5910    .text               c_w.l(rt_memcpy_v6.o)
    0x08000382   0x08000382   0x00000006   Code   RO         5912    .text               c_w.l(heapauxi.o)
    0x08000388   0x08000388   0x00000064   Code   RO         5917    .text               c_w.l(rt_memcpy_w.o)
    0x080003ec   0x080003ec   0x0000004a   Code   RO         5934    .text               c_w.l(sys_stackheap_outer.o)
    0x08000436   0x08000436   0x00000012   Code   RO         5936    .text               c_w.l(exit.o)
    0x08000448   0x08000448   0x00000008   Code   RO         5944    .text               c_w.l(libspace.o)
    0x08000450   0x08000450   0x0000000c   Code   RO         6005    .text               c_w.l(sys_exit.o)
    0x0800045c   0x0800045c   0x00000002   Code   RO         6016    .text               c_w.l(use_no_semi.o)
    0x0800045e   0x0800045e   0x00000000   Code   RO         6018    .text               c_w.l(indicate_semi.o)
    0x0800045e   0x0800045e   0x00000014   Code   RO          233    i.BSP_Init          bsp.o
    0x08000472   0x08000472   0x00000004   Code   RO          181    i.BusFault_Handler  stm32f10x_it.o
    0x08000476   0x08000476   0x00000002   Code   RO          182    i.DebugMon_Handler  stm32f10x_it.o
    0x08000478   0x08000478   0x00000008   Code   RO         5207    i.EnterCriticalSection  port.o
    0x08000480   0x08000480   0x00000008   Code   RO         5208    i.ExitCriticalSection  port.o
    0x08000488   0x08000488   0x00000058   Code   RO          235    i.GPIO_Configuration  bsp.o
    0x080004e0   0x080004e0   0x00000090   Code   RO          351    i.GPIO_Configuration  usart.o
    0x08000570   0x08000570   0x00000116   Code   RO         1551    i.GPIO_Init         stm32f10x_gpio.o
    0x08000686   0x08000686   0x00000012   Code   RO         1555    i.GPIO_ReadInputDataBit  stm32f10x_gpio.o
    0x08000698   0x08000698   0x00000004   Code   RO         1558    i.GPIO_ResetBits    stm32f10x_gpio.o
    0x0800069c   0x0800069c   0x00000004   Code   RO         1559    i.GPIO_SetBits      stm32f10x_gpio.o
    0x080006a0   0x080006a0   0x00000008   Code   RO          237    i.IWDG_Feed         bsp.o
    0x080006a8   0x080006a8   0x00000010   Code   RO         1868    i.IWDG_ReloadCounter  stm32f10x_iwdg.o
    0x080006b8   0x080006b8   0x00000004   Code   RO          183    i.MemManage_Handler  stm32f10x_it.o
    0x080006bc   0x080006bc   0x00000002   Code   RO          184    i.NMI_Handler       stm32f10x_it.o
    0x080006be   0x080006be   0x0000000e   Code   RO          238    i.NVIC_Configuration  bsp.o
    0x080006cc   0x080006cc   0x00000022   Code   RO          352    i.NVIC_Configuration  usart.o
    0x080006ee   0x080006ee   0x00000002   PAD
    0x080006f0   0x080006f0   0x00000070   Code   RO          472    i.NVIC_Init         misc.o
    0x08000760   0x08000760   0x00000014   Code   RO          474    i.NVIC_SetVectorTable  misc.o
    0x08000774   0x08000774   0x00000018   Code   RO         1971    i.RCC_ADCCLKConfig  stm32f10x_rcc.o
    0x0800078c   0x0800078c   0x00000020   Code   RO         1972    i.RCC_AHBPeriphClockCmd  stm32f10x_rcc.o
    0x080007ac   0x080007ac   0x00000020   Code   RO         1973    i.RCC_APB1PeriphClockCmd  stm32f10x_rcc.o
    0x080007cc   0x080007cc   0x00000020   Code   RO         1975    i.RCC_APB2PeriphClockCmd  stm32f10x_rcc.o
    0x080007ec   0x080007ec   0x0000002c   Code   RO          239    i.RCC_Configuration  bsp.o
    0x08000818   0x08000818   0x00000034   Code   RO          353    i.RCC_Configuration  usart.o
    0x0800084c   0x0800084c   0x000000d4   Code   RO         1983    i.RCC_GetClocksFreq  stm32f10x_rcc.o
    0x08000920   0x08000920   0x00000002   Code   RO          185    i.SVC_Handler       stm32f10x_it.o
    0x08000922   0x08000922   0x00000008   Code   RO         3402    i.SetSysClock       system_stm32f10x.o
    0x0800092a   0x0800092a   0x00000002   PAD
    0x0800092c   0x0800092c   0x000000e0   Code   RO         3403    i.SetSysClockTo72   system_stm32f10x.o
    0x08000a0c   0x08000a0c   0x00000028   Code   RO          476    i.SysTick_CLKSourceConfig  misc.o
    0x08000a34   0x08000a34   0x0000006c   Code   RO          240    i.SysTick_Configuration  bsp.o
    0x08000aa0   0x08000aa0   0x00000008   Code   RO          186    i.SysTick_Handler   stm32f10x_it.o
    0x08000aa8   0x08000aa8   0x00000060   Code   RO         3405    i.SystemInit        system_stm32f10x.o
    0x08000b08   0x08000b08   0x0000005c   Code   RO          354    i.USART1_IRQHandler  usart.o
    0x08000b64   0x08000b64   0x0000005c   Code   RO          355    i.USART2_IRQHandler  usart.o
    0x08000bc0   0x08000bc0   0x0000005c   Code   RO          356    i.USART3_IRQHandler  usart.o
    0x08000c1c   0x08000c1c   0x0000001e   Code   RO         3149    i.USART_ClearITPendingBit  stm32f10x_usart.o
    0x08000c3a   0x08000c3a   0x00000018   Code   RO         3152    i.USART_Cmd         stm32f10x_usart.o
    0x08000c52   0x08000c52   0x0000001a   Code   RO         3155    i.USART_GetFlagStatus  stm32f10x_usart.o
    0x08000c6c   0x08000c6c   0x00000054   Code   RO         3156    i.USART_GetITStatus  stm32f10x_usart.o
    0x08000cc0   0x08000cc0   0x0000004a   Code   RO         3158    i.USART_ITConfig    stm32f10x_usart.o
    0x08000d0a   0x08000d0a   0x00000002   PAD
    0x08000d0c   0x08000d0c   0x000000d8   Code   RO         3159    i.USART_Init        stm32f10x_usart.o
    0x08000de4   0x08000de4   0x00000004   Code   RO          187    i.UsageFault_Handler  stm32f10x_it.o
    0x08000de8   0x08000de8   0x0000004c   Code   RO         3818    i.__rt_ffs          kservice.o
    0x08000e34   0x08000e34   0x0000003a   Code   RO         4898    i._pin_control      pin.o
    0x08000e6e   0x08000e6e   0x00000044   Code   RO         4899    i._pin_read         pin.o
    0x08000eb2   0x08000eb2   0x00000044   Code   RO         4900    i._pin_write        pin.o
    0x08000ef6   0x08000ef6   0x0000003c   Code   RO         4151    i._rt_scheduler_stack_check  scheduler.o
    0x08000f32   0x08000f32   0x00000002   PAD
    0x08000f34   0x08000f34   0x00000098   Code   RO         4235    i._rt_thread_init   thread.o
    0x08000fcc   0x08000fcc   0x00000042   Code   RO         4349    i._rt_timer_init    timer.o
    0x0800100e   0x0800100e   0x0000002e   Code   RO         4350    i._rt_timer_remove  timer.o
    0x0800103c   0x0800103c   0x00000078   Code   RO         4820    i._serial_dma_rx    serial.o
    0x080010b4   0x080010b4   0x0000005c   Code   RO         4821    i._serial_dma_tx    serial.o
    0x08001110   0x08001110   0x00000088   Code   RO         4822    i._serial_int_rx    serial.o
    0x08001198   0x08001198   0x00000060   Code   RO         4823    i._serial_int_tx    serial.o
    0x080011f8   0x080011f8   0x00000044   Code   RO         4824    i._serial_poll_rx   serial.o
    0x0800123c   0x0800123c   0x0000004e   Code   RO         4825    i._serial_poll_tx   serial.o
    0x0800128a   0x0800128a   0x00000002   PAD
    0x0800128c   0x0800128c   0x0000003c   Code   RO         3474    i.cpu_usage_get     cpuusage.o
    0x080012c8   0x080012c8   0x000000c4   Code   RO         3475    i.cpu_usage_idle_hook  cpuusage.o
    0x0800138c   0x0800138c   0x00000010   Code   RO         3476    i.cpu_usage_init    cpuusage.o
    0x0800139c   0x0800139c   0x00000028   Code   RO         4947    i.eMBEnable         mb.o
    0x080013c4   0x080013c4   0x000000ae   Code   RO         5003    i.eMBFuncReadCoils  mbfunccoils.o
    0x08001472   0x08001472   0x000000ac   Code   RO         5030    i.eMBFuncReadDiscreteInputs  mbfuncdisc.o
    0x0800151e   0x0800151e   0x0000008e   Code   RO         5042    i.eMBFuncReadHoldingRegister  mbfuncholding.o
    0x080015ac   0x080015ac   0x0000008c   Code   RO         5072    i.eMBFuncReadInputRegister  mbfuncinput.o
    0x08001638   0x08001638   0x000000d4   Code   RO         5043    i.eMBFuncReadWriteMultipleHoldingRegister  mbfuncholding.o
    0x0800170c   0x0800170c   0x00000028   Code   RO         5084    i.eMBFuncReportSlaveID  mbfuncother.o
    0x08001734   0x08001734   0x00000070   Code   RO         5004    i.eMBFuncWriteCoil  mbfunccoils.o
    0x080017a4   0x080017a4   0x00000042   Code   RO         5044    i.eMBFuncWriteHoldingRegister  mbfuncholding.o
    0x080017e6   0x080017e6   0x00000090   Code   RO         5005    i.eMBFuncWriteMultipleCoils  mbfunccoils.o
    0x08001876   0x08001876   0x0000006e   Code   RO         5045    i.eMBFuncWriteMultipleHoldingRegister  mbfuncholding.o
    0x080018e4   0x080018e4   0x000000e0   Code   RO         4948    i.eMBInit           mb.o
    0x080019c4   0x080019c4   0x00000028   Code   RO         5383    i.eMBMasterEnable   mb_m.o
    0x080019ec   0x080019ec   0x00000098   Code   RO         5613    i.eMBMasterFuncReadCoils  mbfunccoils_m.o
    0x08001a84   0x08001a84   0x00000096   Code   RO         5673    i.eMBMasterFuncReadDiscreteInputs  mbfuncdisc_m.o
    0x08001b1a   0x08001b1a   0x00000074   Code   RO         5559    i.eMBMasterFuncReadHoldingRegister  mbfuncholding_m.o
    0x08001b8e   0x08001b8e   0x00000072   Code   RO         5655    i.eMBMasterFuncReadInputRegister  mbfuncinput_m.o
    0x08001c00   0x08001c00   0x000000a4   Code   RO         5560    i.eMBMasterFuncReadWriteMultipleHoldingRegister  mbfuncholding_m.o
    0x08001ca4   0x08001ca4   0x00000070   Code   RO         5614    i.eMBMasterFuncWriteCoil  mbfunccoils_m.o
    0x08001d14   0x08001d14   0x00000042   Code   RO         5561    i.eMBMasterFuncWriteHoldingRegister  mbfuncholding_m.o
    0x08001d56   0x08001d56   0x00000096   Code   RO         5615    i.eMBMasterFuncWriteMultipleCoils  mbfunccoils_m.o
    0x08001dec   0x08001dec   0x00000072   Code   RO         5562    i.eMBMasterFuncWriteMultipleHoldingRegister  mbfuncholding_m.o
    0x08001e5e   0x08001e5e   0x00000002   PAD
    0x08001e60   0x08001e60   0x0000000c   Code   RO         5384    i.eMBMasterGetErrorType  mb_m.o
    0x08001e6c   0x08001e6c   0x000000bc   Code   RO         5385    i.eMBMasterInit     mb_m.o
    0x08001f28   0x08001f28   0x000001fc   Code   RO         5387    i.eMBMasterPoll     mb_m.o
    0x08002124   0x08002124   0x00000058   Code   RO         5466    i.eMBMasterRTUInit  mbrtu_m.o
    0x0800217c   0x0800217c   0x00000050   Code   RO         5467    i.eMBMasterRTUReceive  mbrtu_m.o
    0x080021cc   0x080021cc   0x00000098   Code   RO         5468    i.eMBMasterRTUSend  mbrtu_m.o
    0x08002264   0x08002264   0x00000024   Code   RO         5469    i.eMBMasterRTUStart  mbrtu_m.o
    0x08002288   0x08002288   0x00000018   Code   RO         5470    i.eMBMasterRTUStop  mbrtu_m.o
    0x080022a0   0x080022a0   0x00000140   Code   RO         5874    i.eMBMasterRegCoilsCB  user_mb_app_m.o
    0x080023e0   0x080023e0   0x000000d4   Code   RO         5875    i.eMBMasterRegDiscreteCB  user_mb_app_m.o
    0x080024b4   0x080024b4   0x000000b8   Code   RO         5876    i.eMBMasterRegHoldingCB  user_mb_app_m.o
    0x0800256c   0x0800256c   0x00000084   Code   RO         5877    i.eMBMasterRegInputCB  user_mb_app_m.o
    0x080025f0   0x080025f0   0x00000074   Code   RO         5617    i.eMBMasterReqWriteCoil  mbfunccoils_m.o
    0x08002664   0x08002664   0x00000044   Code   RO         5691    i.eMBMasterWaitRequestFinish  portevent_m.o
    0x080026a8   0x080026a8   0x0000012c   Code   RO         4949    i.eMBPoll           mb.o
    0x080027d4   0x080027d4   0x00000058   Code   RO         5146    i.eMBRTUInit        mbrtu.o
    0x0800282c   0x0800282c   0x00000050   Code   RO         5147    i.eMBRTUReceive     mbrtu.o
    0x0800287c   0x0800287c   0x00000090   Code   RO         5148    i.eMBRTUSend        mbrtu.o
    0x0800290c   0x0800290c   0x00000024   Code   RO         5149    i.eMBRTUStart       mbrtu.o
    0x08002930   0x08002930   0x00000018   Code   RO         5150    i.eMBRTUStop        mbrtu.o
    0x08002948   0x08002948   0x00000134   Code   RO         5347    i.eMBRegCoilsCB     user_mb_app.o
    0x08002a7c   0x08002a7c   0x000000c8   Code   RO         5348    i.eMBRegDiscreteCB  user_mb_app.o
    0x08002b44   0x08002b44   0x000000b4   Code   RO         5349    i.eMBRegHoldingCB   user_mb_app.o
    0x08002bf8   0x08002bf8   0x00000070   Code   RO         5350    i.eMBRegInputCB     user_mb_app.o
    0x08002c68   0x08002c68   0x00000018   Code   RO          434    i.get_pin           gpio.o
    0x08002c80   0x08002c80   0x00000014   Code   RO            1    i.main              app.o
    0x08002c94   0x08002c94   0x000000bc   Code   RO         3970    i.plug_holes        mem.o
    0x08002d50   0x08002d50   0x00000022   Code   RO         5105    i.prveMBError2Exception  mbutils.o
    0x08002d72   0x08002d72   0x00000002   PAD
    0x08002d74   0x08002d74   0x00000010   Code   RO         5311    i.prvvTIMERExpiredISR  porttimer.o
    0x08002d84   0x08002d84   0x00000010   Code   RO         5825    i.prvvTIMERExpiredISR  porttimer_m.o
    0x08002d94   0x08002d94   0x00000010   Code   RO         5251    i.prvvUARTRxISR     portserial.o
    0x08002da4   0x08002da4   0x00000010   Code   RO         5765    i.prvvUARTRxISR     portserial_m.o
    0x08002db4   0x08002db4   0x00000010   Code   RO         5252    i.prvvUARTTxReadyISR  portserial.o
    0x08002dc4   0x08002dc4   0x00000010   Code   RO         5766    i.prvvUARTTxReadyISR  portserial_m.o
    0x08002dd4   0x08002dd4   0x000000c0   Code   RO          140    i.rt_application_init  app_task.o
    0x08002e94   0x08002e94   0x00000052   Code   RO         4475    i.rt_completion_done  completion.o
    0x08002ee6   0x08002ee6   0x00000030   Code   RO         4476    i.rt_completion_init  completion.o
    0x08002f16   0x08002f16   0x000000d4   Code   RO         4477    i.rt_completion_wait  completion.o
    0x08002fea   0x08002fea   0x00000050   Code   RO         4507    i.rt_data_queue_init  dataqueue.o
    0x0800303a   0x0800303a   0x00000062   Code   RO         4508    i.rt_data_queue_peak  dataqueue.o
    0x0800309c   0x0800309c   0x00000166   Code   RO         4509    i.rt_data_queue_pop  dataqueue.o
    0x08003202   0x08003202   0x0000011a   Code   RO         4510    i.rt_data_queue_push  dataqueue.o
    0x0800331c   0x0800331c   0x00000050   Code   RO         3501    i.rt_device_find    device.o
    0x0800336c   0x0800336c   0x00000044   Code   RO         3503    i.rt_device_init_all  device.o
    0x080033b0   0x080033b0   0x00000050   Code   RO         4901    i.rt_device_pin_register  pin.o
    0x08003400   0x08003400   0x00000034   Code   RO         3506    i.rt_device_register  device.o
    0x08003434   0x08003434   0x00000020   Code   RO         4153    i.rt_enter_critical  scheduler.o
    0x08003454   0x08003454   0x00000032   Code   RO         3623    i.rt_event_init     ipc.o
    0x08003486   0x08003486   0x00000002   PAD
    0x08003488   0x08003488   0x0000016c   Code   RO         3624    i.rt_event_recv     ipc.o
    0x080035f4   0x080035f4   0x000000dc   Code   RO         3625    i.rt_event_send     ipc.o
    0x080036d0   0x080036d0   0x0000003c   Code   RO         4154    i.rt_exit_critical  scheduler.o
    0x0800370c   0x0800370c   0x00000118   Code   RO         3972    i.rt_free           mem.o
    0x08003824   0x08003824   0x00000010   Code   RO          242    i.rt_hw_board_init  bsp.o
    0x08003834   0x08003834   0x00000024   Code   RO          320    i.rt_hw_hard_fault_exception  cpuport.o
    0x08003858   0x08003858   0x0000014a   Code   RO         4826    i.rt_hw_serial_isr  serial.o
    0x080039a2   0x080039a2   0x00000002   PAD
    0x080039a4   0x080039a4   0x0000006c   Code   RO         4827    i.rt_hw_serial_register  serial.o
    0x08003a10   0x08003a10   0x0000004c   Code   RO          321    i.rt_hw_stack_init  cpuport.o
    0x08003a5c   0x08003a5c   0x00000010   Code   RO          243    i.rt_hw_timer_handler  bsp.o
    0x08003a6c   0x08003a6c   0x00000024   Code   RO         3791    i.rt_interrupt_enter  irq.o
    0x08003a90   0x08003a90   0x0000000c   Code   RO         3792    i.rt_interrupt_get_nest  irq.o
    0x08003a9c   0x08003a9c   0x00000024   Code   RO         3793    i.rt_interrupt_leave  irq.o
    0x08003ac0   0x08003ac0   0x00000018   Code   RO         3626    i.rt_ipc_list_resume  ipc.o
    0x08003ad8   0x08003ad8   0x0000006c   Code   RO         3628    i.rt_ipc_list_suspend  ipc.o
    0x08003b44   0x08003b44   0x00000010   Code   RO         3629    i.rt_ipc_object_init  ipc.o
    0x08003b54   0x08003b54   0x00000006   Code   RO         4155    i.rt_list_init      scheduler.o
    0x08003b5a   0x08003b5a   0x00000006   Code   RO         4351    i.rt_list_init      timer.o
    0x08003b60   0x08003b60   0x00000006   Code   RO         4512    i.rt_list_init      dataqueue.o
    0x08003b66   0x08003b66   0x0000000e   Code   RO         4050    i.rt_list_insert_after  object.o
    0x08003b74   0x08003b74   0x0000000e   Code   RO         4236    i.rt_list_insert_after  thread.o
    0x08003b82   0x08003b82   0x0000000e   Code   RO         4352    i.rt_list_insert_after  timer.o
    0x08003b90   0x08003b90   0x0000000e   Code   RO         3630    i.rt_list_insert_before  ipc.o
    0x08003b9e   0x08003b9e   0x0000000e   Code   RO         4513    i.rt_list_insert_before  dataqueue.o
    0x08003bac   0x08003bac   0x00000010   Code   RO         3578    i.rt_list_isempty   idle.o
    0x08003bbc   0x08003bbc   0x00000010   Code   RO         3631    i.rt_list_isempty   ipc.o
    0x08003bcc   0x08003bcc   0x00000010   Code   RO         4353    i.rt_list_isempty   timer.o
    0x08003bdc   0x08003bdc   0x00000010   Code   RO         4478    i.rt_list_isempty   completion.o
    0x08003bec   0x08003bec   0x00000010   Code   RO         4514    i.rt_list_isempty   dataqueue.o
    0x08003bfc   0x08003bfc   0x00000012   Code   RO         4051    i.rt_list_remove    object.o
    0x08003c0e   0x08003c0e   0x00000012   Code   RO         4237    i.rt_list_remove    thread.o
    0x08003c20   0x08003c20   0x00000230   Code   RO         3974    i.rt_malloc         mem.o
    0x08003e50   0x08003e50   0x00000048   Code   RO         3827    i.rt_memset         kservice.o
    0x08003e98   0x08003e98   0x00000060   Code   RO         4054    i.rt_object_delete  object.o
    0x08003ef8   0x08003ef8   0x00000044   Code   RO         4055    i.rt_object_detach  object.o
    0x08003f3c   0x08003f3c   0x00000054   Code   RO         4059    i.rt_object_init    object.o
    0x08003f90   0x08003f90   0x00000026   Code   RO         4060    i.rt_object_is_systemobject  object.o
    0x08003fb6   0x08003fb6   0x00000002   PAD
    0x08003fb8   0x08003fb8   0x0000001c   Code   RO         4902    i.rt_pin_mode       pin.o
    0x08003fd4   0x08003fd4   0x0000001c   Code   RO         4904    i.rt_pin_write      pin.o
    0x08003ff0   0x08003ff0   0x000000a4   Code   RO         4156    i.rt_schedule       scheduler.o
    0x08004094   0x08004094   0x00000060   Code   RO         4157    i.rt_schedule_insert_thread  scheduler.o
    0x080040f4   0x080040f4   0x0000006c   Code   RO         4158    i.rt_schedule_remove_thread  scheduler.o
    0x08004160   0x08004160   0x00000034   Code   RO         3643    i.rt_sem_init       ipc.o
    0x08004194   0x08004194   0x00000054   Code   RO         3644    i.rt_sem_release    ipc.o
    0x080041e8   0x080041e8   0x00000114   Code   RO         3645    i.rt_sem_take       ipc.o
    0x080042fc   0x080042fc   0x00000104   Code   RO         4828    i.rt_serial_close   serial.o
    0x08004400   0x08004400   0x0000005e   Code   RO         4829    i.rt_serial_control  serial.o
    0x0800445e   0x0800445e   0x00000038   Code   RO         4830    i.rt_serial_init    serial.o
    0x08004496   0x08004496   0x00000184   Code   RO         4831    i.rt_serial_open    serial.o
    0x0800461a   0x0800461a   0x0000005c   Code   RO         4832    i.rt_serial_read    serial.o
    0x08004676   0x08004676   0x0000005c   Code   RO         4833    i.rt_serial_write   serial.o
    0x080046d2   0x080046d2   0x00000002   PAD
    0x080046d4   0x080046d4   0x00000028   Code   RO         3828    i.rt_set_errno      kservice.o
    0x080046fc   0x080046fc   0x00000002   Code   RO         3829    i.rt_show_version   kservice.o
    0x080046fe   0x080046fe   0x00000002   PAD
    0x08004700   0x08004700   0x00000090   Code   RO         4354    i.rt_soft_timer_check  timer.o
    0x08004790   0x08004790   0x00000028   Code   RO         3836    i.rt_strncmp        kservice.o
    0x080047b8   0x080047b8   0x00000034   Code   RO         3837    i.rt_strncpy        kservice.o
    0x080047ec   0x080047ec   0x000000d8   Code   RO         3978    i.rt_system_heap_init  mem.o
    0x080048c4   0x080048c4   0x00000002   Code   RO         4064    i.rt_system_object_init  object.o
    0x080048c6   0x080048c6   0x00000002   PAD
    0x080048c8   0x080048c8   0x00000050   Code   RO         4160    i.rt_system_scheduler_init  scheduler.o
    0x08004918   0x08004918   0x00000030   Code   RO         4161    i.rt_system_scheduler_start  scheduler.o
    0x08004948   0x08004948   0x00000002   Code   RO         3436    i.rt_system_tick_init  clock.o
    0x0800494a   0x0800494a   0x00000002   PAD
    0x0800494c   0x0800494c   0x0000001c   Code   RO         4355    i.rt_system_timer_init  timer.o
    0x08004968   0x08004968   0x00000054   Code   RO         4356    i.rt_system_timer_thread_init  timer.o
    0x080049bc   0x080049bc   0x0000000c   Code   RO         4240    i.rt_thread_delay   thread.o
    0x080049c8   0x080049c8   0x00000058   Code   RO         4243    i.rt_thread_exit    thread.o
    0x08004a20   0x08004a20   0x00000018   Code   RO         3579    i.rt_thread_idle_entry  idle.o
    0x08004a38   0x08004a38   0x000000a4   Code   RO         3580    i.rt_thread_idle_excute  idle.o
    0x08004adc   0x08004adc   0x0000003c   Code   RO         3581    i.rt_thread_idle_init  idle.o
    0x08004b18   0x08004b18   0x0000000c   Code   RO         3582    i.rt_thread_idle_sethook  idle.o
    0x08004b24   0x08004b24   0x00000056   Code   RO         4245    i.rt_thread_init    thread.o
    0x08004b7a   0x08004b7a   0x00000052   Code   RO         4246    i.rt_thread_resume  thread.o
    0x08004bcc   0x08004bcc   0x0000000c   Code   RO         4247    i.rt_thread_self    thread.o
    0x08004bd8   0x08004bd8   0x00000058   Code   RO         4248    i.rt_thread_sleep   thread.o
    0x08004c30   0x08004c30   0x0000005c   Code   RO         4249    i.rt_thread_startup  thread.o
    0x08004c8c   0x08004c8c   0x00000050   Code   RO         4250    i.rt_thread_suspend  thread.o
    0x08004cdc   0x08004cdc   0x0000004a   Code   RO         4251    i.rt_thread_timeout  thread.o
    0x08004d26   0x08004d26   0x00000002   PAD
    0x08004d28   0x08004d28   0x0000004c   Code   RO         4357    i.rt_thread_timer_entry  timer.o
    0x08004d74   0x08004d74   0x00000060   Code   RO         4252    i.rt_thread_yield   thread.o
    0x08004dd4   0x08004dd4   0x0000000c   Code   RO         3438    i.rt_tick_get       clock.o
    0x08004de0   0x08004de0   0x00000030   Code   RO         3439    i.rt_tick_increase  clock.o
    0x08004e10   0x08004e10   0x0000009c   Code   RO         4358    i.rt_timer_check    timer.o
    0x08004eac   0x08004eac   0x0000004c   Code   RO         4359    i.rt_timer_control  timer.o
    0x08004ef8   0x08004ef8   0x00000032   Code   RO         4362    i.rt_timer_detach   timer.o
    0x08004f2a   0x08004f2a   0x00000040   Code   RO         4363    i.rt_timer_init     timer.o
    0x08004f6a   0x08004f6a   0x0000001c   Code   RO         4364    i.rt_timer_list_next_timeout  timer.o
    0x08004f86   0x08004f86   0x00000002   PAD
    0x08004f88   0x08004f88   0x00000178   Code   RO         4366    i.rt_timer_start    timer.o
    0x08005100   0x08005100   0x00000058   Code   RO         4367    i.rt_timer_stop     timer.o
    0x08005158   0x08005158   0x00000044   Code   RO          141    i.rtthread_startup  app_task.o
    0x0800519c   0x0800519c   0x0000000e   Code   RO         5253    i.serial_rx_ind     portserial.o
    0x080051aa   0x080051aa   0x0000000e   Code   RO         5767    i.serial_rx_ind     portserial_m.o
    0x080051b8   0x080051b8   0x00000020   Code   RO         5254    i.serial_soft_trans_irq  portserial.o
    0x080051d8   0x080051d8   0x00000020   Code   RO         5768    i.serial_soft_trans_irq  portserial_m.o
    0x080051f8   0x080051f8   0x000000cc   Code   RO          357    i.stm32_configure   usart.o
    0x080052c4   0x080052c4   0x0000007c   Code   RO          358    i.stm32_control     usart.o
    0x08005340   0x08005340   0x0000002e   Code   RO          359    i.stm32_getc        usart.o
    0x0800536e   0x0800536e   0x00000002   PAD
    0x08005370   0x08005370   0x00000018   Code   RO          435    i.stm32_hw_pin_init  gpio.o
    0x08005388   0x08005388   0x000000d0   Code   RO          360    i.stm32_hw_usart_init  usart.o
    0x08005458   0x08005458   0x0000005e   Code   RO          436    i.stm32_pin_mode    gpio.o
    0x080054b6   0x080054b6   0x00000030   Code   RO          437    i.stm32_pin_read    gpio.o
    0x080054e6   0x080054e6   0x00000034   Code   RO          438    i.stm32_pin_write   gpio.o
    0x0800551a   0x0800551a   0x00000030   Code   RO          361    i.stm32_putc        usart.o
    0x0800554a   0x0800554a   0x0000001a   Code   RO          142    i.thread_entry_ModbusMasterPoll  app_task.o
    0x08005564   0x08005564   0x00000020   Code   RO          143    i.thread_entry_ModbusSlavePoll  app_task.o
    0x08005584   0x08005584   0x000000b0   Code   RO          144    i.thread_entry_SysMonitor  app_task.o
    0x08005634   0x08005634   0x0000000a   Code   RO         5312    i.timer_timeout_ind  porttimer.o
    0x0800563e   0x0800563e   0x0000000a   Code   RO         5826    i.timer_timeout_ind  porttimer_m.o
    0x08005648   0x08005648   0x0000000c   Code   RO         5388    i.ucMBMasterGetDestAddress  mb_m.o
    0x08005654   0x08005654   0x00000038   Code   RO         5129    i.usMBCRC16         mbcrc.o
    0x0800568c   0x0800568c   0x0000000c   Code   RO         5471    i.usMBMasterGetPDUSndLength  mbrtu_m.o
    0x08005698   0x08005698   0x00000010   Code   RO         5692    i.vMBMasterCBRequestScuuess  portevent_m.o
    0x080056a8   0x080056a8   0x00000018   Code   RO         5693    i.vMBMasterErrorCBExecuteFunction  portevent_m.o
    0x080056c0   0x080056c0   0x00000018   Code   RO         5694    i.vMBMasterErrorCBReceiveData  portevent_m.o
    0x080056d8   0x080056d8   0x00000018   Code   RO         5695    i.vMBMasterErrorCBRespondTimeout  portevent_m.o
    0x080056f0   0x080056f0   0x0000000c   Code   RO         5472    i.vMBMasterGetPDUSndBuf  mbrtu_m.o
    0x080056fc   0x080056fc   0x00000020   Code   RO         5696    i.vMBMasterOsResInit  portevent_m.o
    0x0800571c   0x0800571c   0x00000068   Code   RO         5770    i.vMBMasterPortSerialEnable  portserial_m.o
    0x08005784   0x08005784   0x00000024   Code   RO         5827    i.vMBMasterPortTimersConvertDelayEnable  porttimer_m.o
    0x080057a8   0x080057a8   0x00000010   Code   RO         5828    i.vMBMasterPortTimersDisable  porttimer_m.o
    0x080057b8   0x080057b8   0x00000024   Code   RO         5829    i.vMBMasterPortTimersRespondTimeoutEnable  porttimer_m.o
    0x080057dc   0x080057dc   0x00000034   Code   RO         5830    i.vMBMasterPortTimersT35Enable  porttimer_m.o
    0x08005810   0x08005810   0x00000010   Code   RO         5697    i.vMBMasterRunResRelease  portevent_m.o
    0x08005820   0x08005820   0x0000000c   Code   RO         5389    i.vMBMasterSetCBRunInMasterMode  mb_m.o
    0x0800582c   0x0800582c   0x0000000c   Code   RO         5474    i.vMBMasterSetCurTimerMode  mbrtu_m.o
    0x08005838   0x08005838   0x0000000c   Code   RO         5390    i.vMBMasterSetDestAddress  mb_m.o
    0x08005844   0x08005844   0x0000000c   Code   RO         5391    i.vMBMasterSetErrorType  mb_m.o
    0x08005850   0x08005850   0x0000000c   Code   RO         5475    i.vMBMasterSetPDUSndLength  mbrtu_m.o
    0x0800585c   0x0800585c   0x00000068   Code   RO         5256    i.vMBPortSerialEnable  portserial.o
    0x080058c4   0x080058c4   0x00000010   Code   RO         5313    i.vMBPortTimersDisable  porttimer.o
    0x080058d4   0x080058d4   0x00000010   Code   RO         5314    i.vMBPortTimersEnable  porttimer.o
    0x080058e4   0x080058e4   0x0000005c   Code   RO         5698    i.xMBMasterPortEventGet  portevent_m.o
    0x08005940   0x08005940   0x00000024   Code   RO         5699    i.xMBMasterPortEventInit  portevent_m.o
    0x08005964   0x08005964   0x00000014   Code   RO         5700    i.xMBMasterPortEventPost  portevent_m.o
    0x08005978   0x08005978   0x00000020   Code   RO         5771    i.xMBMasterPortSerialGetByte  portserial_m.o
    0x08005998   0x08005998   0x00000178   Code   RO         5772    i.xMBMasterPortSerialInit  portserial_m.o
    0x08005b10   0x08005b10   0x0000001c   Code   RO         5773    i.xMBMasterPortSerialPutByte  portserial_m.o
    0x08005b2c   0x08005b2c   0x00000048   Code   RO         5831    i.xMBMasterPortTimersInit  porttimer_m.o
    0x08005b74   0x08005b74   0x00000094   Code   RO         5476    i.xMBMasterRTUReceiveFSM  mbrtu_m.o
    0x08005c08   0x08005c08   0x00000094   Code   RO         5477    i.xMBMasterRTUTimerExpired  mbrtu_m.o
    0x08005c9c   0x08005c9c   0x00000090   Code   RO         5478    i.xMBMasterRTUTransmitFSM  mbrtu_m.o
    0x08005d2c   0x08005d2c   0x0000000c   Code   RO         5479    i.xMBMasterRequestIsBroadcast  mbrtu_m.o
    0x08005d38   0x08005d38   0x0000001c   Code   RO         5701    i.xMBMasterRunResTake  portevent_m.o
    0x08005d54   0x08005d54   0x0000004c   Code   RO         5225    i.xMBPortEventGet   portevent.o
    0x08005da0   0x08005da0   0x00000020   Code   RO         5226    i.xMBPortEventInit  portevent.o
    0x08005dc0   0x08005dc0   0x00000014   Code   RO         5227    i.xMBPortEventPost  portevent.o
    0x08005dd4   0x08005dd4   0x00000020   Code   RO         5257    i.xMBPortSerialGetByte  portserial.o
    0x08005df4   0x08005df4   0x00000170   Code   RO         5258    i.xMBPortSerialInit  portserial.o
    0x08005f64   0x08005f64   0x0000001c   Code   RO         5259    i.xMBPortSerialPutByte  portserial.o
    0x08005f80   0x08005f80   0x0000003c   Code   RO         5315    i.xMBPortTimersInit  porttimer.o
    0x08005fbc   0x08005fbc   0x00000088   Code   RO         5151    i.xMBRTUReceiveFSM  mbrtu.o
    0x08006044   0x08006044   0x00000040   Code   RO         5152    i.xMBRTUTimerT35Expired  mbrtu.o
    0x08006084   0x08006084   0x0000006c   Code   RO         5153    i.xMBRTUTransmitFSM  mbrtu.o
    0x080060f0   0x080060f0   0x0000002a   Code   RO         5106    i.xMBUtilGetBits    mbutils.o
    0x0800611a   0x0800611a   0x00000060   Code   RO         5107    i.xMBUtilSetBits    mbutils.o
    0x0800617a   0x0800617a   0x00000002   PAD
    0x0800617c   0x0800617c   0x0000001c   Data   RO          363    .constdata          usart.o
    0x08006198   0x08006198   0x0000002c   Data   RO          439    .constdata          gpio.o
    0x080061c4   0x080061c4   0x00000122   Data   RO         3842    .constdata          kservice.o
    0x080062e6   0x080062e6   0x00000200   Data   RO         5130    .constdata          mbcrc.o
    0x080064e6   0x080064e6   0x00000002   PAD
    0x080064e8   0x080064e8   0x00000020   Data   RO         6071    Region$$Table       anon$$obj.o


    Execution Region RW_IRAM1 (Exec base: 0x20000000, Load base: 0x08006508, Size: 0x00003f08, Max: 0x00005000, ABSOLUTE, COMPRESSED[0x000000c4])

    Exec Addr    Load Addr    Size         Type   Attr      Idx    E Section Name        Object

    0x20000000   COMPRESSED   0x00000002   Data   RW          146    .data               app_task.o
    0x20000002   COMPRESSED   0x00000002   PAD
    0x20000004   COMPRESSED   0x00000010   Data   RW          322    .data               cpuport.o
    0x20000014   COMPRESSED   0x00000018   Data   RW          364    .data               usart.o
    0x2000002c   COMPRESSED   0x00000014   Data   RW         2003    .data               stm32f10x_rcc.o
    0x20000040   COMPRESSED   0x00000004   Data   RW         3441    .data               clock.o
    0x20000044   COMPRESSED   0x00000008   Data   RW         3477    .data               cpuusage.o
    0x2000004c   COMPRESSED   0x00000004   Data   RW         3584    .data               idle.o
    0x20000050   COMPRESSED   0x00000001   Data   RW         3794    .data               irq.o
    0x20000051   COMPRESSED   0x00000003   PAD
    0x20000054   COMPRESSED   0x00000004   Data   RW         3843    .data               kservice.o
    0x20000058   COMPRESSED   0x00000020   Data   RW         3980    .data               mem.o
    0x20000078   COMPRESSED   0x00000074   Data   RW         4065    .data               object.o
    0x200000ec   COMPRESSED   0x0000001c   Data   RW         4163    .data               scheduler.o
    0x20000108   COMPRESSED   0x00000018   Data   RW         4370    .data               timer.o
    0x20000120   COMPRESSED   0x000000b5   Data   RW         4951    .data               mb.o
    0x200001d5   COMPRESSED   0x00000001   PAD
    0x200001d6   COMPRESSED   0x00000002   Data   RW         5087    .data               mbfuncother.o
    0x200001d8   COMPRESSED   0x0000000c   Data   RW         5155    .data               mbrtu.o
    0x200001e4   COMPRESSED   0x00000004   Data   RW         5261    .data               portserial.o
    0x200001e8   COMPRESSED   0x00000012   Data   RW         5352    .data               user_mb_app.o
    0x200001fa   COMPRESSED   0x00000002   PAD
    0x200001fc   COMPRESSED   0x000000b5   Data   RW         5393    .data               mb_m.o
    0x200002b1   COMPRESSED   0x00000003   PAD
    0x200002b4   COMPRESSED   0x0000000e   Data   RW         5481    .data               mbrtu_m.o
    0x200002c2   COMPRESSED   0x00000002   PAD
    0x200002c4   COMPRESSED   0x00000004   Data   RW         5775    .data               portserial_m.o
    0x200002c8   COMPRESSED   0x00000002   Data   RW         5833    .data               porttimer_m.o
    0x200002ca   COMPRESSED   0x00000008   Data   RW         5879    .data               user_mb_app_m.o
    0x200002d2   COMPRESSED   0x00000006   PAD
    0x200002d8        -       0x000009d8   Zero   RW          145    .bss                app_task.o
    0x20000cb0        -       0x0000012c   Zero   RW          362    .bss                usart.o
    0x20000ddc   COMPRESSED   0x00000004   PAD
    0x20000de0        -       0x000001a0   Zero   RW         3583    .bss                idle.o
    0x20000f80        -       0x00000030   Zero   RW         3979    .bss                mem.o
    0x20000fb0        -       0x00000100   Zero   RW         4162    .bss                scheduler.o
    0x200010b0        -       0x000002a0   Zero   RW         4369    .bss                timer.o
    0x20001350        -       0x00000054   Zero   RW         4905    .bss                pin.o
    0x200013a4        -       0x00000020   Zero   RW         5086    .bss                mbfuncother.o
    0x200013c4        -       0x00000100   Zero   RW         5154    .bss                mbrtu.o
    0x200014c4        -       0x00000030   Zero   RW         5228    .bss                portevent.o
    0x200014f4   COMPRESSED   0x00000004   PAD
    0x200014f8        -       0x000002d0   Zero   RW         5260    .bss                portserial.o
    0x200017c8        -       0x0000003c   Zero   RW         5316    .bss                porttimer.o
    0x20001804        -       0x00000190   Zero   RW         5351    .bss                user_mb_app.o
    0x20001994        -       0x000001fd   Zero   RW         5480    .bss                mbrtu_m.o
    0x20001b91   COMPRESSED   0x00000003   PAD
    0x20001b94        -       0x00000060   Zero   RW         5702    .bss                portevent_m.o
    0x20001bf4   COMPRESSED   0x00000004   PAD
    0x20001bf8        -       0x000002d0   Zero   RW         5774    .bss                portserial_m.o
    0x20001ec8        -       0x0000003c   Zero   RW         5832    .bss                porttimer_m.o
    0x20001f04        -       0x000019a0   Zero   RW         5878    .bss                user_mb_app_m.o
    0x200038a4        -       0x00000060   Zero   RW         5945    .bss                c_w.l(libspace.o)
    0x20003904   COMPRESSED   0x00000004   PAD
    0x20003908        -       0x00000200   Zero   RW         3386    HEAP                startup_stm32f10x_md.o
    0x20003b08        -       0x00000400   Zero   RW         3385    STACK               startup_stm32f10x_md.o


==============================================================================

Image component sizes


      Code (inc. data)   RO Data    RW Data    ZI Data      Debug   Object Name

        20          0          0          0          0     245113   app.o
       494        108          0          2       2520       3916   app_task.o
       314         20          0          0          0      19047   bsp.o
        62         12          0          4          0       1631   clock.o
       358          0          0          0          0       4303   completion.o
       240         26          0          0          0        824   context_rvds.o
       112         10          0         16          0       3146   cpuport.o
       272         28          0          8          0       2421   cpuusage.o
       854          0          0          0          0       8531   dataqueue.o
       200          8          0          0          0       2633   device.o
       242         14         44          0          0       3762   gpio.o
       276         36          0          4        416       4235   idle.o
      1224         28          0          0          0       9497   ipc.o
        84         18          0          1          0       2054   irq.o
       282         10        290          4          0       6548   kservice.o
       564        122          0        181          0       4819   mb.o
       796        142          0        181          0       7630   mb_m.o
        56          8        512          0          0       1248   mbcrc.o
       430          0          0          0          0       3822   mbfunccoils.o
       530          0          0          0          0       5128   mbfunccoils_m.o
       172          0          0          0          0       1628   mbfuncdisc.o
       150          0          0          0          0       1726   mbfuncdisc_m.o
       530          0          0          0          0       5067   mbfuncholding.o
       460          0          0          0          0       5659   mbfuncholding_m.o
       140          0          0          0          0       1583   mbfuncinput.o
       114          0          0          0          0       1701   mbfuncinput_m.o
        40         10          0          2         32       1419   mbfuncother.o
       680         72          0         12        256       6251   mbrtu.o
       880        130          0         14        509       9257   mbrtu_m.o
       172          0          0          0          0       2638   mbutils.o
      1244         96          0         32         48       4684   mem.o
       172         20          0          0          0       2252   misc.o
       320         18          0        116          0       5739   object.o
       330         34          0          0         84       5106   pin.o
        16          0          0          0          0        957   port.o
       128         24          0          0         48       2228   portevent.o
       380         82          0          0         96       7116   portevent_m.o
       610         96          0          4        720       5586   portserial.o
       618        104          0          4        720       5658   portserial_m.o
       118         40          0          0         60       2709   porttimer.o
       238         58          0          2         60       3968   porttimer_m.o
       654         96          0         28        256       7226   scheduler.o
      2010         26          0          0          0      13399   serial.o
        64         26        236          0       1536        916   startup_stm32f10x_md.o
       304          0          0          0          0       3876   stm32f10x_gpio.o
        26          0          0          0          0       3057   stm32f10x_it.o
        16          6          0          0          0        513   stm32f10x_iwdg.o
       332         44          0         20          0       5825   stm32f10x_rcc.o
       454          6          0          0          0       6014   stm32f10x_usart.o
       328         28          0          0          0       2269   system_stm32f10x.o
       894         38          0          0          0       9243   thread.o
      1318         80          0         24        672      11671   timer.o
      1136         96         28         24        300      28121   usart.o
       800         34          0         18        400       4719   user_mb_app.o
       848         34          0          8       6560       4907   user_mb_app_m.o

    ----------------------------------------------------------------------
     24142       1888       1144        724      15312     524996   Object Totals
         0          0         32          0          0          0   (incl. Generated)
        36          0          2         15         19          0   (incl. Padding)

    ----------------------------------------------------------------------

      Code (inc. data)   RO Data    RW Data    ZI Data      Debug   Library Member Name

        90          0          0          0          0          0   __dczerorl2.o
         8          0          0          0          0         68   __main.o
         0          0          0          0          0          0   __rtentry.o
        12          0          0          0          0          0   __rtentry2.o
         6          0          0          0          0          0   __rtentry4.o
        52          8          0          0          0          0   __scatter.o
        28          0          0          0          0          0   __scatter_zi.o
        18          0          0          0          0         80   exit.o
         6          0          0          0          0        152   heapauxi.o
         0          0          0          0          0          0   indicate_semi.o
         2          0          0          0          0          0   libinit.o
         2          0          0          0          0          0   libinit2.o
         2          0          0          0          0          0   libshutdown.o
         2          0          0          0          0          0   libshutdown2.o
         8          4          0          0         96         68   libspace.o
       138          0          0          0          0         68   rt_memcpy_v6.o
       100          0          0          0          0         80   rt_memcpy_w.o
         2          0          0          0          0          0   rtexit.o
        10          0          0          0          0          0   rtexit2.o
        12          4          0          0          0         68   sys_exit.o
        74          0          0          0          0         80   sys_stackheap_outer.o
         2          0          0          0          0         68   use_no_semi.o

    ----------------------------------------------------------------------
       578         16          0          0        100        732   Library Totals
         4          0          0          0          4          0   (incl. Padding)

    ----------------------------------------------------------------------

      Code (inc. data)   RO Data    RW Data    ZI Data      Debug   Library Name

       574         16          0          0         96        732   c_w.l

    ----------------------------------------------------------------------
       578         16          0          0        100        732   Library Totals

    ----------------------------------------------------------------------

==============================================================================


      Code (inc. data)   RO Data    RW Data    ZI Data      Debug   

     24720       1904       1144        724      15412     511008   Grand Totals
     24720       1904       1144        196      15412     511008   ELF Image Totals (compressed)
     24720       1904       1144        196          0          0   ROM Totals

==============================================================================

    Total RO  Size (Code + RO Data)                25864 (  25.26kB)
    Total RW  Size (RW Data + ZI Data)             16136 (  15.76kB)
    Total ROM Size (Code + RO Data + RW Data)      26060 (  25.45kB)

==============================================================================

